Component: ARM Compiler 5.06 update 6 (build 750) Tool: armlink [4d35ed]

==============================================================================

Section Cross References

    startup_stm32f407xx.o(RESET) refers to startup_stm32f407xx.o(STACK) for __initial_sp
    startup_stm32f407xx.o(RESET) refers to startup_stm32f407xx.o(.text) for Reset_Handler
    startup_stm32f407xx.o(RESET) refers to stm32f4xx_it.o(i.NMI_Handler) for NMI_Handler
    startup_stm32f407xx.o(RESET) refers to context_rvds.o(.text) for HardFault_Handler
    startup_stm32f407xx.o(RESET) refers to stm32f4xx_it.o(i.MemManage_Handler) for MemManage_Handler
    startup_stm32f407xx.o(RESET) refers to stm32f4xx_it.o(i.BusFault_Handler) for BusFault_Handler
    startup_stm32f407xx.o(RESET) refers to stm32f4xx_it.o(i.UsageFault_Handler) for UsageFault_Handler
    startup_stm32f407xx.o(RESET) refers to stm32f4xx_it.o(i.SVC_Handler) for SVC_Handler
    startup_stm32f407xx.o(RESET) refers to stm32f4xx_it.o(i.DebugMon_Handler) for DebugMon_Handler
    startup_stm32f407xx.o(RESET) refers to board_init.o(i.SysTick_Handler) for SysTick_Handler
    startup_stm32f407xx.o(RESET) refers to stm32f4xx_it.o(i.EXTI0_IRQHandler) for EXTI0_IRQHandler
    startup_stm32f407xx.o(RESET) refers to stm32f4xx_it.o(i.ADC_IRQHandler) for ADC_IRQHandler
    startup_stm32f407xx.o(.text) refers to system_stm32f4xx.o(i.SystemInit) for SystemInit
    startup_stm32f407xx.o(.text) refers to entry.o(.ARM.Collect$$$$00000000) for __main
    system_stm32f4xx.o(i.SystemCoreClockUpdate) refers to system_stm32f4xx.o(.data) for SystemCoreClock
    system_stm32f4xx.o(i.SystemCoreClockUpdate) refers to system_stm32f4xx.o(.constdata) for AHBPrescTable
    stm32f4xx_hal.o(i.HAL_DeInit) refers to stm32f4xx_hal_msp_template.o(i.HAL_MspDeInit) for HAL_MspDeInit
    stm32f4xx_hal.o(i.HAL_Delay) refers to stm32f4xx_hal.o(i.HAL_GetTick) for HAL_GetTick
    stm32f4xx_hal.o(i.HAL_Delay) refers to stm32f4xx_hal.o(.data) for uwTickFreq
    stm32f4xx_hal.o(i.HAL_GetTick) refers to stm32f4xx_hal.o(.data) for uwTick
    stm32f4xx_hal.o(i.HAL_GetTickFreq) refers to stm32f4xx_hal.o(.data) for uwTickFreq
    stm32f4xx_hal.o(i.HAL_GetTickPrio) refers to stm32f4xx_hal.o(.data) for uwTickPrio
    stm32f4xx_hal.o(i.HAL_IncTick) refers to stm32f4xx_hal.o(.data) for uwTick
    stm32f4xx_hal.o(i.HAL_Init) refers to stm32f4xx_hal_cortex.o(i.HAL_NVIC_SetPriorityGrouping) for HAL_NVIC_SetPriorityGrouping
    stm32f4xx_hal.o(i.HAL_Init) refers to stm32f4xx_hal.o(i.HAL_InitTick) for HAL_InitTick
    stm32f4xx_hal.o(i.HAL_Init) refers to stm32f4xx_hal_msp_template.o(i.HAL_MspInit) for HAL_MspInit
    stm32f4xx_hal.o(i.HAL_InitTick) refers to stm32f4xx_hal_cortex.o(i.HAL_SYSTICK_Config) for HAL_SYSTICK_Config
    stm32f4xx_hal.o(i.HAL_InitTick) refers to stm32f4xx_hal_cortex.o(i.HAL_NVIC_SetPriority) for HAL_NVIC_SetPriority
    stm32f4xx_hal.o(i.HAL_InitTick) refers to stm32f4xx_hal.o(.data) for uwTickFreq
    stm32f4xx_hal.o(i.HAL_InitTick) refers to system_stm32f4xx.o(.data) for SystemCoreClock
    stm32f4xx_hal.o(i.HAL_SetTickFreq) refers to stm32f4xx_hal.o(i.HAL_InitTick) for HAL_InitTick
    stm32f4xx_hal.o(i.HAL_SetTickFreq) refers to stm32f4xx_hal.o(.data) for uwTickFreq
    stm32f4xx_hal_adc.o(i.ADC_DMAConvCplt) refers to bsp_adc.o(i.HAL_ADC_ConvCpltCallback) for HAL_ADC_ConvCpltCallback
    stm32f4xx_hal_adc.o(i.ADC_DMAConvCplt) refers to stm32f4xx_hal_adc.o(i.HAL_ADC_ErrorCallback) for HAL_ADC_ErrorCallback
    stm32f4xx_hal_adc.o(i.ADC_DMAError) refers to stm32f4xx_hal_adc.o(i.HAL_ADC_ErrorCallback) for HAL_ADC_ErrorCallback
    stm32f4xx_hal_adc.o(i.ADC_DMAHalfConvCplt) refers to stm32f4xx_hal_adc.o(i.HAL_ADC_ConvHalfCpltCallback) for HAL_ADC_ConvHalfCpltCallback
    stm32f4xx_hal_adc.o(i.HAL_ADC_ConfigChannel) refers to system_stm32f4xx.o(.data) for SystemCoreClock
    stm32f4xx_hal_adc.o(i.HAL_ADC_DeInit) refers to stm32f4xx_hal_adc.o(i.HAL_ADC_MspDeInit) for HAL_ADC_MspDeInit
    stm32f4xx_hal_adc.o(i.HAL_ADC_IRQHandler) refers to bsp_adc.o(i.HAL_ADC_ConvCpltCallback) for HAL_ADC_ConvCpltCallback
    stm32f4xx_hal_adc.o(i.HAL_ADC_IRQHandler) refers to stm32f4xx_hal_adc_ex.o(i.HAL_ADCEx_InjectedConvCpltCallback) for HAL_ADCEx_InjectedConvCpltCallback
    stm32f4xx_hal_adc.o(i.HAL_ADC_IRQHandler) refers to stm32f4xx_hal_adc.o(i.HAL_ADC_LevelOutOfWindowCallback) for HAL_ADC_LevelOutOfWindowCallback
    stm32f4xx_hal_adc.o(i.HAL_ADC_IRQHandler) refers to stm32f4xx_hal_adc.o(i.HAL_ADC_ErrorCallback) for HAL_ADC_ErrorCallback
    stm32f4xx_hal_adc.o(i.HAL_ADC_Init) refers to stm32f4xx_hal_adc.o(i.HAL_ADC_MspInit) for HAL_ADC_MspInit
    stm32f4xx_hal_adc.o(i.HAL_ADC_Init) refers to stm32f4xx_hal_adc.o(i.ADC_Init) for ADC_Init
    stm32f4xx_hal_adc.o(i.HAL_ADC_PollForConversion) refers to stm32f4xx_hal.o(i.HAL_GetTick) for HAL_GetTick
    stm32f4xx_hal_adc.o(i.HAL_ADC_PollForEvent) refers to stm32f4xx_hal.o(i.HAL_GetTick) for HAL_GetTick
[...]
    ..\\Libraries\\STM32F4xx_HAL_Driver\\Src\\stm32f4xx_hal_smbus.c 0x00000000   Number         0  stm32f4xx_hal_smbus.o ABSOLUTE
    ..\\Libraries\\STM32F4xx_HAL_Driver\\Src\\stm32f4xx_hal_spdifrx.c 0x00000000   Number         0  stm32f4xx_hal_spdifrx.o ABSOLUTE
    ..\\Libraries\\STM32F4xx_HAL_Driver\\Src\\stm32f4xx_hal_spi.c 0x00000000   Number         0  stm32f4xx_hal_spi.o ABSOLUTE
    ..\\Libraries\\STM32F4xx_HAL_Driver\\Src\\stm32f4xx_hal_sram.c 0x00000000   Number         0  stm32f4xx_hal_sram.o ABSOLUTE
    ..\\Libraries\\STM32F4xx_HAL_Driver\\Src\\stm32f4xx_hal_tim.c 0x00000000   Number         0  stm32f4xx_hal_tim.o ABSOLUTE
    ..\\Libraries\\STM32F4xx_HAL_Driver\\Src\\stm32f4xx_hal_tim_ex.c 0x00000000   Number         0  stm32f4xx_hal_tim_ex.o ABSOLUTE
    ..\\Libraries\\STM32F4xx_HAL_Driver\\Src\\stm32f4xx_hal_uart.c 0x00000000   Number         0  stm32f4xx_hal_uart.o ABSOLUTE
    ..\\Libraries\\STM32F4xx_HAL_Driver\\Src\\stm32f4xx_hal_usart.c 0x00000000   Number         0  stm32f4xx_hal_usart.o ABSOLUTE
    ..\\Libraries\\STM32F4xx_HAL_Driver\\Src\\stm32f4xx_hal_wwdg.c 0x00000000   Number         0  stm32f4xx_hal_wwdg.o ABSOLUTE
    ..\\Libraries\\STM32F4xx_HAL_Driver\\Src\\stm32f4xx_ll_fmc.c 0x00000000   Number         0  stm32f4xx_ll_fmc.o ABSOLUTE
    ..\\Libraries\\STM32F4xx_HAL_Driver\\Src\\stm32f4xx_ll_fsmc.c 0x00000000   Number         0  stm32f4xx_ll_fsmc.o ABSOLUTE
    ..\\Libraries\\STM32F4xx_HAL_Driver\\Src\\stm32f4xx_ll_sdmmc.c 0x00000000   Number         0  stm32f4xx_ll_sdmmc.o ABSOLUTE
    ..\\Libraries\\STM32F4xx_HAL_Driver\\Src\\stm32f4xx_ll_usb.c 0x00000000   Number         0  stm32f4xx_ll_usb.o ABSOLUTE
    ..\\Libraries\\STM32F4xx_HAL_Driver\\Src\\stm32f4xx_ll_utils.c 0x00000000   Number         0  stm32f4xx_ll_utils.o ABSOLUTE
    ..\\User\\adc\\bsp_adc.c                 0x00000000   Number         0  bsp_adc.o ABSOLUTE
    ..\\User\\board_init.c                   0x00000000   Number         0  board_init.o ABSOLUTE
    ..\\User\\key\\bsp_key.c                 0x00000000   Number         0  bsp_key.o ABSOLUTE
    ..\\User\\led\\bsp_led.c                 0x00000000   Number         0  bsp_led.o ABSOLUTE
    ..\\User\\main.c                         0x00000000   Number         0  main.o ABSOLUTE
    ..\\User\\stm32f4xx_it.c                 0x00000000   Number         0  stm32f4xx_it.o ABSOLUTE
    ..\\User\\usart\\bsp_debug_usart.c       0x00000000   Number         0  bsp_debug_usart.o ABSOLUTE
    ..\rtthread\3.0.3\libcpu\arm\cortex-m4\context_rvds.S 0x00000000   Number         0  context_rvds.o ABSOLUTE
    ..\rtthread\3.0.3\libcpu\arm\cortex-m4\cpuport.c 0x00000000   Number         0  cpuport.o ABSOLUTE
    ..\rtthread\3.0.3\src\clock.c            0x00000000   Number         0  clock.o ABSOLUTE
    ..\rtthread\3.0.3\src\components.c       0x00000000   Number         0  components.o ABSOLUTE
    ..\rtthread\3.0.3\src\device.c           0x00000000   Number         0  device.o ABSOLUTE
    ..\rtthread\3.0.3\src\idle.c             0x00000000   Number         0  idle.o ABSOLUTE
    ..\rtthread\3.0.3\src\ipc.c              0x00000000   Number         0  ipc.o ABSOLUTE
    ..\rtthread\3.0.3\src\irq.c              0x00000000   Number         0  irq.o ABSOLUTE
    ..\rtthread\3.0.3\src\kservice.c         0x00000000   Number         0  kservice.o ABSOLUTE
    ..\rtthread\3.0.3\src\mem.c              0x00000000   Number         0  mem.o ABSOLUTE
    ..\rtthread\3.0.3\src\memheap.c          0x00000000   Number         0  memheap.o ABSOLUTE
    ..\rtthread\3.0.3\src\mempool.c          0x00000000   Number         0  mempool.o ABSOLUTE
    ..\rtthread\3.0.3\src\object.c           0x00000000   Number         0  object.o ABSOLUTE
    ..\rtthread\3.0.3\src\scheduler.c        0x00000000   Number         0  scheduler.o ABSOLUTE
    ..\rtthread\3.0.3\src\signal.c           0x00000000   Number         0  signal.o ABSOLUTE
    ..\rtthread\3.0.3\src\thread.c           0x00000000   Number         0  thread.o ABSOLUTE
    ..\rtthread\3.0.3\src\timer.c            0x00000000   Number         0  timer.o ABSOLUTE
    cdrcmple.s                               0x00000000   Number         0  cdrcmple.o ABSOLUTE
    dc.s                                     0x00000000   Number         0  dc.o ABSOLUTE
    handlers.s                               0x00000000   Number         0  handlers.o ABSOLUTE
    init.s                                   0x00000000   Number         0  init.o ABSOLUTE
    RESET                                    0x08000000   Section      392  startup_stm32f407xx.o(RESET)
    .ARM.Collect$$$$00000000                 0x08000188   Section        0  entry.o(.ARM.Collect$$$$00000000)
    .ARM.Collect$$$$00000001                 0x08000188   Section        4  entry2.o(.ARM.Collect$$$$00000001)
    .ARM.Collect$$$$00000004                 0x0800018c   Section        4  entry5.o(.ARM.Collect$$$$00000004)
    .ARM.Collect$$$$00000008                 0x08000190   Section        0  entry7b.o(.ARM.Collect$$$$00000008)
    .ARM.Collect$$$$0000000A                 0x08000190   Section        0  entry8b.o(.ARM.Collect$$$$0000000A)
    .ARM.Collect$$$$0000000B                 0x08000190   Section        8  entry9a.o(.ARM.Collect$$$$0000000B)
    .ARM.Collect$$$$0000000D                 0x08000198   Section        0  entry10a.o(.ARM.Collect$$$$0000000D)
    .ARM.Collect$$$$0000000F                 0x08000198   Section        0  entry11a.o(.ARM.Collect$$$$0000000F)
    .ARM.Collect$$$$00002712                 0x08000198   Section        4  entry2.o(.ARM.Collect$$$$00002712)
    __lit__00000000                          0x08000198   Data           4  entry2.o(.ARM.Collect$$$$00002712)
    .text                                    0x0800019c   Section       36  startup_stm32f407xx.o(.text)
    $v0                                      0x0800019c   Number         0  startup_stm32f407xx.o(.text)
    .text                                    0x080001c0   Section      272  context_rvds.o(.text)
    $v0                                      0x080001c0   Number         0  context_rvds.o(.text)
    .text                                    0x080002d0   Section        0  uldiv.o(.text)
    .text                                    0x08000332   Section        0  f2d.o(.text)
    .text                                    0x08000358   Section        0  uidiv.o(.text)
    .text                                    0x08000384   Section        0  llshl.o(.text)
    .text                                    0x080003a2   Section        0  llushr.o(.text)
    .text                                    0x080003c2   Section        0  dadd.o(.text)
    .text                                    0x080003c2   Section        0  iusefp.o(.text)
    .text                                    0x08000510   Section        0  dmul.o(.text)
    .text                                    0x080005f4   Section        0  ddiv.o(.text)
    .text                                    0x080006d2   Section        0  dfixul.o(.text)
    .text                                    0x08000704   Section       48  cdrcmple.o(.text)
    .text                                    0x08000734   Section       36  init.o(.text)
    .text                                    0x08000758   Section        0  llsshr.o(.text)
    .text                                    0x0800077c   Section        0  depilogue.o(.text)
    i.$Sub$$main                             0x08000836   Section        0  components.o(i.$Sub$$main)
    i.ADC_IRQHandler                         0x08000844   Section        0  stm32f4xx_it.o(i.ADC_IRQHandler)
    i.ADC_Init                               0x08000854   Section        0  stm32f4xx_hal_adc.o(i.ADC_Init)
    ADC_Init                                 0x08000855   Thumb Code   344  stm32f4xx_hal_adc.o(i.ADC_Init)
    i.BusFault_Handler                       0x080009b4   Section        0  stm32f4xx_it.o(i.BusFault_Handler)
    i.DEBUG_USART_Config                     0x080009b8   Section        0  bsp_debug_usart.o(i.DEBUG_USART_Config)
    i.DebugMon_Handler                       0x080009f4   Section        0  stm32f4xx_it.o(i.DebugMon_Handler)
    i.EXTI0_IRQHandler                       0x080009f6   Section        0  stm32f4xx_it.o(i.EXTI0_IRQHandler)
    i.HAL_ADCEx_InjectedConvCpltCallback     0x080009f8   Section        0  stm32f4xx_hal_adc_ex.o(i.HAL_ADCEx_InjectedConvCpltCallback)
    i.HAL_ADC_ConfigChannel                  0x080009fc   Section        0  stm32f4xx_hal_adc.o(i.HAL_ADC_ConfigChannel)
    i.HAL_ADC_ConvCpltCallback               0x08000b88   Section        0  bsp_adc.o(i.HAL_ADC_ConvCpltCallback)
    i.HAL_ADC_ErrorCallback                  0x08000b9c   Section        0  stm32f4xx_hal_adc.o(i.HAL_ADC_ErrorCallback)
    i.HAL_ADC_GetValue                       0x08000b9e   Section        0  stm32f4xx_hal_adc.o(i.HAL_ADC_GetValue)
    i.HAL_ADC_IRQHandler                     0x08000ba6   Section        0  stm32f4xx_hal_adc.o(i.HAL_ADC_IRQHandler)
    i.HAL_ADC_Init                           0x08000d1c   Section        0  stm32f4xx_hal_adc.o(i.HAL_ADC_Init)
    i.HAL_ADC_LevelOutOfWindowCallback       0x08000d84   Section        0  stm32f4xx_hal_adc.o(i.HAL_ADC_LevelOutOfWindowCallback)
    i.HAL_ADC_MspInit                        0x08000d86   Section        0  stm32f4xx_hal_adc.o(i.HAL_ADC_MspInit)
    i.HAL_ADC_Start_IT                       0x08000d88   Section        0  stm32f4xx_hal_adc.o(i.HAL_ADC_Start_IT)
    i.HAL_GPIO_Init                          0x08000ed4   Section        0  stm32f4xx_hal_gpio.o(i.HAL_GPIO_Init)
    i.HAL_GPIO_ReadPin                       0x080010d4   Section        0  stm32f4xx_hal_gpio.o(i.HAL_GPIO_ReadPin)
    i.HAL_GetREVID                           0x080010e4   Section        0  stm32f4xx_hal.o(i.HAL_GetREVID)
    i.HAL_GetTick                            0x080010f0   Section        0  stm32f4xx_hal.o(i.HAL_GetTick)
    i.HAL_InitTick                           0x080010fc   Section        0  stm32f4xx_hal.o(i.HAL_InitTick)
    i.HAL_NVIC_EnableIRQ                     0x08001148   Section        0  stm32f4xx_hal_cortex.o(i.HAL_NVIC_EnableIRQ)
    i.HAL_NVIC_SetPriority                   0x08001168   Section        0  stm32f4xx_hal_cortex.o(i.HAL_NVIC_SetPriority)
    i.HAL_RCC_ClockConfig                    0x080011e4   Section        0  stm32f4xx_hal_rcc.o(i.HAL_RCC_ClockConfig)
    i.HAL_RCC_GetHCLKFreq                    0x08001364   Section        0  stm32f4xx_hal_rcc.o(i.HAL_RCC_GetHCLKFreq)
    i.HAL_RCC_GetPCLK1Freq                   0x08001370   Section        0  stm32f4xx_hal_rcc.o(i.HAL_RCC_GetPCLK1Freq)
    i.HAL_RCC_GetPCLK2Freq                   0x08001390   Section        0  stm32f4xx_hal_rcc.o(i.HAL_RCC_GetPCLK2Freq)
    i.HAL_RCC_GetSysClockFreq                0x080013b0   Section        0  stm32f4xx_hal_rcc.o(i.HAL_RCC_GetSysClockFreq)
    i.HAL_RCC_OscConfig                      0x08001460   Section        0  stm32f4xx_hal_rcc.o(i.HAL_RCC_OscConfig)
    i.HAL_SYSTICK_Config                     0x080018a8   Section        0  stm32f4xx_hal_cortex.o(i.HAL_SYSTICK_Config)
    i.HAL_UART_Init                          0x080018dc   Section        0  stm32f4xx_hal_uart.o(i.HAL_UART_Init)
    i.HAL_UART_MspInit                       0x08001950   Section        0  bsp_debug_usart.o(i.HAL_UART_MspInit)
    i.HAL_UART_Transmit                      0x08001a00   Section        0  stm32f4xx_hal_uart.o(i.HAL_UART_Transmit)
    i.Key_GPIO_Config                        0x08001ad8   Section        0  bsp_key.o(i.Key_GPIO_Config)
    i.Key_Scan                               0x08001bcc   Section        0  bsp_key.o(i.Key_Scan)
    i.LED_GPIO_Config                        0x08001bf4   Section        0  bsp_led.o(i.LED_GPIO_Config)
    i.MemManage_Handler                      0x08001ce8   Section        0  stm32f4xx_it.o(i.MemManage_Handler)
    i.NMI_Handler                            0x08001cec   Section        0  stm32f4xx_it.o(i.NMI_Handler)
    i.Rheostat_ADC_GPIO_Config               0x08001cf0   Section        0  bsp_adc.o(i.Rheostat_ADC_GPIO_Config)
    Rheostat_ADC_GPIO_Config                 0x08001cf1   Thumb Code    60  bsp_adc.o(i.Rheostat_ADC_GPIO_Config)
    i.Rheostat_ADC_Mode_Config               0x08001d34   Section        0  bsp_adc.o(i.Rheostat_ADC_Mode_Config)
    Rheostat_ADC_Mode_Config                 0x08001d35   Thumb Code   118  bsp_adc.o(i.Rheostat_ADC_Mode_Config)
    i.Rheostat_ADC_NVIC_Config               0x08001dbc   Section        0  bsp_adc.o(i.Rheostat_ADC_NVIC_Config)
    Rheostat_ADC_NVIC_Config                 0x08001dbd   Thumb Code    20  bsp_adc.o(i.Rheostat_ADC_NVIC_Config)
    i.Rheostat_Init                          0x08001dd0   Section        0  bsp_adc.o(i.Rheostat_Init)
    i.SVC_Handler                            0x08001de0   Section        0  stm32f4xx_it.o(i.SVC_Handler)
    i.SysTick_Handler                        0x08001de2   Section        0  board_init.o(i.SysTick_Handler)
    i.SystemClock_Config                     0x08001df4   Section        0  board_init.o(i.SystemClock_Config)
    i.SystemInit                             0x08001eb4   Section        0  system_stm32f4xx.o(i.SystemInit)
    i.UART_SetConfig                         0x08001f18   Section        0  stm32f4xx_hal_uart.o(i.UART_SetConfig)
    UART_SetConfig                           0x08001f19   Thumb Code   864  stm32f4xx_hal_uart.o(i.UART_SetConfig)
    i.UART_WaitOnFlagUntilTimeout            0x08002280   Section        0  stm32f4xx_hal_uart.o(i.UART_WaitOnFlagUntilTimeout)
    UART_WaitOnFlagUntilTimeout              0x08002281   Thumb Code   108  stm32f4xx_hal_uart.o(i.UART_WaitOnFlagUntilTimeout)
    i.UsageFault_Handler                     0x080022ec   Section        0  stm32f4xx_it.o(i.UsageFault_Handler)
    i.__0printf                              0x080022f0   Section        0  printfa.o(i.__0printf)
    i.__NVIC_GetPriorityGrouping             0x08002310   Section        0  stm32f4xx_hal_cortex.o(i.__NVIC_GetPriorityGrouping)
    __NVIC_GetPriorityGrouping               0x08002311   Thumb Code    10  stm32f4xx_hal_cortex.o(i.__NVIC_GetPriorityGrouping)
    i.__NVIC_SetPriority                     0x08002320   Section        0  stm32f4xx_hal_cortex.o(i.__NVIC_SetPriority)
    __NVIC_SetPriority                       0x08002321   Thumb Code    32  stm32f4xx_hal_cortex.o(i.__NVIC_SetPriority)
    i.__rt_ffs                               0x08002348   Section        0  kservice.o(i.__rt_ffs)
    i.__scatterload_copy                     0x08002394   Section       14  handlers.o(i.__scatterload_copy)
    i.__scatterload_null                     0x080023a2   Section        2  handlers.o(i.__scatterload_null)
    i.__scatterload_zeroinit                 0x080023a4   Section       14  handlers.o(i.__scatterload_zeroinit)
    i._fp_digits                             0x080023b4   Section        0  printfa.o(i._fp_digits)
    _fp_digits                               0x080023b5   Thumb Code   366  printfa.o(i._fp_digits)
    i._has_defunct_thread                    0x08002538   Section        0  idle.o(i._has_defunct_thread)
    _has_defunct_thread                      0x08002539   Thumb Code    16  idle.o(i._has_defunct_thread)
    i._printf_core                           0x0800254c   Section        0  printfa.o(i._printf_core)
    _printf_core                             0x0800254d   Thumb Code  1744  printfa.o(i._printf_core)
    i._printf_post_padding                   0x08002c28   Section        0  printfa.o(i._printf_post_padding)
    _printf_post_padding                     0x08002c29   Thumb Code    36  printfa.o(i._printf_post_padding)
    i._printf_pre_padding                    0x08002c4c   Section        0  printfa.o(i._printf_pre_padding)
    _printf_pre_padding                      0x08002c4d   Thumb Code    46  printfa.o(i._printf_pre_padding)
    i._rt_thread_init                        0x08002c7c   Section        0  thread.o(i._rt_thread_init)
    _rt_thread_init                          0x08002c7d   Thumb Code   124  thread.o(i._rt_thread_init)
    i._rt_timer_init                         0x08002d00   Section        0  timer.o(i._rt_timer_init)
    _rt_timer_init                           0x08002d01   Thumb Code    66  timer.o(i._rt_timer_init)
    i._rt_timer_remove                       0x08002d42   Section        0  timer.o(i._rt_timer_remove)
    _rt_timer_remove                         0x08002d43   Thumb Code    46  timer.o(i._rt_timer_remove)
    i.fputc                                  0x08002d70   Section        0  bsp_debug_usart.o(i.fputc)
    i.key_thread_entry                       0x08002d8c   Section        0  main.o(i.key_thread_entry)
    key_thread_entry                         0x08002d8d   Thumb Code    38  main.o(i.key_thread_entry)
    i.led1_thread_entry                      0x08002dcc   Section        0  main.o(i.led1_thread_entry)
    led1_thread_entry                        0x08002dcd   Thumb Code    82  main.o(i.led1_thread_entry)
    i.main                                   0x08002e78   Section        0  main.o(i.main)
    i.main_thread_entry                      0x08002f3c   Section        0  components.o(i.main_thread_entry)
    i.plug_holes                             0x08002f4c   Section        0  mem.o(i.plug_holes)
    plug_holes                               0x08002f4d   Thumb Code   108  mem.o(i.plug_holes)
    i.print_number                           0x08002fc4   Section        0  kservice.o(i.print_number)
    print_number                             0x08002fc5   Thumb Code   388  kservice.o(i.print_number)
    i.rt_application_init                    0x08003150   Section        0  components.o(i.rt_application_init)
    i.rt_components_board_init               0x0800317c   Section        0  components.o(i.rt_components_board_init)
    i.rt_components_init                     0x08003198   Section        0  components.o(i.rt_components_init)
    i.rt_enter_critical                      0x080031b4   Section        0  scheduler.o(i.rt_enter_critical)
    i.rt_exit_critical                       0x080031d4   Section        0  scheduler.o(i.rt_exit_critical)
    i.rt_free                                0x08003210   Section        0  mem.o(i.rt_free)
    i.rt_heap_begin_get                      0x080032f0   Section        0  board_init.o(i.rt_heap_begin_get)
    i.rt_heap_end_get                        0x080032f8   Section        0  board_init.o(i.rt_heap_end_get)
    i.rt_hw_board_init                       0x08003300   Section        0  board_init.o(i.rt_hw_board_init)
    i.rt_hw_console_output                   0x08003388   Section        0  board_init.o(i.rt_hw_console_output)
    i.rt_hw_hard_fault_exception             0x080033cc   Section        0  cpuport.o(i.rt_hw_hard_fault_exception)
    i.rt_hw_stack_init                       0x080034d8   Section        0  cpuport.o(i.rt_hw_stack_init)
    i.rt_interrupt_enter                     0x08003528   Section        0  irq.o(i.rt_interrupt_enter)
    i.rt_interrupt_leave                     0x08003548   Section        0  irq.o(i.rt_interrupt_leave)
    i.rt_ipc_list_resume                     0x08003568   Section        0  ipc.o(i.rt_ipc_list_resume)
    rt_ipc_list_resume                       0x08003569   Thumb Code    20  ipc.o(i.rt_ipc_list_resume)
    i.rt_ipc_list_suspend                    0x0800357c   Section        0  ipc.o(i.rt_ipc_list_suspend)
    rt_ipc_list_suspend                      0x0800357d   Thumb Code   108  ipc.o(i.rt_ipc_list_suspend)
    i.rt_ipc_object_init                     0x080035e8   Section        0  ipc.o(i.rt_ipc_object_init)
    rt_ipc_object_init                       0x080035e9   Thumb Code    16  ipc.o(i.rt_ipc_object_init)
    i.rt_kprintf                             0x080035f8   Section        0  kservice.o(i.rt_kprintf)
    i.rt_list_init                           0x08003628   Section        0  ipc.o(i.rt_list_init)
    rt_list_init                             0x08003629   Thumb Code     6  ipc.o(i.rt_list_init)
    i.rt_list_init                           0x0800362e   Section        0  scheduler.o(i.rt_list_init)
    rt_list_init                             0x0800362f   Thumb Code     6  scheduler.o(i.rt_list_init)
    i.rt_list_init                           0x08003634   Section        0  timer.o(i.rt_list_init)
    rt_list_init                             0x08003635   Thumb Code     6  timer.o(i.rt_list_init)
    i.rt_list_insert_after                   0x0800363a   Section        0  object.o(i.rt_list_insert_after)
    rt_list_insert_after                     0x0800363b   Thumb Code    14  object.o(i.rt_list_insert_after)
    i.rt_list_insert_after                   0x08003648   Section        0  thread.o(i.rt_list_insert_after)
    rt_list_insert_after                     0x08003649   Thumb Code    14  thread.o(i.rt_list_insert_after)
    i.rt_list_insert_after                   0x08003656   Section        0  timer.o(i.rt_list_insert_after)
    rt_list_insert_after                     0x08003657   Thumb Code    14  timer.o(i.rt_list_insert_after)
    i.rt_list_insert_before                  0x08003664   Section        0  ipc.o(i.rt_list_insert_before)
    rt_list_insert_before                    0x08003665   Thumb Code    14  ipc.o(i.rt_list_insert_before)
    i.rt_list_isempty                        0x08003672   Section        0  ipc.o(i.rt_list_isempty)
    rt_list_isempty                          0x08003673   Thumb Code    16  ipc.o(i.rt_list_isempty)
    i.rt_list_isempty                        0x08003682   Section        0  timer.o(i.rt_list_isempty)
    rt_list_isempty                          0x08003683   Thumb Code    16  timer.o(i.rt_list_isempty)
    i.rt_list_remove                         0x08003692   Section        0  object.o(i.rt_list_remove)
    rt_list_remove                           0x08003693   Thumb Code    18  object.o(i.rt_list_remove)
    i.rt_list_remove                         0x080036a4   Section        0  thread.o(i.rt_list_remove)
    rt_list_remove                           0x080036a5   Thumb Code    18  thread.o(i.rt_list_remove)
    i.rt_malloc                              0x080036b8   Section        0  mem.o(i.rt_malloc)
    i.rt_memset                              0x08003824   Section        0  kservice.o(i.rt_memset)
    i.rt_object_allocate                     0x0800386c   Section        0  object.o(i.rt_object_allocate)
    i.rt_object_delete                       0x080038b6   Section        0  object.o(i.rt_object_delete)
    i.rt_object_detach                       0x080038d6   Section        0  object.o(i.rt_object_detach)
    i.rt_object_get_information              0x080038f0   Section        0  object.o(i.rt_object_get_information)
    i.rt_object_init                         0x08003918   Section        0  object.o(i.rt_object_init)
    i.rt_object_is_systemobject              0x08003954   Section        0  object.o(i.rt_object_is_systemobject)
    i.rt_schedule                            0x08003968   Section        0  scheduler.o(i.rt_schedule)
    i.rt_schedule_insert_thread              0x080039f8   Section        0  scheduler.o(i.rt_schedule_insert_thread)
    i.rt_schedule_remove_thread              0x08003a48   Section        0  scheduler.o(i.rt_schedule_remove_thread)
    i.rt_sem_init                            0x08003a9c   Section        0  ipc.o(i.rt_sem_init)
    i.rt_sem_release                         0x08003ac2   Section        0  ipc.o(i.rt_sem_release)
    i.rt_sem_take                            0x08003afc   Section        0  ipc.o(i.rt_sem_take)
    i.rt_show_version                        0x08003b70   Section        0  kservice.o(i.rt_show_version)
    i.rt_strlen                              0x08003c20   Section        0  kservice.o(i.rt_strlen)
    i.rt_strncpy                             0x08003c32   Section        0  kservice.o(i.rt_strncpy)
    i.rt_system_heap_init                    0x08003c68   Section        0  mem.o(i.rt_system_heap_init)
    i.rt_system_scheduler_init               0x08003d60   Section        0  scheduler.o(i.rt_system_scheduler_init)
    i.rt_system_scheduler_start              0x08003dac   Section        0  scheduler.o(i.rt_system_scheduler_start)
    i.rt_system_timer_init                   0x08003ddc   Section        0  timer.o(i.rt_system_timer_init)
    i.rt_system_timer_thread_init            0x08003df8   Section        0  timer.o(i.rt_system_timer_thread_init)
    i.rt_thread_create                       0x08003dfa   Section        0  thread.o(i.rt_thread_create)
    i.rt_thread_delay                        0x08003e4a   Section        0  thread.o(i.rt_thread_delay)
    i.rt_thread_exit                         0x08003e58   Section        0  thread.o(i.rt_thread_exit)
    i.rt_thread_idle_entry                   0x08003eac   Section        0  idle.o(i.rt_thread_idle_entry)
    rt_thread_idle_entry                     0x08003ead   Thumb Code     8  idle.o(i.rt_thread_idle_entry)
    i.rt_thread_idle_excute                  0x08003eb4   Section        0  idle.o(i.rt_thread_idle_excute)
    i.rt_thread_idle_init                    0x08003f38   Section        0  idle.o(i.rt_thread_idle_init)
    i.rt_thread_init                         0x08003f74   Section        0  thread.o(i.rt_thread_init)
    i.rt_thread_resume                       0x08003fa8   Section        0  thread.o(i.rt_thread_resume)
    i.rt_thread_self                         0x08003fe4   Section        0  thread.o(i.rt_thread_self)
    i.rt_thread_sleep                        0x08003ff0   Section        0  thread.o(i.rt_thread_sleep)
    i.rt_thread_startup                      0x08004034   Section        0  thread.o(i.rt_thread_startup)
    i.rt_thread_suspend                      0x08004060   Section        0  thread.o(i.rt_thread_suspend)
    i.rt_thread_timeout                      0x080040a4   Section        0  thread.o(i.rt_thread_timeout)
    i.rt_thread_yield                        0x080040c4   Section        0  thread.o(i.rt_thread_yield)
    i.rt_tick_get                            0x08004128   Section        0  clock.o(i.rt_tick_get)
    i.rt_tick_increase                       0x08004134   Section        0  clock.o(i.rt_tick_increase)
    i.rt_timer_check                         0x08004164   Section        0  timer.o(i.rt_timer_check)
    i.rt_timer_control                       0x080041e0   Section        0  timer.o(i.rt_timer_control)
    i.rt_timer_detach                        0x08004218   Section        0  timer.o(i.rt_timer_detach)
    i.rt_timer_init                          0x08004238   Section        0  timer.o(i.rt_timer_init)
    i.rt_timer_start                         0x08004268   Section        0  timer.o(i.rt_timer_start)
    i.rt_timer_stop                          0x08004360   Section        0  timer.o(i.rt_timer_stop)
    i.rt_vsnprintf                           0x08004390   Section        0  kservice.o(i.rt_vsnprintf)
    i.rti_board_end                          0x080046b8   Section        0  components.o(i.rti_board_end)
    rti_board_end                            0x080046b9   Thumb Code     4  components.o(i.rti_board_end)
    i.rti_board_start                        0x080046bc   Section        0  components.o(i.rti_board_start)
    rti_board_start                          0x080046bd   Thumb Code     4  components.o(i.rti_board_start)
    i.rti_end                                0x080046c0   Section        0  components.o(i.rti_end)
    rti_end                                  0x080046c1   Thumb Code     4  components.o(i.rti_end)
    i.rti_start                              0x080046c4   Section        0  components.o(i.rti_start)
    rti_start                                0x080046c5   Thumb Code     4  components.o(i.rti_start)
    i.rtthread_startup                       0x080046c8   Section        0  components.o(i.rtthread_startup)
    i.skip_atoi                              0x080046f2   Section        0  kservice.o(i.skip_atoi)
    skip_atoi                                0x080046f3   Thumb Code    38  kservice.o(i.skip_atoi)
    .constdata                               0x08004718   Section       24  system_stm32f4xx.o(.constdata)
    .constdata                               0x08004730   Section      290  kservice.o(.constdata)
    small_digits                             0x08004830   Data          17  kservice.o(.constdata)
    large_digits                             0x08004841   Data          17  kservice.o(.constdata)
    .rti_fn.0                                0x08004854   Section        4  components.o(.rti_fn.0)
    __tagsym$$used                           0x08004854   Number         0  components.o(.rti_fn.0)
    .rti_fn.0.end                            0x08004858   Section        4  components.o(.rti_fn.0.end)
    __tagsym$$used                           0x08004858   Number         0  components.o(.rti_fn.0.end)
    .rti_fn.1.end                            0x0800485c   Section        4  components.o(.rti_fn.1.end)
    __tagsym$$used                           0x0800485c   Number         0  components.o(.rti_fn.1.end)
    .rti_fn.6.end                            0x08004860   Section        4  components.o(.rti_fn.6.end)
    __tagsym$$used                           0x08004860   Number         0  components.o(.rti_fn.6.end)
    .data                                    0x20000000   Section        4  system_stm32f4xx.o(.data)
    .data                                    0x20000004   Section        9  stm32f4xx_hal.o(.data)
    .data                                    0x20000010   Section       12  main.o(.data)
    led1_thread                              0x20000010   Data           4  main.o(.data)
    key_thread                               0x20000014   Data           4  main.o(.data)
    .data                                    0x2000001c   Section        2  bsp_adc.o(.data)
    .data                                    0x20000020   Section        4  clock.o(.data)
    rt_tick                                  0x20000020   Data           4  clock.o(.data)
    .data                                    0x20000024   Section        1  irq.o(.data)
    .data                                    0x20000028   Section       24  mem.o(.data)
    heap_ptr                                 0x20000028   Data           4  mem.o(.data)
    heap_end                                 0x2000002c   Data           4  mem.o(.data)
    lfree                                    0x20000030   Data           4  mem.o(.data)
    mem_size_aligned                         0x20000034   Data           4  mem.o(.data)
    used_mem                                 0x20000038   Data           4  mem.o(.data)
    max_mem                                  0x2000003c   Data           4  mem.o(.data)
    .data                                    0x20000040   Section       64  object.o(.data)
    rt_object_container                      0x20000040   Data          64  object.o(.data)
    .data                                    0x20000080   Section       24  scheduler.o(.data)
    rt_scheduler_lock_nest                   0x20000080   Data           2  scheduler.o(.data)
    .data                                    0x20000098   Section       12  timer.o(.data)
    rt_timer_list                            0x20000098   Data           8  timer.o(.data)
    random_nr                                0x200000a0   Data           4  timer.o(.data)
    .data                                    0x200000a4   Section       16  cpuport.o(.data)
    rt_exception_hook                        0x200000b0   Data           4  cpuport.o(.data)
    .data                                    0x200000b4   Section        4  stdout.o(.data)
    .bss                                     0x200000b8   Section       64  bsp_debug_usart.o(.bss)
    .bss                                     0x200000f8   Section      184  bsp_adc.o(.bss)
    .bss                                     0x200001b0   Section     4096  board_init.o(.bss)
    rt_heap                                  0x200001b0   Data        4096  board_init.o(.bss)
    .bss                                     0x200011b0   Section      376  idle.o(.bss)
    idle                                     0x200011b0   Data         120  idle.o(.bss)
    rt_thread_stack                          0x20001228   Data         256  idle.o(.bss)
    .bss                                     0x20001328   Section      128  kservice.o(.bss)
    rt_log_buf                               0x20001328   Data         128  kservice.o(.bss)
    .bss                                     0x200013a8   Section       32  mem.o(.bss)
    heap_sem                                 0x200013a8   Data          32  mem.o(.bss)
    .bss                                     0x200013c8   Section       64  scheduler.o(.bss)
    STACK                                    0x20001408   Section     1024  startup_stm32f407xx.o(STACK)

    Global Symbols

    Symbol Name                              Value     Ov Type        Size  Object(Section)

    BuildAttributes$$THM_ISAv4$E$P$D$K$B$S$7EM$VFPi3$EXTD16$VFPS$VFMA$PE$A:L22UL41UL21$X:L11$S22US41US21$IEEE1$IW$USESV6$~STKCKD$USESV7$~SHL$OSPACE$ROPI$EBA8$MICROLIB$REQ8$PRES8$EABIv2 0x00000000   Number         0  anon$$obj.o ABSOLUTE
    __ARM_use_no_argv                        0x00000000   Number         0  main.o ABSOLUTE
    _printf_a                                0x00000000   Number         0  stubs.o ABSOLUTE
    _printf_c                                0x00000000   Number         0  stubs.o ABSOLUTE
    _printf_charcount                        0x00000000   Number         0  stubs.o ABSOLUTE
    _printf_d                                0x00000000   Number         0  stubs.o ABSOLUTE
    _printf_e                                0x00000000   Number         0  stubs.o ABSOLUTE
    _printf_f                                0x00000000   Number         0  stubs.o ABSOLUTE
    _printf_flags                            0x00000000   Number         0  stubs.o ABSOLUTE
    _printf_fp_dec                           0x00000000   Number         0  stubs.o ABSOLUTE
    _printf_fp_hex                           0x00000000   Number         0  stubs.o ABSOLUTE
    _printf_g                                0x00000000   Number         0  stubs.o ABSOLUTE
    _printf_i                                0x00000000   Number         0  stubs.o ABSOLUTE
    _printf_int_dec                          0x00000000   Number         0  stubs.o ABSOLUTE
    _printf_l                                0x00000000   Number         0  stubs.o ABSOLUTE
    _printf_lc                               0x00000000   Number         0  stubs.o ABSOLUTE
    _printf_ll                               0x00000000   Number         0  stubs.o ABSOLUTE
    _printf_lld                              0x00000000   Number         0  stubs.o ABSOLUTE
    _printf_lli                              0x00000000   Number         0  stubs.o ABSOLUTE
    _printf_llo                              0x00000000   Number         0  stubs.o ABSOLUTE
    _printf_llu                              0x00000000   Number         0  stubs.o ABSOLUTE
    _printf_llx                              0x00000000   Number         0  stubs.o ABSOLUTE
    _printf_longlong_dec                     0x00000000   Number         0  stubs.o ABSOLUTE
    _printf_longlong_hex                     0x00000000   Number         0  stubs.o ABSOLUTE
    _printf_longlong_oct                     0x00000000   Number         0  stubs.o ABSOLUTE
    _printf_ls                               0x00000000   Number         0  stubs.o ABSOLUTE
    _printf_mbtowc                           0x00000000   Number         0  stubs.o ABSOLUTE
    _printf_n                                0x00000000   Number         0  stubs.o ABSOLUTE
    _printf_o                                0x00000000   Number         0  stubs.o ABSOLUTE
    _printf_p                                0x00000000   Number         0  stubs.o ABSOLUTE
    _printf_percent                          0x00000000   Number         0  stubs.o ABSOLUTE
    _printf_pre_padding                      0x00000000   Number         0  stubs.o ABSOLUTE
    _printf_return_value                     0x00000000   Number         0  stubs.o ABSOLUTE
    _printf_s                                0x00000000   Number         0  stubs.o ABSOLUTE
    _printf_sizespec                         0x00000000   Number         0  stubs.o ABSOLUTE
    _printf_str                              0x00000000   Number         0  stubs.o ABSOLUTE
    _printf_truncate_signed                  0x00000000   Number         0  stubs.o ABSOLUTE
    _printf_truncate_unsigned                0x00000000   Number         0  stubs.o ABSOLUTE
    _printf_u                                0x00000000   Number         0  stubs.o ABSOLUTE
    _printf_wc                               0x00000000   Number         0  stubs.o ABSOLUTE
    _printf_wctomb                           0x00000000   Number         0  stubs.o ABSOLUTE
    _printf_widthprec                        0x00000000   Number         0  stubs.o ABSOLUTE
    _printf_x                                0x00000000   Number         0  stubs.o ABSOLUTE
    __cpp_initialize__aeabi_                  - Undefined Weak Reference
    __cxa_finalize                            - Undefined Weak Reference
    __decompress                              - Undefined Weak Reference
    _clock_init                               - Undefined Weak Reference
    _microlib_exit                            - Undefined Weak Reference
    __Vectors_Size                           0x00000188   Number         0  startup_stm32f407xx.o ABSOLUTE
    __Vectors                                0x08000000   Data           4  startup_stm32f407xx.o(RESET)
    __Vectors_End                            0x08000188   Data           0  startup_stm32f407xx.o(RESET)
    __main                                   0x08000189   Thumb Code     0  entry.o(.ARM.Collect$$$$00000000)
    _main_stk                                0x08000189   Thumb Code     0  entry2.o(.ARM.Collect$$$$00000001)
    _main_scatterload                        0x0800018d   Thumb Code     0  entry5.o(.ARM.Collect$$$$00000004)
    __main_after_scatterload                 0x08000191   Thumb Code     0  entry5.o(.ARM.Collect$$$$00000004)
    _main_clock                              0x08000191   Thumb Code     0  entry7b.o(.ARM.Collect$$$$00000008)
    _main_cpp_init                           0x08000191   Thumb Code     0  entry8b.o(.ARM.Collect$$$$0000000A)
    _main_init                               0x08000191   Thumb Code     0  entry9a.o(.ARM.Collect$$$$0000000B)
    __rt_final_cpp                           0x08000199   Thumb Code     0  entry10a.o(.ARM.Collect$$$$0000000D)
    __rt_final_exit                          0x08000199   Thumb Code     0  entry11a.o(.ARM.Collect$$$$0000000F)
    Reset_Handler                            0x0800019d   Thumb Code     8  startup_stm32f407xx.o(.text)
    CAN1_RX0_IRQHandler                      0x080001b7   Thumb Code     0  startup_stm32f407xx.o(.text)
    CAN1_RX1_IRQHandler                      0x080001b7   Thumb Code     0  startup_stm32f407xx.o(.text)
    CAN1_SCE_IRQHandler                      0x080001b7   Thumb Code     0  startup_stm32f407xx.o(.text)
    CAN1_TX_IRQHandler                       0x080001b7   Thumb Code     0  startup_stm32f407xx.o(.text)
    CAN2_RX0_IRQHandler                      0x080001b7   Thumb Code     0  startup_stm32f407xx.o(.text)
    CAN2_RX1_IRQHandler                      0x080001b7   Thumb Code     0  startup_stm32f407xx.o(.text)
    CAN2_SCE_IRQHandler                      0x080001b7   Thumb Code     0  startup_stm32f407xx.o(.text)
    CAN2_TX_IRQHandler                       0x080001b7   Thumb Code     0  startup_stm32f407xx.o(.text)
    DCMI_IRQHandler                          0x080001b7   Thumb Code     0  startup_stm32f407xx.o(.text)
    DMA1_Stream0_IRQHandler                  0x080001b7   Thumb Code     0  startup_stm32f407xx.o(.text)
    DMA1_Stream1_IRQHandler                  0x080001b7   Thumb Code     0  startup_stm32f407xx.o(.text)
    DMA1_Stream2_IRQHandler                  0x080001b7   Thumb Code     0  startup_stm32f407xx.o(.text)
    DMA1_Stream3_IRQHandler                  0x080001b7   Thumb Code     0  startup_stm32f407xx.o(.text)
    DMA1_Stream4_IRQHandler                  0x080001b7   Thumb Code     0  startup_stm32f407xx.o(.text)
    DMA1_Stream5_IRQHandler                  0x080001b7   Thumb Code     0  startup_stm32f407xx.o(.text)
    DMA1_Stream6_IRQHandler                  0x080001b7   Thumb Code     0  startup_stm32f407xx.o(.text)
    DMA1_Stream7_IRQHandler                  0x080001b7   Thumb Code     0  startup_stm32f407xx.o(.text)
    DMA2_Stream0_IRQHandler                  0x080001b7   Thumb Code     0  startup_stm32f407xx.o(.text)
    DMA2_Stream1_IRQHandler                  0x080001b7   Thumb Code     0  startup_stm32f407xx.o(.text)
    DMA2_Stream2_IRQHandler                  0x080001b7   Thumb Code     0  startup_stm32f407xx.o(.text)
    DMA2_Stream3_IRQHandler                  0x080001b7   Thumb Code     0  startup_stm32f407xx.o(.text)
    DMA2_Stream4_IRQHandler                  0x080001b7   Thumb Code     0  startup_stm32f407xx.o(.text)
    DMA2_Stream5_IRQHandler                  0x080001b7   Thumb Code     0  startup_stm32f407xx.o(.text)
    DMA2_Stream6_IRQHandler                  0x080001b7   Thumb Code     0  startup_stm32f407xx.o(.text)
    DMA2_Stream7_IRQHandler                  0x080001b7   Thumb Code     0  startup_stm32f407xx.o(.text)
    ETH_IRQHandler                           0x080001b7   Thumb Code     0  startup_stm32f407xx.o(.text)
    ETH_WKUP_IRQHandler                      0x080001b7   Thumb Code     0  startup_stm32f407xx.o(.text)
    EXTI15_10_IRQHandler                     0x080001b7   Thumb Code     0  startup_stm32f407xx.o(.text)
    EXTI1_IRQHandler                         0x080001b7   Thumb Code     0  startup_stm32f407xx.o(.text)
    EXTI2_IRQHandler                         0x080001b7   Thumb Code     0  startup_stm32f407xx.o(.text)
    EXTI3_IRQHandler                         0x080001b7   Thumb Code     0  startup_stm32f407xx.o(.text)
    EXTI4_IRQHandler                         0x080001b7   Thumb Code     0  startup_stm32f407xx.o(.text)
    EXTI9_5_IRQHandler                       0x080001b7   Thumb Code     0  startup_stm32f407xx.o(.text)
    FLASH_IRQHandler                         0x080001b7   Thumb Code     0  startup_stm32f407xx.o(.text)
    FMC_IRQHandler                           0x080001b7   Thumb Code     0  startup_stm32f407xx.o(.text)
    FPU_IRQHandler                           0x080001b7   Thumb Code     0  startup_stm32f407xx.o(.text)
    HASH_RNG_IRQHandler                      0x080001b7   Thumb Code     0  startup_stm32f407xx.o(.text)
    I2C1_ER_IRQHandler                       0x080001b7   Thumb Code     0  startup_stm32f407xx.o(.text)
    I2C1_EV_IRQHandler                       0x080001b7   Thumb Code     0  startup_stm32f407xx.o(.text)
    I2C2_ER_IRQHandler                       0x080001b7   Thumb Code     0  startup_stm32f407xx.o(.text)
    I2C2_EV_IRQHandler                       0x080001b7   Thumb Code     0  startup_stm32f407xx.o(.text)
    I2C3_ER_IRQHandler                       0x080001b7   Thumb Code     0  startup_stm32f407xx.o(.text)
    I2C3_EV_IRQHandler                       0x080001b7   Thumb Code     0  startup_stm32f407xx.o(.text)
    OTG_FS_IRQHandler                        0x080001b7   Thumb Code     0  startup_stm32f407xx.o(.text)
    OTG_FS_WKUP_IRQHandler                   0x080001b7   Thumb Code     0  startup_stm32f407xx.o(.text)
    OTG_HS_EP1_IN_IRQHandler                 0x080001b7   Thumb Code     0  startup_stm32f407xx.o(.text)
    OTG_HS_EP1_OUT_IRQHandler                0x080001b7   Thumb Code     0  startup_stm32f407xx.o(.text)
    OTG_HS_IRQHandler                        0x080001b7   Thumb Code     0  startup_stm32f407xx.o(.text)
    OTG_HS_WKUP_IRQHandler                   0x080001b7   Thumb Code     0  startup_stm32f407xx.o(.text)
    PVD_IRQHandler                           0x080001b7   Thumb Code     0  startup_stm32f407xx.o(.text)
    RCC_IRQHandler                           0x080001b7   Thumb Code     0  startup_stm32f407xx.o(.text)
    RTC_Alarm_IRQHandler                     0x080001b7   Thumb Code     0  startup_stm32f407xx.o(.text)
    RTC_WKUP_IRQHandler                      0x080001b7   Thumb Code     0  startup_stm32f407xx.o(.text)
    SDIO_IRQHandler                          0x080001b7   Thumb Code     0  startup_stm32f407xx.o(.text)
    SPI1_IRQHandler                          0x080001b7   Thumb Code     0  startup_stm32f407xx.o(.text)
    SPI2_IRQHandler                          0x080001b7   Thumb Code     0  startup_stm32f407xx.o(.text)
    SPI3_IRQHandler                          0x080001b7   Thumb Code     0  startup_stm32f407xx.o(.text)
    TAMP_STAMP_IRQHandler                    0x080001b7   Thumb Code     0  startup_stm32f407xx.o(.text)
    TIM1_BRK_TIM9_IRQHandler                 0x080001b7   Thumb Code     0  startup_stm32f407xx.o(.text)
    TIM1_CC_IRQHandler                       0x080001b7   Thumb Code     0  startup_stm32f407xx.o(.text)
    TIM1_TRG_COM_TIM11_IRQHandler            0x080001b7   Thumb Code     0  startup_stm32f407xx.o(.text)
    TIM1_UP_TIM10_IRQHandler                 0x080001b7   Thumb Code     0  startup_stm32f407xx.o(.text)
    TIM2_IRQHandler                          0x080001b7   Thumb Code     0  startup_stm32f407xx.o(.text)
    TIM3_IRQHandler                          0x080001b7   Thumb Code     0  startup_stm32f407xx.o(.text)
    TIM4_IRQHandler                          0x080001b7   Thumb Code     0  startup_stm32f407xx.o(.text)
    TIM5_IRQHandler                          0x080001b7   Thumb Code     0  startup_stm32f407xx.o(.text)
    TIM6_DAC_IRQHandler                      0x080001b7   Thumb Code     0  startup_stm32f407xx.o(.text)
    TIM7_IRQHandler                          0x080001b7   Thumb Code     0  startup_stm32f407xx.o(.text)
    TIM8_BRK_TIM12_IRQHandler                0x080001b7   Thumb Code     0  startup_stm32f407xx.o(.text)
    TIM8_CC_IRQHandler                       0x080001b7   Thumb Code     0  startup_stm32f407xx.o(.text)
    TIM8_TRG_COM_TIM14_IRQHandler            0x080001b7   Thumb Code     0  startup_stm32f407xx.o(.text)
    TIM8_UP_TIM13_IRQHandler                 0x080001b7   Thumb Code     0  startup_stm32f407xx.o(.text)
    UART4_IRQHandler                         0x080001b7   Thumb Code     0  startup_stm32f407xx.o(.text)
    UART5_IRQHandler                         0x080001b7   Thumb Code     0  startup_stm32f407xx.o(.text)
    USART1_IRQHandler                        0x080001b7   Thumb Code     0  startup_stm32f407xx.o(.text)
    USART2_IRQHandler                        0x080001b7   Thumb Code     0  startup_stm32f407xx.o(.text)
    USART3_IRQHandler                        0x080001b7   Thumb Code     0  startup_stm32f407xx.o(.text)
    USART6_IRQHandler                        0x080001b7   Thumb Code     0  startup_stm32f407xx.o(.text)
    WWDG_IRQHandler                          0x080001b7   Thumb Code     0  startup_stm32f407xx.o(.text)
    rt_hw_interrupt_disable                  0x080001c1   Thumb Code     8  context_rvds.o(.text)
    rt_hw_interrupt_enable                   0x080001c9   Thumb Code     6  context_rvds.o(.text)
    rt_hw_context_switch                     0x080001cf   Thumb Code    32  context_rvds.o(.text)
    rt_hw_context_switch_interrupt           0x080001cf   Thumb Code     0  context_rvds.o(.text)
    PendSV_Handler                           0x080001ef   Thumb Code   108  context_rvds.o(.text)
    rt_hw_context_switch_to                  0x0800025b   Thumb Code    70  context_rvds.o(.text)
    rt_hw_interrupt_thread_switch            0x080002a1   Thumb Code     2  context_rvds.o(.text)
    HardFault_Handler                        0x080002a3   Thumb Code    20  context_rvds.o(.text)
    __aeabi_uldivmod                         0x080002d1   Thumb Code    98  uldiv.o(.text)
    __aeabi_f2d                              0x08000333   Thumb Code    38  f2d.o(.text)
    __aeabi_uidiv                            0x08000359   Thumb Code     0  uidiv.o(.text)
    __aeabi_uidivmod                         0x08000359   Thumb Code    44  uidiv.o(.text)
    __aeabi_llsl                             0x08000385   Thumb Code    30  llshl.o(.text)
    _ll_shift_l                              0x08000385   Thumb Code     0  llshl.o(.text)
    __aeabi_llsr                             0x080003a3   Thumb Code    32  llushr.o(.text)
    _ll_ushift_r                             0x080003a3   Thumb Code     0  llushr.o(.text)
    __I$use$fp                               0x080003c3   Thumb Code     0  iusefp.o(.text)
    __aeabi_dadd                             0x080003c3   Thumb Code   322  dadd.o(.text)
    __aeabi_dsub                             0x08000505   Thumb Code     6  dadd.o(.text)
    __aeabi_drsub                            0x0800050b   Thumb Code     6  dadd.o(.text)
    __aeabi_dmul                             0x08000511   Thumb Code   228  dmul.o(.text)
    __aeabi_ddiv                             0x080005f5   Thumb Code   222  ddiv.o(.text)
    __aeabi_d2ulz                            0x080006d3   Thumb Code    48  dfixul.o(.text)
    __aeabi_cdrcmple                         0x08000705   Thumb Code    48  cdrcmple.o(.text)
    __scatterload                            0x08000735   Thumb Code    28  init.o(.text)
    __scatterload_rt2                        0x08000735   Thumb Code     0  init.o(.text)
    __aeabi_lasr                             0x08000759   Thumb Code    36  llsshr.o(.text)
    _ll_sshift_r                             0x08000759   Thumb Code     0  llsshr.o(.text)
    _double_round                            0x0800077d   Thumb Code    30  depilogue.o(.text)
    _double_epilogue                         0x0800079b   Thumb Code   156  depilogue.o(.text)
    main                                     0x08000837   Thumb Code    14  components.o(i.$Sub$$main)
    ADC_IRQHandler                           0x08000845   Thumb Code    10  stm32f4xx_it.o(i.ADC_IRQHandler)
    BusFault_Handler                         0x080009b5   Thumb Code     4  stm32f4xx_it.o(i.BusFault_Handler)
    DEBUG_USART_Config                       0x080009b9   Thumb Code    52  bsp_debug_usart.o(i.DEBUG_USART_Config)
    DebugMon_Handler                         0x080009f5   Thumb Code     2  stm32f4xx_it.o(i.DebugMon_Handler)
    EXTI0_IRQHandler                         0x080009f7   Thumb Code     2  stm32f4xx_it.o(i.EXTI0_IRQHandler)
    HAL_ADCEx_InjectedConvCpltCallback       0x080009f9   Thumb Code     2  stm32f4xx_hal_adc_ex.o(i.HAL_ADCEx_InjectedConvCpltCallback)
    HAL_ADC_ConfigChannel                    0x080009fd   Thumb Code   380  stm32f4xx_hal_adc.o(i.HAL_ADC_ConfigChannel)
    HAL_ADC_ConvCpltCallback                 0x08000b89   Thumb Code    16  bsp_adc.o(i.HAL_ADC_ConvCpltCallback)
    HAL_ADC_ErrorCallback                    0x08000b9d   Thumb Code     2  stm32f4xx_hal_adc.o(i.HAL_ADC_ErrorCallback)
    HAL_ADC_GetValue                         0x08000b9f   Thumb Code     8  stm32f4xx_hal_adc.o(i.HAL_ADC_GetValue)
    HAL_ADC_IRQHandler                       0x08000ba7   Thumb Code   372  stm32f4xx_hal_adc.o(i.HAL_ADC_IRQHandler)
    HAL_ADC_Init                             0x08000d1d   Thumb Code   100  stm32f4xx_hal_adc.o(i.HAL_ADC_Init)
    HAL_ADC_LevelOutOfWindowCallback         0x08000d85   Thumb Code     2  stm32f4xx_hal_adc.o(i.HAL_ADC_LevelOutOfWindowCallback)
    HAL_ADC_MspInit                          0x08000d87   Thumb Code     2  stm32f4xx_hal_adc.o(i.HAL_ADC_MspInit)
    HAL_ADC_Start_IT                         0x08000d89   Thumb Code   302  stm32f4xx_hal_adc.o(i.HAL_ADC_Start_IT)
    HAL_GPIO_Init                            0x08000ed5   Thumb Code   466  stm32f4xx_hal_gpio.o(i.HAL_GPIO_Init)
    HAL_GPIO_ReadPin                         0x080010d5   Thumb Code    16  stm32f4xx_hal_gpio.o(i.HAL_GPIO_ReadPin)
    HAL_GetREVID                             0x080010e5   Thumb Code     8  stm32f4xx_hal.o(i.HAL_GetREVID)
    HAL_GetTick                              0x080010f1   Thumb Code     6  stm32f4xx_hal.o(i.HAL_GetTick)
    HAL_InitTick                             0x080010fd   Thumb Code    64  stm32f4xx_hal.o(i.HAL_InitTick)
    HAL_NVIC_EnableIRQ                       0x08001149   Thumb Code    32  stm32f4xx_hal_cortex.o(i.HAL_NVIC_EnableIRQ)
    HAL_NVIC_SetPriority                     0x08001169   Thumb Code   124  stm32f4xx_hal_cortex.o(i.HAL_NVIC_SetPriority)
    HAL_RCC_ClockConfig                      0x080011e5   Thumb Code   366  stm32f4xx_hal_rcc.o(i.HAL_RCC_ClockConfig)
    HAL_RCC_GetHCLKFreq                      0x08001365   Thumb Code     6  stm32f4xx_hal_rcc.o(i.HAL_RCC_GetHCLKFreq)
    HAL_RCC_GetPCLK1Freq                     0x08001371   Thumb Code    22  stm32f4xx_hal_rcc.o(i.HAL_RCC_GetPCLK1Freq)
    HAL_RCC_GetPCLK2Freq                     0x08001391   Thumb Code    22  stm32f4xx_hal_rcc.o(i.HAL_RCC_GetPCLK2Freq)
    HAL_RCC_GetSysClockFreq                  0x080013b1   Thumb Code   162  stm32f4xx_hal_rcc.o(i.HAL_RCC_GetSysClockFreq)
    HAL_RCC_OscConfig                        0x08001461   Thumb Code  1086  stm32f4xx_hal_rcc.o(i.HAL_RCC_OscConfig)
    HAL_SYSTICK_Config                       0x080018a9   Thumb Code    52  stm32f4xx_hal_cortex.o(i.HAL_SYSTICK_Config)
    HAL_UART_Init                            0x080018dd   Thumb Code   114  stm32f4xx_hal_uart.o(i.HAL_UART_Init)
    HAL_UART_MspInit                         0x08001951   Thumb Code   168  bsp_debug_usart.o(i.HAL_UART_MspInit)
    HAL_UART_Transmit                        0x08001a01   Thumb Code   214  stm32f4xx_hal_uart.o(i.HAL_UART_Transmit)
    Key_GPIO_Config                          0x08001ad9   Thumb Code   228  bsp_key.o(i.Key_GPIO_Config)
    Key_Scan                                 0x08001bcd   Thumb Code    40  bsp_key.o(i.Key_Scan)
    LED_GPIO_Config                          0x08001bf5   Thumb Code   224  bsp_led.o(i.LED_GPIO_Config)
    MemManage_Handler                        0x08001ce9   Thumb Code     4  stm32f4xx_it.o(i.MemManage_Handler)
    NMI_Handler                              0x08001ced   Thumb Code     2  stm32f4xx_it.o(i.NMI_Handler)
    Rheostat_Init                            0x08001dd1   Thumb Code    16  bsp_adc.o(i.Rheostat_Init)
    SVC_Handler                              0x08001de1   Thumb Code     2  stm32f4xx_it.o(i.SVC_Handler)
    SysTick_Handler                          0x08001de3   Thumb Code    16  board_init.o(i.SysTick_Handler)
    SystemClock_Config                       0x08001df5   Thumb Code   180  board_init.o(i.SystemClock_Config)
    SystemInit                               0x08001eb5   Thumb Code    82  system_stm32f4xx.o(i.SystemInit)
    UsageFault_Handler                       0x080022ed   Thumb Code     4  stm32f4xx_it.o(i.UsageFault_Handler)
    __0printf                                0x080022f1   Thumb Code    22  printfa.o(i.__0printf)
    __1printf                                0x080022f1   Thumb Code     0  printfa.o(i.__0printf)
    __2printf                                0x080022f1   Thumb Code     0  printfa.o(i.__0printf)
    __c89printf                              0x080022f1   Thumb Code     0  printfa.o(i.__0printf)
    printf                                   0x080022f1   Thumb Code     0  printfa.o(i.__0printf)
    __rt_ffs                                 0x08002349   Thumb Code    70  kservice.o(i.__rt_ffs)
    __scatterload_copy                       0x08002395   Thumb Code    14  handlers.o(i.__scatterload_copy)
    __scatterload_null                       0x080023a3   Thumb Code     2  handlers.o(i.__scatterload_null)
    __scatterload_zeroinit                   0x080023a5   Thumb Code    14  handlers.o(i.__scatterload_zeroinit)
    fputc                                    0x08002d71   Thumb Code    22  bsp_debug_usart.o(i.fputc)
    $Super$$main                             0x08002e79   Thumb Code   106  main.o(i.main)
    main_thread_entry                        0x08002f3d   Thumb Code    14  components.o(i.main_thread_entry)
    rt_application_init                      0x08003151   Thumb Code    32  components.o(i.rt_application_init)
    rt_components_board_init                 0x0800317d   Thumb Code    20  components.o(i.rt_components_board_init)
    rt_components_init                       0x08003199   Thumb Code    20  components.o(i.rt_components_init)
    rt_enter_critical                        0x080031b5   Thumb Code    28  scheduler.o(i.rt_enter_critical)
    rt_exit_critical                         0x080031d5   Thumb Code    54  scheduler.o(i.rt_exit_critical)
    rt_free                                  0x08003211   Thumb Code   128  mem.o(i.rt_free)
    rt_heap_begin_get                        0x080032f1   Thumb Code     4  board_init.o(i.rt_heap_begin_get)
    rt_heap_end_get                          0x080032f9   Thumb Code     4  board_init.o(i.rt_heap_end_get)
    rt_hw_board_init                         0x08003301   Thumb Code   124  board_init.o(i.rt_hw_board_init)
    rt_hw_console_output                     0x08003389   Thumb Code    64  board_init.o(i.rt_hw_console_output)
    rt_hw_hard_fault_exception               0x080033cd   Thumb Code   108  cpuport.o(i.rt_hw_hard_fault_exception)
    rt_hw_stack_init                         0x080034d9   Thumb Code    74  cpuport.o(i.rt_hw_stack_init)
    rt_interrupt_enter                       0x08003529   Thumb Code    26  irq.o(i.rt_interrupt_enter)
    rt_interrupt_leave                       0x08003549   Thumb Code    26  irq.o(i.rt_interrupt_leave)
    rt_kprintf                               0x080035f9   Thumb Code    44  kservice.o(i.rt_kprintf)
    rt_malloc                                0x080036b9   Thumb Code   336  mem.o(i.rt_malloc)
    rt_memset                                0x08003825   Thumb Code    72  kservice.o(i.rt_memset)
    rt_object_allocate                       0x0800386d   Thumb Code    74  object.o(i.rt_object_allocate)
    rt_object_delete                         0x080038b7   Thumb Code    32  object.o(i.rt_object_delete)
    rt_object_detach                         0x080038d7   Thumb Code    26  object.o(i.rt_object_detach)
    rt_object_get_information                0x080038f1   Thumb Code    36  object.o(i.rt_object_get_information)
    rt_object_init                           0x08003919   Thumb Code    60  object.o(i.rt_object_init)
    rt_object_is_systemobject                0x08003955   Thumb Code    18  object.o(i.rt_object_is_systemobject)
    rt_schedule                              0x08003969   Thumb Code   118  scheduler.o(i.rt_schedule)
    rt_schedule_insert_thread                0x080039f9   Thumb Code    72  scheduler.o(i.rt_schedule_insert_thread)
    rt_schedule_remove_thread                0x08003a49   Thumb Code    76  scheduler.o(i.rt_schedule_remove_thread)
    rt_sem_init                              0x08003a9d   Thumb Code    38  ipc.o(i.rt_sem_init)
    rt_sem_release                           0x08003ac3   Thumb Code    58  ipc.o(i.rt_sem_release)
    rt_sem_take                              0x08003afd   Thumb Code   116  ipc.o(i.rt_sem_take)
    rt_show_version                          0x08003b71   Thumb Code    38  kservice.o(i.rt_show_version)
    rt_strlen                                0x08003c21   Thumb Code    18  kservice.o(i.rt_strlen)
    rt_strncpy                               0x08003c33   Thumb Code    52  kservice.o(i.rt_strncpy)
    rt_system_heap_init                      0x08003c69   Thumb Code   160  mem.o(i.rt_system_heap_init)
    rt_system_scheduler_init                 0x08003d61   Thumb Code    52  scheduler.o(i.rt_system_scheduler_init)
    rt_system_scheduler_start                0x08003dad   Thumb Code    36  scheduler.o(i.rt_system_scheduler_start)
    rt_system_timer_init                     0x08003ddd   Thumb Code    24  timer.o(i.rt_system_timer_init)
    rt_system_timer_thread_init              0x08003df9   Thumb Code     2  timer.o(i.rt_system_timer_thread_init)
    rt_thread_create                         0x08003dfb   Thumb Code    80  thread.o(i.rt_thread_create)
    rt_thread_delay                          0x08003e4b   Thumb Code    12  thread.o(i.rt_thread_delay)
    rt_thread_exit                           0x08003e59   Thumb Code    76  thread.o(i.rt_thread_exit)
    rt_thread_idle_excute                    0x08003eb5   Thumb Code   128  idle.o(i.rt_thread_idle_excute)
    rt_thread_idle_init                      0x08003f39   Thumb Code    38  idle.o(i.rt_thread_idle_init)
    rt_thread_init                           0x08003f75   Thumb Code    52  thread.o(i.rt_thread_init)
    rt_thread_resume                         0x08003fa9   Thumb Code    60  thread.o(i.rt_thread_resume)
    rt_thread_self                           0x08003fe5   Thumb Code     6  thread.o(i.rt_thread_self)
    rt_thread_sleep                          0x08003ff1   Thumb Code    62  thread.o(i.rt_thread_sleep)
    rt_thread_startup                        0x08004035   Thumb Code    44  thread.o(i.rt_thread_startup)
    rt_thread_suspend                        0x08004061   Thumb Code    68  thread.o(i.rt_thread_suspend)
    rt_thread_timeout                        0x080040a5   Thumb Code    32  thread.o(i.rt_thread_timeout)
    rt_thread_yield                          0x080040c5   Thumb Code    92  thread.o(i.rt_thread_yield)
    rt_tick_get                              0x08004129   Thumb Code     6  clock.o(i.rt_tick_get)
    rt_tick_increase                         0x08004135   Thumb Code    42  clock.o(i.rt_tick_increase)
    rt_timer_check                           0x08004165   Thumb Code   118  timer.o(i.rt_timer_check)
    rt_timer_control                         0x080041e1   Thumb Code    56  timer.o(i.rt_timer_control)
    rt_timer_detach                          0x08004219   Thumb Code    32  timer.o(i.rt_timer_detach)
    rt_timer_init                            0x08004239   Thumb Code    46  timer.o(i.rt_timer_init)
    rt_timer_start                           0x08004269   Thumb Code   238  timer.o(i.rt_timer_start)
    rt_timer_stop                            0x08004361   Thumb Code    48  timer.o(i.rt_timer_stop)
    rt_vsnprintf                             0x08004391   Thumb Code   800  kservice.o(i.rt_vsnprintf)
    rtthread_startup                         0x080046c9   Thumb Code    42  components.o(i.rtthread_startup)
    AHBPrescTable                            0x08004718   Data          16  system_stm32f4xx.o(.constdata)
    APBPrescTable                            0x08004728   Data           8  system_stm32f4xx.o(.constdata)
    __lowest_bit_bitmap                      0x08004730   Data         256  kservice.o(.constdata)
    __rt_init_rti_start                      0x08004854   Data           4  components.o(.rti_fn.0)
    __rt_init_rti_board_start                0x08004858   Data           4  components.o(.rti_fn.0.end)
    __rt_init_rti_board_end                  0x0800485c   Data           4  components.o(.rti_fn.1.end)
    __rt_init_rti_end                        0x08004860   Data           4  components.o(.rti_fn.6.end)
    Region$$Table$$Base                      0x08004864   Number         0  anon$$obj.o(Region$$Table)
    Region$$Table$$Limit                     0x08004884   Number         0  anon$$obj.o(Region$$Table)
    SystemCoreClock                          0x20000000   Data           4  system_stm32f4xx.o(.data)
    uwTick                                   0x20000004   Data           4  stm32f4xx_hal.o(.data)
    uwTickPrio                               0x20000008   Data           4  stm32f4xx_hal.o(.data)
    uwTickFreq                               0x2000000c   Data           1  stm32f4xx_hal.o(.data)
    ADC_Vol                                  0x20000018   Data           4  main.o(.data)
    ADC_ConvertedValue                       0x2000001c   Data           2  bsp_adc.o(.data)
    rt_interrupt_nest                        0x20000024   Data           1  irq.o(.data)
    rt_current_thread                        0x20000084   Data           4  scheduler.o(.data)
    rt_current_priority                      0x20000088   Data           1  scheduler.o(.data)
    rt_thread_ready_priority_group           0x2000008c   Data           4  scheduler.o(.data)
    rt_thread_defunct                        0x20000090   Data           8  scheduler.o(.data)
    rt_interrupt_from_thread                 0x200000a4   Data           4  cpuport.o(.data)
    rt_interrupt_to_thread                   0x200000a8   Data           4  cpuport.o(.data)
    rt_thread_switch_interrupt_flag          0x200000ac   Data           4  cpuport.o(.data)
    __stdout                                 0x200000b4   Data           4  stdout.o(.data)
    UartHandle                               0x200000b8   Data          64  bsp_debug_usart.o(.bss)
    DMA_Init_Handle                          0x200000f8   Data          96  bsp_adc.o(.bss)
    ADC_Handle                               0x20000158   Data          72  bsp_adc.o(.bss)
    ADC_Config                               0x200001a0   Data          16  bsp_adc.o(.bss)
    rt_thread_priority_table                 0x200013c8   Data          64  scheduler.o(.bss)
    __initial_sp                             0x20001808   Data           0  startup_stm32f407xx.o(STACK)



==============================================================================

Memory Map of the image

  Image Entry point : 0x08000189

  Load Region LR_IROM1 (Base: 0x08000000, Size: 0x0000493c, Max: 0x00100000, ABSOLUTE)

    Execution Region ER_IROM1 (Exec base: 0x08000000, Load base: 0x08000000, Size: 0x00004884, Max: 0x00100000, ABSOLUTE)

    Exec Addr    Load Addr    Size         Type   Attr      Idx    E Section Name        Object

    0x08000000   0x08000000   0x00000188   Data   RO            3    RESET               startup_stm32f407xx.o
    0x08000188   0x08000188   0x00000000   Code   RO        10178  * .ARM.Collect$$$$00000000  mc_w.l(entry.o)
    0x08000188   0x08000188   0x00000004   Code   RO        10450    .ARM.Collect$$$$00000001  mc_w.l(entry2.o)
    0x0800018c   0x0800018c   0x00000004   Code   RO        10453    .ARM.Collect$$$$00000004  mc_w.l(entry5.o)
    0x08000190   0x08000190   0x00000000   Code   RO        10455    .ARM.Collect$$$$00000008  mc_w.l(entry7b.o)
    0x08000190   0x08000190   0x00000000   Code   RO        10457    .ARM.Collect$$$$0000000A  mc_w.l(entry8b.o)
    0x08000190   0x08000190   0x00000008   Code   RO        10458    .ARM.Collect$$$$0000000B  mc_w.l(entry9a.o)
    0x08000198   0x08000198   0x00000000   Code   RO        10460    .ARM.Collect$$$$0000000D  mc_w.l(entry10a.o)
    0x08000198   0x08000198   0x00000000   Code   RO        10462    .ARM.Collect$$$$0000000F  mc_w.l(entry11a.o)
    0x08000198   0x08000198   0x00000004   Code   RO        10451    .ARM.Collect$$$$00002712  mc_w.l(entry2.o)
    0x0800019c   0x0800019c   0x00000024   Code   RO            4    .text               startup_stm32f407xx.o
    0x080001c0   0x080001c0   0x00000110   Code   RO        10174    .text               context_rvds.o
    0x080002d0   0x080002d0   0x00000062   Code   RO        10181    .text               mc_w.l(uldiv.o)
    0x08000332   0x08000332   0x00000026   Code   RO        10448    .text               mf_w.l(f2d.o)
    0x08000358   0x08000358   0x0000002c   Code   RO        10465    .text               mc_w.l(uidiv.o)
    0x08000384   0x08000384   0x0000001e   Code   RO        10467    .text               mc_w.l(llshl.o)
    0x080003a2   0x080003a2   0x00000020   Code   RO        10469    .text               mc_w.l(llushr.o)
    0x080003c2   0x080003c2   0x00000000   Code   RO        10471    .text               mc_w.l(iusefp.o)
    0x080003c2   0x080003c2   0x0000014e   Code   RO        10472    .text               mf_w.l(dadd.o)
    0x08000510   0x08000510   0x000000e4   Code   RO        10474    .text               mf_w.l(dmul.o)
    0x080005f4   0x080005f4   0x000000de   Code   RO        10476    .text               mf_w.l(ddiv.o)
    0x080006d2   0x080006d2   0x00000030   Code   RO        10478    .text               mf_w.l(dfixul.o)
    0x08000702   0x08000702   0x00000002   PAD
    0x08000704   0x08000704   0x00000030   Code   RO        10480    .text               mf_w.l(cdrcmple.o)
    0x08000734   0x08000734   0x00000024   Code   RO        10482    .text               mc_w.l(init.o)
    0x08000758   0x08000758   0x00000024   Code   RO        10484    .text               mc_w.l(llsshr.o)
    0x0800077c   0x0800077c   0x000000ba   Code   RO        10486    .text               mf_w.l(depilogue.o)
    0x08000836   0x08000836   0x0000000e   Code   RO         9248    i.$Sub$$main        components.o
    0x08000844   0x08000844   0x00000010   Code   RO         8863    i.ADC_IRQHandler    stm32f4xx_it.o
    0x08000854   0x08000854   0x00000160   Code   RO          440    i.ADC_Init          stm32f4xx_hal_adc.o
    0x080009b4   0x080009b4   0x00000004   Code   RO         8864    i.BusFault_Handler  stm32f4xx_it.o
    0x080009b8   0x080009b8   0x0000003c   Code   RO         8959    i.DEBUG_USART_Config  bsp_debug_usart.o
    0x080009f4   0x080009f4   0x00000002   Code   RO         8865    i.DebugMon_Handler  stm32f4xx_it.o
    0x080009f6   0x080009f6   0x00000002   Code   RO         8866    i.EXTI0_IRQHandler  stm32f4xx_it.o
    0x080009f8   0x080009f8   0x00000002   Code   RO          611    i.HAL_ADCEx_InjectedConvCpltCallback  stm32f4xx_hal_adc_ex.o
    0x080009fa   0x080009fa   0x00000002   PAD
    0x080009fc   0x080009fc   0x0000018c   Code   RO          442    i.HAL_ADC_ConfigChannel  stm32f4xx_hal_adc.o
    0x08000b88   0x08000b88   0x00000014   Code   RO         9017    i.HAL_ADC_ConvCpltCallback  bsp_adc.o
    0x08000b9c   0x08000b9c   0x00000002   Code   RO          446    i.HAL_ADC_ErrorCallback  stm32f4xx_hal_adc.o
    0x08000b9e   0x08000b9e   0x00000008   Code   RO          449    i.HAL_ADC_GetValue  stm32f4xx_hal_adc.o
    0x08000ba6   0x08000ba6   0x00000174   Code   RO          450    i.HAL_ADC_IRQHandler  stm32f4xx_hal_adc.o
    0x08000d1a   0x08000d1a   0x00000002   PAD
    0x08000d1c   0x08000d1c   0x00000068   Code   RO          451    i.HAL_ADC_Init      stm32f4xx_hal_adc.o
    0x08000d84   0x08000d84   0x00000002   Code   RO          452    i.HAL_ADC_LevelOutOfWindowCallback  stm32f4xx_hal_adc.o
    0x08000d86   0x08000d86   0x00000002   Code   RO          454    i.HAL_ADC_MspInit   stm32f4xx_hal_adc.o
    0x08000d88   0x08000d88   0x0000014c   Code   RO          459    i.HAL_ADC_Start_IT  stm32f4xx_hal_adc.o
    0x08000ed4   0x08000ed4   0x00000200   Code   RO         2084    i.HAL_GPIO_Init     stm32f4xx_hal_gpio.o
    0x080010d4   0x080010d4   0x00000010   Code   RO         2086    i.HAL_GPIO_ReadPin  stm32f4xx_hal_gpio.o
    0x080010e4   0x080010e4   0x0000000c   Code   RO          262    i.HAL_GetREVID      stm32f4xx_hal.o
    0x080010f0   0x080010f0   0x0000000c   Code   RO          263    i.HAL_GetTick       stm32f4xx_hal.o
    0x080010fc   0x080010fc   0x0000004c   Code   RO          271    i.HAL_InitTick      stm32f4xx_hal.o
    0x08001148   0x08001148   0x00000020   Code   RO          969    i.HAL_NVIC_EnableIRQ  stm32f4xx_hal_cortex.o
    0x08001168   0x08001168   0x0000007c   Code   RO          975    i.HAL_NVIC_SetPriority  stm32f4xx_hal_cortex.o
    0x080011e4   0x080011e4   0x00000180   Code   RO         4359    i.HAL_RCC_ClockConfig  stm32f4xx_hal_rcc.o
    0x08001364   0x08001364   0x0000000c   Code   RO         4364    i.HAL_RCC_GetHCLKFreq  stm32f4xx_hal_rcc.o
    0x08001370   0x08001370   0x00000020   Code   RO         4366    i.HAL_RCC_GetPCLK1Freq  stm32f4xx_hal_rcc.o
    0x08001390   0x08001390   0x00000020   Code   RO         4367    i.HAL_RCC_GetPCLK2Freq  stm32f4xx_hal_rcc.o
    0x080013b0   0x080013b0   0x000000b0   Code   RO         4368    i.HAL_RCC_GetSysClockFreq  stm32f4xx_hal_rcc.o
    0x08001460   0x08001460   0x00000448   Code   RO         4371    i.HAL_RCC_OscConfig  stm32f4xx_hal_rcc.o
    0x080018a8   0x080018a8   0x00000034   Code   RO          980    i.HAL_SYSTICK_Config  stm32f4xx_hal_cortex.o
    0x080018dc   0x080018dc   0x00000072   Code   RO         6978    i.HAL_UART_Init     stm32f4xx_hal_uart.o
    0x0800194e   0x0800194e   0x00000002   PAD
    0x08001950   0x08001950   0x000000b0   Code   RO         8960    i.HAL_UART_MspInit  bsp_debug_usart.o
    0x08001a00   0x08001a00   0x000000d6   Code   RO         6986    i.HAL_UART_Transmit  stm32f4xx_hal_uart.o
    0x08001ad6   0x08001ad6   0x00000002   PAD
    0x08001ad8   0x08001ad8   0x000000f4   Code   RO         9069    i.Key_GPIO_Config   bsp_key.o
    0x08001bcc   0x08001bcc   0x00000028   Code   RO         9070    i.Key_Scan          bsp_key.o
    0x08001bf4   0x08001bf4   0x000000f4   Code   RO         8932    i.LED_GPIO_Config   bsp_led.o
    0x08001ce8   0x08001ce8   0x00000004   Code   RO         8867    i.MemManage_Handler  stm32f4xx_it.o
    0x08001cec   0x08001cec   0x00000002   Code   RO         8868    i.NMI_Handler       stm32f4xx_it.o
    0x08001cee   0x08001cee   0x00000002   PAD
    0x08001cf0   0x08001cf0   0x00000044   Code   RO         9018    i.Rheostat_ADC_GPIO_Config  bsp_adc.o
    0x08001d34   0x08001d34   0x00000088   Code   RO         9019    i.Rheostat_ADC_Mode_Config  bsp_adc.o
    0x08001dbc   0x08001dbc   0x00000014   Code   RO         9020    i.Rheostat_ADC_NVIC_Config  bsp_adc.o
    0x08001dd0   0x08001dd0   0x00000010   Code   RO         9021    i.Rheostat_Init     bsp_adc.o
    0x08001de0   0x08001de0   0x00000002   Code   RO         8869    i.SVC_Handler       stm32f4xx_it.o
    0x08001de2   0x08001de2   0x00000010   Code   RO         9105    i.SysTick_Handler   board_init.o
    0x08001df2   0x08001df2   0x00000002   PAD
    0x08001df4   0x08001df4   0x000000c0   Code   RO         9106    i.SystemClock_Config  board_init.o
    0x08001eb4   0x08001eb4   0x00000064   Code   RO           14    i.SystemInit        system_stm32f4xx.o
    0x08001f18   0x08001f18   0x00000368   Code   RO         7005    i.UART_SetConfig    stm32f4xx_hal_uart.o
    0x08002280   0x08002280   0x0000006c   Code   RO         7007    i.UART_WaitOnFlagUntilTimeout  stm32f4xx_hal_uart.o
    0x080022ec   0x080022ec   0x00000004   Code   RO         8870    i.UsageFault_Handler  stm32f4xx_it.o
    0x080022f0   0x080022f0   0x00000020   Code   RO        10420    i.__0printf         mc_w.l(printfa.o)
    0x08002310   0x08002310   0x00000010   Code   RO          982    i.__NVIC_GetPriorityGrouping  stm32f4xx_hal_cortex.o
    0x08002320   0x08002320   0x00000028   Code   RO          983    i.__NVIC_SetPriority  stm32f4xx_hal_cortex.o
    0x08002348   0x08002348   0x0000004c   Code   RO         9529    i.__rt_ffs          kservice.o
    0x08002394   0x08002394   0x0000000e   Code   RO        10490    i.__scatterload_copy  mc_w.l(handlers.o)
    0x080023a2   0x080023a2   0x00000002   Code   RO        10491    i.__scatterload_null  mc_w.l(handlers.o)
    0x080023a4   0x080023a4   0x0000000e   Code   RO        10492    i.__scatterload_zeroinit  mc_w.l(handlers.o)
    0x080023b2   0x080023b2   0x00000002   PAD
    0x080023b4   0x080023b4   0x00000184   Code   RO        10427    i._fp_digits        mc_w.l(printfa.o)
    0x08002538   0x08002538   0x00000014   Code   RO         9322    i._has_defunct_thread  idle.o
    0x0800254c   0x0800254c   0x000006dc   Code   RO        10428    i._printf_core      mc_w.l(printfa.o)
    0x08002c28   0x08002c28   0x00000024   Code   RO        10429    i._printf_post_padding  mc_w.l(printfa.o)
    0x08002c4c   0x08002c4c   0x0000002e   Code   RO        10430    i._printf_pre_padding  mc_w.l(printfa.o)
    0x08002c7a   0x08002c7a   0x00000002   PAD
    0x08002c7c   0x08002c7c   0x00000084   Code   RO         9919    i._rt_thread_init   thread.o
    0x08002d00   0x08002d00   0x00000042   Code   RO        10034    i._rt_timer_init    timer.o
    0x08002d42   0x08002d42   0x0000002e   Code   RO        10035    i._rt_timer_remove  timer.o
    0x08002d70   0x08002d70   0x0000001c   Code   RO         8963    i.fputc             bsp_debug_usart.o
    0x08002d8c   0x08002d8c   0x00000040   Code   RO         8550    i.key_thread_entry  main.o
    0x08002dcc   0x08002dcc   0x000000ac   Code   RO         8551    i.led1_thread_entry  main.o
    0x08002e78   0x08002e78   0x000000c4   Code   RO         8552    i.main              main.o
    0x08002f3c   0x08002f3c   0x0000000e   Code   RO         9249    i.main_thread_entry  components.o
    0x08002f4a   0x08002f4a   0x00000002   PAD
    0x08002f4c   0x08002f4c   0x00000078   Code   RO         9706    i.plug_holes        mem.o
    0x08002fc4   0x08002fc4   0x0000018c   Code   RO         9531    i.print_number      kservice.o
    0x08003150   0x08003150   0x0000002c   Code   RO         9250    i.rt_application_init  components.o
    0x0800317c   0x0800317c   0x0000001c   Code   RO         9251    i.rt_components_board_init  components.o
    0x08003198   0x08003198   0x0000001c   Code   RO         9252    i.rt_components_init  components.o
    0x080031b4   0x080031b4   0x00000020   Code   RO         9838    i.rt_enter_critical  scheduler.o
    0x080031d4   0x080031d4   0x0000003c   Code   RO         9839    i.rt_exit_critical  scheduler.o
    0x08003210   0x08003210   0x000000e0   Code   RO         9708    i.rt_free           mem.o
    0x080032f0   0x080032f0   0x00000008   Code   RO         9107    i.rt_heap_begin_get  board_init.o
    0x080032f8   0x080032f8   0x00000008   Code   RO         9108    i.rt_heap_end_get   board_init.o
    0x08003300   0x08003300   0x00000088   Code   RO         9109    i.rt_hw_board_init  board_init.o
    0x08003388   0x08003388   0x00000044   Code   RO         9110    i.rt_hw_console_output  board_init.o
    0x080033cc   0x080033cc   0x0000010c   Code   RO        10143    i.rt_hw_hard_fault_exception  cpuport.o
    0x080034d8   0x080034d8   0x00000050   Code   RO        10144    i.rt_hw_stack_init  cpuport.o
    0x08003528   0x08003528   0x00000020   Code   RO         9502    i.rt_interrupt_enter  irq.o
    0x08003548   0x08003548   0x00000020   Code   RO         9504    i.rt_interrupt_leave  irq.o
    0x08003568   0x08003568   0x00000014   Code   RO         9362    i.rt_ipc_list_resume  ipc.o
    0x0800357c   0x0800357c   0x0000006c   Code   RO         9364    i.rt_ipc_list_suspend  ipc.o
    0x080035e8   0x080035e8   0x00000010   Code   RO         9365    i.rt_ipc_object_init  ipc.o
    0x080035f8   0x080035f8   0x00000030   Code   RO         9535    i.rt_kprintf        kservice.o
    0x08003628   0x08003628   0x00000006   Code   RO         9366    i.rt_list_init      ipc.o
    0x0800362e   0x0800362e   0x00000006   Code   RO         9840    i.rt_list_init      scheduler.o
    0x08003634   0x08003634   0x00000006   Code   RO        10036    i.rt_list_init      timer.o
    0x0800363a   0x0800363a   0x0000000e   Code   RO         9768    i.rt_list_insert_after  object.o
    0x08003648   0x08003648   0x0000000e   Code   RO         9920    i.rt_list_insert_after  thread.o
    0x08003656   0x08003656   0x0000000e   Code   RO        10037    i.rt_list_insert_after  timer.o
    0x08003664   0x08003664   0x0000000e   Code   RO         9367    i.rt_list_insert_before  ipc.o
    0x08003672   0x08003672   0x00000010   Code   RO         9368    i.rt_list_isempty   ipc.o
    0x08003682   0x08003682   0x00000010   Code   RO        10038    i.rt_list_isempty   timer.o
    0x08003692   0x08003692   0x00000012   Code   RO         9769    i.rt_list_remove    object.o
    0x080036a4   0x080036a4   0x00000012   Code   RO         9921    i.rt_list_remove    thread.o
    0x080036b6   0x080036b6   0x00000002   PAD
    0x080036b8   0x080036b8   0x0000016c   Code   RO         9709    i.rt_malloc         mem.o
    0x08003824   0x08003824   0x00000048   Code   RO         9541    i.rt_memset         kservice.o
    0x0800386c   0x0800386c   0x0000004a   Code   RO         9770    i.rt_object_allocate  object.o
    0x080038b6   0x080038b6   0x00000020   Code   RO         9771    i.rt_object_delete  object.o
    0x080038d6   0x080038d6   0x0000001a   Code   RO         9772    i.rt_object_detach  object.o
    0x080038f0   0x080038f0   0x00000028   Code   RO         9774    i.rt_object_get_information  object.o
    0x08003918   0x08003918   0x0000003c   Code   RO         9775    i.rt_object_init    object.o
    0x08003954   0x08003954   0x00000012   Code   RO         9776    i.rt_object_is_systemobject  object.o
    0x08003966   0x08003966   0x00000002   PAD
    0x08003968   0x08003968   0x00000090   Code   RO         9841    i.rt_schedule       scheduler.o
    0x080039f8   0x080039f8   0x00000050   Code   RO         9842    i.rt_schedule_insert_thread  scheduler.o
    0x08003a48   0x08003a48   0x00000054   Code   RO         9843    i.rt_schedule_remove_thread  scheduler.o
    0x08003a9c   0x08003a9c   0x00000026   Code   RO         9381    i.rt_sem_init       ipc.o
    0x08003ac2   0x08003ac2   0x0000003a   Code   RO         9382    i.rt_sem_release    ipc.o
    0x08003afc   0x08003afc   0x00000074   Code   RO         9383    i.rt_sem_take       ipc.o
    0x08003b70   0x08003b70   0x000000b0   Code   RO         9543    i.rt_show_version   kservice.o
    0x08003c20   0x08003c20   0x00000012   Code   RO         9549    i.rt_strlen         kservice.o
    0x08003c32   0x08003c32   0x00000034   Code   RO         9551    i.rt_strncpy        kservice.o
    0x08003c66   0x08003c66   0x00000002   PAD
    0x08003c68   0x08003c68   0x000000f8   Code   RO         9712    i.rt_system_heap_init  mem.o
    0x08003d60   0x08003d60   0x0000004c   Code   RO         9844    i.rt_system_scheduler_init  scheduler.o
    0x08003dac   0x08003dac   0x00000030   Code   RO         9845    i.rt_system_scheduler_start  scheduler.o
    0x08003ddc   0x08003ddc   0x0000001c   Code   RO        10039    i.rt_system_timer_init  timer.o
    0x08003df8   0x08003df8   0x00000002   Code   RO        10040    i.rt_system_timer_thread_init  timer.o
    0x08003dfa   0x08003dfa   0x00000050   Code   RO         9923    i.rt_thread_create  thread.o
    0x08003e4a   0x08003e4a   0x0000000c   Code   RO         9924    i.rt_thread_delay   thread.o
    0x08003e56   0x08003e56   0x00000002   PAD
    0x08003e58   0x08003e58   0x00000054   Code   RO         9927    i.rt_thread_exit    thread.o
    0x08003eac   0x08003eac   0x00000008   Code   RO         9323    i.rt_thread_idle_entry  idle.o
    0x08003eb4   0x08003eb4   0x00000084   Code   RO         9324    i.rt_thread_idle_excute  idle.o
    0x08003f38   0x08003f38   0x0000003c   Code   RO         9326    i.rt_thread_idle_init  idle.o
    0x08003f74   0x08003f74   0x00000034   Code   RO         9929    i.rt_thread_init    thread.o
    0x08003fa8   0x08003fa8   0x0000003c   Code   RO         9930    i.rt_thread_resume  thread.o
    0x08003fe4   0x08003fe4   0x0000000c   Code   RO         9931    i.rt_thread_self    thread.o
    0x08003ff0   0x08003ff0   0x00000044   Code   RO         9932    i.rt_thread_sleep   thread.o
    0x08004034   0x08004034   0x0000002c   Code   RO         9933    i.rt_thread_startup  thread.o
    0x08004060   0x08004060   0x00000044   Code   RO         9934    i.rt_thread_suspend  thread.o
    0x080040a4   0x080040a4   0x00000020   Code   RO         9935    i.rt_thread_timeout  thread.o
    0x080040c4   0x080040c4   0x00000064   Code   RO         9936    i.rt_thread_yield   thread.o
    0x08004128   0x08004128   0x0000000c   Code   RO         9164    i.rt_tick_get       clock.o
    0x08004134   0x08004134   0x00000030   Code   RO         9165    i.rt_tick_increase  clock.o
    0x08004164   0x08004164   0x0000007c   Code   RO        10041    i.rt_timer_check    timer.o
    0x080041e0   0x080041e0   0x00000038   Code   RO        10042    i.rt_timer_control  timer.o
    0x08004218   0x08004218   0x00000020   Code   RO        10045    i.rt_timer_detach   timer.o
    0x08004238   0x08004238   0x0000002e   Code   RO        10046    i.rt_timer_init     timer.o
    0x08004266   0x08004266   0x00000002   PAD
    0x08004268   0x08004268   0x000000f8   Code   RO        10049    i.rt_timer_start    timer.o
    0x08004360   0x08004360   0x00000030   Code   RO        10050    i.rt_timer_stop     timer.o
    0x08004390   0x08004390   0x00000328   Code   RO         9554    i.rt_vsnprintf      kservice.o
    0x080046b8   0x080046b8   0x00000004   Code   RO         9253    i.rti_board_end     components.o
    0x080046bc   0x080046bc   0x00000004   Code   RO         9254    i.rti_board_start   components.o
    0x080046c0   0x080046c0   0x00000004   Code   RO         9255    i.rti_end           components.o
    0x080046c4   0x080046c4   0x00000004   Code   RO         9256    i.rti_start         components.o
    0x080046c8   0x080046c8   0x0000002a   Code   RO         9257    i.rtthread_startup  components.o
    0x080046f2   0x080046f2   0x00000026   Code   RO         9556    i.skip_atoi         kservice.o
    0x08004718   0x08004718   0x00000018   Data   RO           15    .constdata          system_stm32f4xx.o
    0x08004730   0x08004730   0x00000122   Data   RO         9558    .constdata          kservice.o
    0x08004852   0x08004852   0x00000002   PAD
    0x08004854   0x08004854   0x00000004   Data   RO         9258    .rti_fn.0           components.o
    0x08004858   0x08004858   0x00000004   Data   RO         9259    .rti_fn.0.end       components.o
    0x0800485c   0x0800485c   0x00000004   Data   RO         9260    .rti_fn.1.end       components.o
    0x08004860   0x08004860   0x00000004   Data   RO         9261    .rti_fn.6.end       components.o
    0x08004864   0x08004864   0x00000020   Data   RO        10488    Region$$Table       anon$$obj.o


    Execution Region RW_IRAM1 (Exec base: 0x20000000, Load base: 0x08004884, Size: 0x00001808, Max: 0x00020000, ABSOLUTE)

    Exec Addr    Load Addr    Size         Type   Attr      Idx    E Section Name        Object

    0x20000000   0x08004884   0x00000004   Data   RW           16    .data               system_stm32f4xx.o
    0x20000004   0x08004888   0x00000009   Data   RW          277    .data               stm32f4xx_hal.o
    0x2000000d   0x08004891   0x00000003   PAD
    0x20000010   0x08004894   0x0000000c   Data   RW         8553    .data               main.o
    0x2000001c   0x080048a0   0x00000002   Data   RW         9023    .data               bsp_adc.o
    0x2000001e   0x080048a2   0x00000002   PAD
    0x20000020   0x080048a4   0x00000004   Data   RW         9167    .data               clock.o
    0x20000024   0x080048a8   0x00000001   Data   RW         9505    .data               irq.o
    0x20000025   0x080048a9   0x00000003   PAD
    0x20000028   0x080048ac   0x00000018   Data   RW         9714    .data               mem.o
    0x20000040   0x080048c4   0x00000040   Data   RW         9778    .data               object.o
    0x20000080   0x08004904   0x00000018   Data   RW         9847    .data               scheduler.o
    0x20000098   0x0800491c   0x0000000c   Data   RW        10051    .data               timer.o
    0x200000a4   0x08004928   0x00000010   Data   RW        10145    .data               cpuport.o
    0x200000b4   0x08004938   0x00000004   Data   RW        10464    .data               mc_w.l(stdout.o)
    0x200000b8        -       0x00000040   Zero   RW         8964    .bss                bsp_debug_usart.o
    0x200000f8        -       0x000000b8   Zero   RW         9022    .bss                bsp_adc.o
    0x200001b0        -       0x00001000   Zero   RW         9111    .bss                board_init.o
    0x200011b0        -       0x00000178   Zero   RW         9327    .bss                idle.o
    0x20001328        -       0x00000080   Zero   RW         9557    .bss                kservice.o
    0x200013a8        -       0x00000020   Zero   RW         9713    .bss                mem.o
    0x200013c8        -       0x00000040   Zero   RW         9846    .bss                scheduler.o
    0x20001408        -       0x00000400   Zero   RW            1    STACK               startup_stm32f407xx.o


==============================================================================

Image component sizes


      Code (inc. data)   RO Data    RW Data    ZI Data      Debug   Object Name

       428         36          0          0       4096      35166   board_init.o
       260         30          0          2        184       4006   bsp_adc.o
       264         22          0          0         64       4089   bsp_debug_usart.o
       284         16          0          0          0       1957   bsp_key.o
       244         20          0          0          0       1194   bsp_led.o
        60         12          0          4          0       6473   clock.o
       186         28         16          0          0       6976   components.o
       272         26          0          0          0        896   context_rvds.o
       348        166          0         16          0       3978   cpuport.o
       220         30          0          0        376       5638   idle.o
       392          0          0          0          0       8801   ipc.o
        64         12          0          1          0       1926   irq.o
      1684        164        290          0        128       9836   kservice.o
       432        206          0         12          0     664473   main.o
       956        224          0         24         32       4444   mem.o
       282          4          0         64          0       8652   object.o
       530         88          0         24         64       8942   scheduler.o
        36          8        392          0       1024       1028   startup_stm32f407xx.o
       100         22          0          9          0       3799   stm32f4xx_hal.o
      1570         58          0          0          0       7783   stm32f4xx_hal_adc.o
         2          0          0          0          0       1181   stm32f4xx_hal_adc_ex.o
       264         14          0          0          0      34204   stm32f4xx_hal_cortex.o
       528         46          0          0          0       2591   stm32f4xx_hal_gpio.o
      1732         84          0          0          0       6144   stm32f4xx_hal_rcc.o
      1308          8          0          0          0       4136   stm32f4xx_hal_uart.o
        36          6          0          0          0       4531   stm32f4xx_it.o
       100         18         24          4          0     682535   system_stm32f4xx.o
       776         36          0          0          0      12815   thread.o
       732         20          0         12          0      12156   timer.o

    ----------------------------------------------------------------------
     14114       1404        756        180       5968    1550350   Object Totals
         0          0         32          0          0          0   (incl. Generated)
        24          0          2          8          0          0   (incl. Padding)

    ----------------------------------------------------------------------

      Code (inc. data)   RO Data    RW Data    ZI Data      Debug   Library Member Name

         0          0          0          0          0          0   entry.o
         0          0          0          0          0          0   entry10a.o
         0          0          0          0          0          0   entry11a.o
         8          4          0          0          0          0   entry2.o
         4          0          0          0          0          0   entry5.o
         0          0          0          0          0          0   entry7b.o
         0          0          0          0          0          0   entry8b.o
         8          4          0          0          0          0   entry9a.o
        30          0          0          0          0          0   handlers.o
        36          8          0          0          0         68   init.o
         0          0          0          0          0          0   iusefp.o
        30          0          0          0          0         68   llshl.o
        36          0          0          0          0         68   llsshr.o
        32          0          0          0          0         68   llushr.o
      2258         90          0          0          0        452   printfa.o
         0          0          0          4          0          0   stdout.o
        44          0          0          0          0         80   uidiv.o
        98          0          0          0          0         92   uldiv.o
        48          0          0          0          0         68   cdrcmple.o
       334          0          0          0          0        148   dadd.o
       222          0          0          0          0        100   ddiv.o
       186          0          0          0          0        176   depilogue.o
        48          0          0          0          0         68   dfixul.o
       228          0          0          0          0         96   dmul.o
        38          0          0          0          0         68   f2d.o

    ----------------------------------------------------------------------
      3694        106          0          4          0       1620   Library Totals
         6          0          0          0          0          0   (incl. Padding)

    ----------------------------------------------------------------------

      Code (inc. data)   RO Data    RW Data    ZI Data      Debug   Library Name

      2584        106          0          4          0        896   mc_w.l
      1104          0          0          0          0        724   mf_w.l

    ----------------------------------------------------------------------
      3694        106          0          4          0       1620   Library Totals

    ----------------------------------------------------------------------

==============================================================================


      Code (inc. data)   RO Data    RW Data    ZI Data      Debug   

     17808       1510        756        184       5968    1537494   Grand Totals
     17808       1510        756        184       5968    1537494   ELF Image Totals
     17808       1510        756        184          0          0   ROM Totals

==============================================================================

    Total RO  Size (Code + RO Data)                18564 (  18.13kB)
    Total RW  Size (RW Data + ZI Data)              6152 (   6.01kB)
    Total ROM Size (Code + RO Data + RW Data)      18748 (  18.31kB)

==============================================================================

