Component: ARM Compiler 5.06 update 6 (build 750) Tool: armlink [4d35ed]

==============================================================================

Section Cross References

    startup_stm32f407xx.o(RESET) refers to startup_stm32f407xx.o(STACK) for __initial_sp
    startup_stm32f407xx.o(RESET) refers to startup_stm32f407xx.o(.text) for Reset_Handler
    startup_stm32f407xx.o(RESET) refers to stm32f4xx_it.o(i.NMI_Handler) for NMI_Handler
    startup_stm32f407xx.o(RESET) refers to context_rvds.o(.text) for HardFault_Handler
    startup_stm32f407xx.o(RESET) refers to stm32f4xx_it.o(i.MemManage_Handler) for MemManage_Handler
    startup_stm32f407xx.o(RESET) refers to stm32f4xx_it.o(i.BusFault_Handler) for BusFault_Handler
    startup_stm32f407xx.o(RESET) refers to stm32f4xx_it.o(i.UsageFault_Handler) for UsageFault_Handler
    startup_stm32f407xx.o(RESET) refers to stm32f4xx_it.o(i.SVC_Handler) for SVC_Handler
    startup_stm32f407xx.o(RESET) refers to stm32f4xx_it.o(i.DebugMon_Handler) for DebugMon_Handler
    startup_stm32f407xx.o(RESET) refers to board_init.o(i.SysTick_Handler) for SysTick_Handler
    startup_stm32f407xx.o(RESET) refers to stm32f4xx_it.o(i.OTG_FS_IRQHandler) for OTG_FS_IRQHandler
    startup_stm32f407xx.o(.text) refers to system_stm32f4xx.o(i.SystemInit) for SystemInit
    startup_stm32f407xx.o(.text) refers to entry.o(.ARM.Collect$$$$00000000) for __main
    system_stm32f4xx.o(i.SystemCoreClockUpdate) refers to system_stm32f4xx.o(.data) for SystemCoreClock
    system_stm32f4xx.o(i.SystemCoreClockUpdate) refers to system_stm32f4xx.o(.constdata) for AHBPrescTable
    stm32f4xx_hal.o(i.HAL_DeInit) refers to stm32f4xx_hal_msp_template.o(i.HAL_MspDeInit) for HAL_MspDeInit
    stm32f4xx_hal.o(i.HAL_Delay) refers to stm32f4xx_hal.o(i.HAL_GetTick) for HAL_GetTick
    stm32f4xx_hal.o(i.HAL_Delay) refers to stm32f4xx_hal.o(.data) for uwTickFreq
    stm32f4xx_hal.o(i.HAL_GetTick) refers to stm32f4xx_hal.o(.data) for uwTick
    stm32f4xx_hal.o(i.HAL_GetTickFreq) refers to stm32f4xx_hal.o(.data) for uwTickFreq
    stm32f4xx_hal.o(i.HAL_GetTickPrio) refers to stm32f4xx_hal.o(.data) for uwTickPrio
    stm32f4xx_hal.o(i.HAL_IncTick) refers to stm32f4xx_hal.o(.data) for uwTick
    stm32f4xx_hal.o(i.HAL_Init) refers to stm32f4xx_hal_cortex.o(i.HAL_NVIC_SetPriorityGrouping) for HAL_NVIC_SetPriorityGrouping
    stm32f4xx_hal.o(i.HAL_Init) refers to stm32f4xx_hal.o(i.HAL_InitTick) for HAL_InitTick
    stm32f4xx_hal.o(i.HAL_Init) refers to stm32f4xx_hal_msp_template.o(i.HAL_MspInit) for HAL_MspInit
    stm32f4xx_hal.o(i.HAL_InitTick) refers to stm32f4xx_hal_cortex.o(i.HAL_SYSTICK_Config) for HAL_SYSTICK_Config
    stm32f4xx_hal.o(i.HAL_InitTick) refers to stm32f4xx_hal_cortex.o(i.HAL_NVIC_SetPriority) for HAL_NVIC_SetPriority
    stm32f4xx_hal.o(i.HAL_InitTick) refers to stm32f4xx_hal.o(.data) for uwTickFreq
    stm32f4xx_hal.o(i.HAL_InitTick) refers to system_stm32f4xx.o(.data) for SystemCoreClock
    stm32f4xx_hal.o(i.HAL_SetTickFreq) refers to stm32f4xx_hal.o(i.HAL_InitTick) for HAL_InitTick
    stm32f4xx_hal.o(i.HAL_SetTickFreq) refers to stm32f4xx_hal.o(.data) for uwTickFreq
    stm32f4xx_hal_adc.o(i.ADC_DMAConvCplt) refers to stm32f4xx_hal_adc.o(i.HAL_ADC_ConvCpltCallback) for HAL_ADC_ConvCpltCallback
    stm32f4xx_hal_adc.o(i.ADC_DMAConvCplt) refers to stm32f4xx_hal_adc.o(i.HAL_ADC_ErrorCallback) for HAL_ADC_ErrorCallback
    stm32f4xx_hal_adc.o(i.ADC_DMAError) refers to stm32f4xx_hal_adc.o(i.HAL_ADC_ErrorCallback) for HAL_ADC_ErrorCallback
    stm32f4xx_hal_adc.o(i.ADC_DMAHalfConvCplt) refers to stm32f4xx_hal_adc.o(i.HAL_ADC_ConvHalfCpltCallback) for HAL_ADC_ConvHalfCpltCallback
    stm32f4xx_hal_adc.o(i.HAL_ADC_ConfigChannel) refers to system_stm32f4xx.o(.data) for SystemCoreClock
    stm32f4xx_hal_adc.o(i.HAL_ADC_DeInit) refers to stm32f4xx_hal_adc.o(i.HAL_ADC_MspDeInit) for HAL_ADC_MspDeInit
    stm32f4xx_hal_adc.o(i.HAL_ADC_IRQHandler) refers to stm32f4xx_hal_adc.o(i.HAL_ADC_ConvCpltCallback) for HAL_ADC_ConvCpltCallback
    stm32f4xx_hal_adc.o(i.HAL_ADC_IRQHandler) refers to stm32f4xx_hal_adc_ex.o(i.HAL_ADCEx_InjectedConvCpltCallback) for HAL_ADCEx_InjectedConvCpltCallback
    stm32f4xx_hal_adc.o(i.HAL_ADC_IRQHandler) refers to stm32f4xx_hal_adc.o(i.HAL_ADC_LevelOutOfWindowCallback) for HAL_ADC_LevelOutOfWindowCallback
    stm32f4xx_hal_adc.o(i.HAL_ADC_IRQHandler) refers to stm32f4xx_hal_adc.o(i.HAL_ADC_ErrorCallback) for HAL_ADC_ErrorCallback
    stm32f4xx_hal_adc.o(i.HAL_ADC_Init) refers to stm32f4xx_hal_adc.o(i.HAL_ADC_MspInit) for HAL_ADC_MspInit
    stm32f4xx_hal_adc.o(i.HAL_ADC_Init) refers to stm32f4xx_hal_adc.o(i.ADC_Init) for ADC_Init
    stm32f4xx_hal_adc.o(i.HAL_ADC_PollForConversion) refers to stm32f4xx_hal.o(i.HAL_GetTick) for HAL_GetTick
    stm32f4xx_hal_adc.o(i.HAL_ADC_PollForEvent) refers to stm32f4xx_hal.o(i.HAL_GetTick) for HAL_GetTick
    stm32f4xx_hal_adc.o(i.HAL_ADC_Start) refers to system_stm32f4xx.o(.data) for SystemCoreClock
[...]
    _printf_l                                0x00000000   Number         0  stubs.o ABSOLUTE
    _printf_lc                               0x00000000   Number         0  stubs.o ABSOLUTE
    _printf_ll                               0x00000000   Number         0  stubs.o ABSOLUTE
    _printf_lld                              0x00000000   Number         0  stubs.o ABSOLUTE
    _printf_lli                              0x00000000   Number         0  stubs.o ABSOLUTE
    _printf_llo                              0x00000000   Number         0  stubs.o ABSOLUTE
    _printf_llu                              0x00000000   Number         0  stubs.o ABSOLUTE
    _printf_llx                              0x00000000   Number         0  stubs.o ABSOLUTE
    _printf_longlong_dec                     0x00000000   Number         0  stubs.o ABSOLUTE
    _printf_longlong_hex                     0x00000000   Number         0  stubs.o ABSOLUTE
    _printf_longlong_oct                     0x00000000   Number         0  stubs.o ABSOLUTE
    _printf_ls                               0x00000000   Number         0  stubs.o ABSOLUTE
    _printf_mbtowc                           0x00000000   Number         0  stubs.o ABSOLUTE
    _printf_n                                0x00000000   Number         0  stubs.o ABSOLUTE
    _printf_o                                0x00000000   Number         0  stubs.o ABSOLUTE
    _printf_p                                0x00000000   Number         0  stubs.o ABSOLUTE
    _printf_percent                          0x00000000   Number         0  stubs.o ABSOLUTE
    _printf_pre_padding                      0x00000000   Number         0  stubs.o ABSOLUTE
    _printf_return_value                     0x00000000   Number         0  stubs.o ABSOLUTE
    _printf_s                                0x00000000   Number         0  stubs.o ABSOLUTE
    _printf_sizespec                         0x00000000   Number         0  stubs.o ABSOLUTE
    _printf_str                              0x00000000   Number         0  stubs.o ABSOLUTE
    _printf_truncate_signed                  0x00000000   Number         0  stubs.o ABSOLUTE
    _printf_truncate_unsigned                0x00000000   Number         0  stubs.o ABSOLUTE
    _printf_u                                0x00000000   Number         0  stubs.o ABSOLUTE
    _printf_wc                               0x00000000   Number         0  stubs.o ABSOLUTE
    _printf_wctomb                           0x00000000   Number         0  stubs.o ABSOLUTE
    _printf_widthprec                        0x00000000   Number         0  stubs.o ABSOLUTE
    _printf_x                                0x00000000   Number         0  stubs.o ABSOLUTE
    __cpp_initialize__aeabi_                  - Undefined Weak Reference
    __cxa_finalize                            - Undefined Weak Reference
    _clock_init                               - Undefined Weak Reference
    _microlib_exit                            - Undefined Weak Reference
    __Vectors_Size                           0x00000188   Number         0  startup_stm32f407xx.o ABSOLUTE
    __Vectors                                0x08000000   Data           4  startup_stm32f407xx.o(RESET)
    __Vectors_End                            0x08000188   Data           0  startup_stm32f407xx.o(RESET)
    __main                                   0x08000189   Thumb Code     0  entry.o(.ARM.Collect$$$$00000000)
    _main_stk                                0x08000189   Thumb Code     0  entry2.o(.ARM.Collect$$$$00000001)
    _main_scatterload                        0x0800018d   Thumb Code     0  entry5.o(.ARM.Collect$$$$00000004)
    __main_after_scatterload                 0x08000191   Thumb Code     0  entry5.o(.ARM.Collect$$$$00000004)
    _main_clock                              0x08000191   Thumb Code     0  entry7b.o(.ARM.Collect$$$$00000008)
    _main_cpp_init                           0x08000191   Thumb Code     0  entry8b.o(.ARM.Collect$$$$0000000A)
    _main_init                               0x08000191   Thumb Code     0  entry9a.o(.ARM.Collect$$$$0000000B)
    __rt_final_cpp                           0x08000199   Thumb Code     0  entry10a.o(.ARM.Collect$$$$0000000D)
    __rt_final_exit                          0x08000199   Thumb Code     0  entry11a.o(.ARM.Collect$$$$0000000F)
    Reset_Handler                            0x0800019d   Thumb Code     8  startup_stm32f407xx.o(.text)
    ADC_IRQHandler                           0x080001b7   Thumb Code     0  startup_stm32f407xx.o(.text)
    CAN1_RX0_IRQHandler                      0x080001b7   Thumb Code     0  startup_stm32f407xx.o(.text)
    CAN1_RX1_IRQHandler                      0x080001b7   Thumb Code     0  startup_stm32f407xx.o(.text)
    CAN1_SCE_IRQHandler                      0x080001b7   Thumb Code     0  startup_stm32f407xx.o(.text)
    CAN1_TX_IRQHandler                       0x080001b7   Thumb Code     0  startup_stm32f407xx.o(.text)
    CAN2_RX0_IRQHandler                      0x080001b7   Thumb Code     0  startup_stm32f407xx.o(.text)
    CAN2_RX1_IRQHandler                      0x080001b7   Thumb Code     0  startup_stm32f407xx.o(.text)
    CAN2_SCE_IRQHandler                      0x080001b7   Thumb Code     0  startup_stm32f407xx.o(.text)
    CAN2_TX_IRQHandler                       0x080001b7   Thumb Code     0  startup_stm32f407xx.o(.text)
    DCMI_IRQHandler                          0x080001b7   Thumb Code     0  startup_stm32f407xx.o(.text)
    DMA1_Stream0_IRQHandler                  0x080001b7   Thumb Code     0  startup_stm32f407xx.o(.text)
    DMA1_Stream1_IRQHandler                  0x080001b7   Thumb Code     0  startup_stm32f407xx.o(.text)
    DMA1_Stream2_IRQHandler                  0x080001b7   Thumb Code     0  startup_stm32f407xx.o(.text)
    DMA1_Stream3_IRQHandler                  0x080001b7   Thumb Code     0  startup_stm32f407xx.o(.text)
    DMA1_Stream4_IRQHandler                  0x080001b7   Thumb Code     0  startup_stm32f407xx.o(.text)
    DMA1_Stream5_IRQHandler                  0x080001b7   Thumb Code     0  startup_stm32f407xx.o(.text)
    DMA1_Stream6_IRQHandler                  0x080001b7   Thumb Code     0  startup_stm32f407xx.o(.text)
    DMA1_Stream7_IRQHandler                  0x080001b7   Thumb Code     0  startup_stm32f407xx.o(.text)
    DMA2_Stream0_IRQHandler                  0x080001b7   Thumb Code     0  startup_stm32f407xx.o(.text)
    DMA2_Stream1_IRQHandler                  0x080001b7   Thumb Code     0  startup_stm32f407xx.o(.text)
    DMA2_Stream2_IRQHandler                  0x080001b7   Thumb Code     0  startup_stm32f407xx.o(.text)
    DMA2_Stream3_IRQHandler                  0x080001b7   Thumb Code     0  startup_stm32f407xx.o(.text)
    DMA2_Stream4_IRQHandler                  0x080001b7   Thumb Code     0  startup_stm32f407xx.o(.text)
    DMA2_Stream5_IRQHandler                  0x080001b7   Thumb Code     0  startup_stm32f407xx.o(.text)
    DMA2_Stream6_IRQHandler                  0x080001b7   Thumb Code     0  startup_stm32f407xx.o(.text)
    DMA2_Stream7_IRQHandler                  0x080001b7   Thumb Code     0  startup_stm32f407xx.o(.text)
    ETH_IRQHandler                           0x080001b7   Thumb Code     0  startup_stm32f407xx.o(.text)
    ETH_WKUP_IRQHandler                      0x080001b7   Thumb Code     0  startup_stm32f407xx.o(.text)
    EXTI0_IRQHandler                         0x080001b7   Thumb Code     0  startup_stm32f407xx.o(.text)
    EXTI15_10_IRQHandler                     0x080001b7   Thumb Code     0  startup_stm32f407xx.o(.text)
    EXTI1_IRQHandler                         0x080001b7   Thumb Code     0  startup_stm32f407xx.o(.text)
    EXTI2_IRQHandler                         0x080001b7   Thumb Code     0  startup_stm32f407xx.o(.text)
    EXTI3_IRQHandler                         0x080001b7   Thumb Code     0  startup_stm32f407xx.o(.text)
    EXTI4_IRQHandler                         0x080001b7   Thumb Code     0  startup_stm32f407xx.o(.text)
    EXTI9_5_IRQHandler                       0x080001b7   Thumb Code     0  startup_stm32f407xx.o(.text)
    FLASH_IRQHandler                         0x080001b7   Thumb Code     0  startup_stm32f407xx.o(.text)
    FMC_IRQHandler                           0x080001b7   Thumb Code     0  startup_stm32f407xx.o(.text)
    FPU_IRQHandler                           0x080001b7   Thumb Code     0  startup_stm32f407xx.o(.text)
    HASH_RNG_IRQHandler                      0x080001b7   Thumb Code     0  startup_stm32f407xx.o(.text)
    I2C1_ER_IRQHandler                       0x080001b7   Thumb Code     0  startup_stm32f407xx.o(.text)
    I2C1_EV_IRQHandler                       0x080001b7   Thumb Code     0  startup_stm32f407xx.o(.text)
    I2C2_ER_IRQHandler                       0x080001b7   Thumb Code     0  startup_stm32f407xx.o(.text)
    I2C2_EV_IRQHandler                       0x080001b7   Thumb Code     0  startup_stm32f407xx.o(.text)
    I2C3_ER_IRQHandler                       0x080001b7   Thumb Code     0  startup_stm32f407xx.o(.text)
    I2C3_EV_IRQHandler                       0x080001b7   Thumb Code     0  startup_stm32f407xx.o(.text)
    OTG_FS_WKUP_IRQHandler                   0x080001b7   Thumb Code     0  startup_stm32f407xx.o(.text)
    OTG_HS_EP1_IN_IRQHandler                 0x080001b7   Thumb Code     0  startup_stm32f407xx.o(.text)
    OTG_HS_EP1_OUT_IRQHandler                0x080001b7   Thumb Code     0  startup_stm32f407xx.o(.text)
    OTG_HS_IRQHandler                        0x080001b7   Thumb Code     0  startup_stm32f407xx.o(.text)
    OTG_HS_WKUP_IRQHandler                   0x080001b7   Thumb Code     0  startup_stm32f407xx.o(.text)
    PVD_IRQHandler                           0x080001b7   Thumb Code     0  startup_stm32f407xx.o(.text)
    RCC_IRQHandler                           0x080001b7   Thumb Code     0  startup_stm32f407xx.o(.text)
    RTC_Alarm_IRQHandler                     0x080001b7   Thumb Code     0  startup_stm32f407xx.o(.text)
    RTC_WKUP_IRQHandler                      0x080001b7   Thumb Code     0  startup_stm32f407xx.o(.text)
    SDIO_IRQHandler                          0x080001b7   Thumb Code     0  startup_stm32f407xx.o(.text)
    SPI1_IRQHandler                          0x080001b7   Thumb Code     0  startup_stm32f407xx.o(.text)
    SPI2_IRQHandler                          0x080001b7   Thumb Code     0  startup_stm32f407xx.o(.text)
    SPI3_IRQHandler                          0x080001b7   Thumb Code     0  startup_stm32f407xx.o(.text)
    TAMP_STAMP_IRQHandler                    0x080001b7   Thumb Code     0  startup_stm32f407xx.o(.text)
    TIM1_BRK_TIM9_IRQHandler                 0x080001b7   Thumb Code     0  startup_stm32f407xx.o(.text)
    TIM1_CC_IRQHandler                       0x080001b7   Thumb Code     0  startup_stm32f407xx.o(.text)
    TIM1_TRG_COM_TIM11_IRQHandler            0x080001b7   Thumb Code     0  startup_stm32f407xx.o(.text)
    TIM1_UP_TIM10_IRQHandler                 0x080001b7   Thumb Code     0  startup_stm32f407xx.o(.text)
    TIM2_IRQHandler                          0x080001b7   Thumb Code     0  startup_stm32f407xx.o(.text)
    TIM3_IRQHandler                          0x080001b7   Thumb Code     0  startup_stm32f407xx.o(.text)
    TIM4_IRQHandler                          0x080001b7   Thumb Code     0  startup_stm32f407xx.o(.text)
    TIM5_IRQHandler                          0x080001b7   Thumb Code     0  startup_stm32f407xx.o(.text)
    TIM6_DAC_IRQHandler                      0x080001b7   Thumb Code     0  startup_stm32f407xx.o(.text)
    TIM7_IRQHandler                          0x080001b7   Thumb Code     0  startup_stm32f407xx.o(.text)
    TIM8_BRK_TIM12_IRQHandler                0x080001b7   Thumb Code     0  startup_stm32f407xx.o(.text)
    TIM8_CC_IRQHandler                       0x080001b7   Thumb Code     0  startup_stm32f407xx.o(.text)
    TIM8_TRG_COM_TIM14_IRQHandler            0x080001b7   Thumb Code     0  startup_stm32f407xx.o(.text)
    TIM8_UP_TIM13_IRQHandler                 0x080001b7   Thumb Code     0  startup_stm32f407xx.o(.text)
    UART4_IRQHandler                         0x080001b7   Thumb Code     0  startup_stm32f407xx.o(.text)
    UART5_IRQHandler                         0x080001b7   Thumb Code     0  startup_stm32f407xx.o(.text)
    USART1_IRQHandler                        0x080001b7   Thumb Code     0  startup_stm32f407xx.o(.text)
    USART2_IRQHandler                        0x080001b7   Thumb Code     0  startup_stm32f407xx.o(.text)
    USART3_IRQHandler                        0x080001b7   Thumb Code     0  startup_stm32f407xx.o(.text)
    USART6_IRQHandler                        0x080001b7   Thumb Code     0  startup_stm32f407xx.o(.text)
    WWDG_IRQHandler                          0x080001b7   Thumb Code     0  startup_stm32f407xx.o(.text)
    rt_hw_interrupt_disable                  0x080001c1   Thumb Code     8  context_rvds.o(.text)
    rt_hw_interrupt_enable                   0x080001c9   Thumb Code     6  context_rvds.o(.text)
    rt_hw_context_switch                     0x080001cf   Thumb Code    32  context_rvds.o(.text)
    rt_hw_context_switch_interrupt           0x080001cf   Thumb Code     0  context_rvds.o(.text)
    PendSV_Handler                           0x080001ef   Thumb Code   108  context_rvds.o(.text)
    rt_hw_context_switch_to                  0x0800025b   Thumb Code    70  context_rvds.o(.text)
    rt_hw_interrupt_thread_switch            0x080002a1   Thumb Code     2  context_rvds.o(.text)
    HardFault_Handler                        0x080002a3   Thumb Code    20  context_rvds.o(.text)
    __aeabi_uldivmod                         0x080002d1   Thumb Code    98  uldiv.o(.text)
    __aeabi_memcpy                           0x08000333   Thumb Code    36  memcpya.o(.text)
    __aeabi_memcpy4                          0x08000333   Thumb Code     0  memcpya.o(.text)
    __aeabi_memcpy8                          0x08000333   Thumb Code     0  memcpya.o(.text)
    __aeabi_memset                           0x08000357   Thumb Code    14  memseta.o(.text)
    __aeabi_memset4                          0x08000357   Thumb Code     0  memseta.o(.text)
    __aeabi_memset8                          0x08000357   Thumb Code     0  memseta.o(.text)
    __aeabi_memclr                           0x08000365   Thumb Code     4  memseta.o(.text)
    __aeabi_memclr4                          0x08000365   Thumb Code     0  memseta.o(.text)
    __aeabi_memclr8                          0x08000365   Thumb Code     0  memseta.o(.text)
    _memset$wrapper                          0x08000369   Thumb Code    18  memseta.o(.text)
    strlen                                   0x0800037b   Thumb Code    14  strlen.o(.text)
    __aeabi_llsl                             0x08000389   Thumb Code    30  llshl.o(.text)
    _ll_shift_l                              0x08000389   Thumb Code     0  llshl.o(.text)
    __aeabi_llsr                             0x080003a7   Thumb Code    32  llushr.o(.text)
    _ll_ushift_r                             0x080003a7   Thumb Code     0  llushr.o(.text)
    __scatterload                            0x080003c9   Thumb Code    28  init.o(.text)
    __scatterload_rt2                        0x080003c9   Thumb Code     0  init.o(.text)
    __decompress                             0x080003ed   Thumb Code     0  __dczerorl2.o(.text)
    __decompress1                            0x080003ed   Thumb Code    86  __dczerorl2.o(.text)
    main                                     0x08000443   Thumb Code    14  components.o(i.$Sub$$main)
    BusFault_Handler                         0x08000451   Thumb Code     4  stm32f4xx_it.o(i.BusFault_Handler)
    DEBUG_USART_Config                       0x08000455   Thumb Code    52  bsp_debug_usart.o(i.DEBUG_USART_Config)
    DebugMon_Handler                         0x080004e3   Thumb Code     2  stm32f4xx_it.o(i.DebugMon_Handler)
    Error_Handler                            0x080004e5   Thumb Code    10  board_init.o(i.Error_Handler)
    FATFS_LinkDriver                         0x08000501   Thumb Code    18  ff_gen_drv.o(i.FATFS_LinkDriver)
    FATFS_LinkDriverEx                       0x08000515   Thumb Code    78  ff_gen_drv.o(i.FATFS_LinkDriverEx)
    HAL_Delay                                0x08000569   Thumb Code    36  stm32f4xx_hal.o(i.HAL_Delay)
    HAL_GPIO_Init                            0x08000591   Thumb Code   466  stm32f4xx_hal_gpio.o(i.HAL_GPIO_Init)
    HAL_GPIO_ReadPin                         0x08000791   Thumb Code    16  stm32f4xx_hal_gpio.o(i.HAL_GPIO_ReadPin)
    HAL_GetREVID                             0x080007a1   Thumb Code     8  stm32f4xx_hal.o(i.HAL_GetREVID)
    HAL_GetTick                              0x080007ad   Thumb Code     6  stm32f4xx_hal.o(i.HAL_GetTick)
    HAL_HCD_Connect_Callback                 0x080007b9   Thumb Code    14  usbh_conf.o(i.HAL_HCD_Connect_Callback)
    HAL_HCD_Disconnect_Callback              0x080007c7   Thumb Code    14  usbh_conf.o(i.HAL_HCD_Disconnect_Callback)
    HAL_HCD_GetCurrentFrame                  0x080007d5   Thumb Code    12  stm32f4xx_hal_hcd.o(i.HAL_HCD_GetCurrentFrame)
    HAL_HCD_GetCurrentSpeed                  0x080007e1   Thumb Code    12  stm32f4xx_hal_hcd.o(i.HAL_HCD_GetCurrentSpeed)
    HAL_HCD_HC_GetURBState                   0x080007ed   Thumb Code    20  stm32f4xx_hal_hcd.o(i.HAL_HCD_HC_GetURBState)
    HAL_HCD_HC_GetXferCount                  0x08000801   Thumb Code    18  stm32f4xx_hal_hcd.o(i.HAL_HCD_HC_GetXferCount)
    HAL_HCD_HC_Halt                          0x08000813   Thumb Code    52  stm32f4xx_hal_hcd.o(i.HAL_HCD_HC_Halt)
    HAL_HCD_HC_Init                          0x08000847   Thumb Code   222  stm32f4xx_hal_hcd.o(i.HAL_HCD_HC_Init)
    HAL_HCD_HC_NotifyURBChange_Callback      0x08000925   Thumb Code     2  usbh_conf.o(i.HAL_HCD_HC_NotifyURBChange_Callback)
    HAL_HCD_HC_SubmitRequest                 0x08000927   Thumb Code   544  stm32f4xx_hal_hcd.o(i.HAL_HCD_HC_SubmitRequest)
    HAL_HCD_IRQHandler                       0x08000b47   Thumb Code   364  stm32f4xx_hal_hcd.o(i.HAL_HCD_IRQHandler)
    HAL_HCD_Init                             0x08000cb3   Thumb Code   116  stm32f4xx_hal_hcd.o(i.HAL_HCD_Init)
    HAL_HCD_MspInit                          0x08000d29   Thumb Code   160  usbh_conf.o(i.HAL_HCD_MspInit)
    HAL_HCD_PortDisabled_Callback            0x08000dd1   Thumb Code    14  usbh_conf.o(i.HAL_HCD_PortDisabled_Callback)
    HAL_HCD_PortEnabled_Callback             0x08000ddf   Thumb Code    14  usbh_conf.o(i.HAL_HCD_PortEnabled_Callback)
    HAL_HCD_ResetPort                        0x08000ded   Thumb Code    12  stm32f4xx_hal_hcd.o(i.HAL_HCD_ResetPort)
    HAL_HCD_SOF_Callback                     0x08000df9   Thumb Code    14  usbh_conf.o(i.HAL_HCD_SOF_Callback)
    HAL_HCD_Start                            0x08000e07   Thumb Code    54  stm32f4xx_hal_hcd.o(i.HAL_HCD_Start)
    HAL_HCD_Stop                             0x08000e3d   Thumb Code    46  stm32f4xx_hal_hcd.o(i.HAL_HCD_Stop)
    HAL_IncTick                              0x08000e6d   Thumb Code    16  stm32f4xx_hal.o(i.HAL_IncTick)
    HAL_InitTick                             0x08000e85   Thumb Code    64  stm32f4xx_hal.o(i.HAL_InitTick)
    HAL_NVIC_EnableIRQ                       0x08000ed1   Thumb Code    32  stm32f4xx_hal_cortex.o(i.HAL_NVIC_EnableIRQ)
    HAL_NVIC_SetPriority                     0x08000ef1   Thumb Code   124  stm32f4xx_hal_cortex.o(i.HAL_NVIC_SetPriority)
    HAL_RCC_ClockConfig                      0x08000f6d   Thumb Code   366  stm32f4xx_hal_rcc.o(i.HAL_RCC_ClockConfig)
    HAL_RCC_GetHCLKFreq                      0x080010ed   Thumb Code     6  stm32f4xx_hal_rcc.o(i.HAL_RCC_GetHCLKFreq)
    HAL_RCC_GetPCLK1Freq                     0x080010f9   Thumb Code    22  stm32f4xx_hal_rcc.o(i.HAL_RCC_GetPCLK1Freq)
    HAL_RCC_GetPCLK2Freq                     0x08001119   Thumb Code    22  stm32f4xx_hal_rcc.o(i.HAL_RCC_GetPCLK2Freq)
    HAL_RCC_GetSysClockFreq                  0x08001139   Thumb Code   162  stm32f4xx_hal_rcc.o(i.HAL_RCC_GetSysClockFreq)
    HAL_RCC_OscConfig                        0x080011e9   Thumb Code  1086  stm32f4xx_hal_rcc.o(i.HAL_RCC_OscConfig)
    HAL_SYSTICK_Config                       0x08001631   Thumb Code    52  stm32f4xx_hal_cortex.o(i.HAL_SYSTICK_Config)
    HAL_UART_Init                            0x08001665   Thumb Code   114  stm32f4xx_hal_uart.o(i.HAL_UART_Init)
    HAL_UART_MspInit                         0x080016d9   Thumb Code   168  bsp_debug_usart.o(i.HAL_UART_MspInit)
    HAL_UART_Transmit                        0x08001789   Thumb Code   214  stm32f4xx_hal_uart.o(i.HAL_UART_Transmit)
    Key_GPIO_Config                          0x08002501   Thumb Code   228  bsp_key.o(i.Key_GPIO_Config)
    Key_Scan                                 0x080025f5   Thumb Code    40  bsp_key.o(i.Key_Scan)
    LED_GPIO_Config                          0x0800261d   Thumb Code   224  bsp_led.o(i.LED_GPIO_Config)
    MX_USB_HOST_Init                         0x08002711   Thumb Code    46  usb_host.o(i.MX_USB_HOST_Init)
    MX_USB_HOST_Process                      0x0800274d   Thumb Code    10  usb_host.o(i.MX_USB_HOST_Process)
    MemManage_Handler                        0x0800275d   Thumb Code     4  stm32f4xx_it.o(i.MemManage_Handler)
    NMI_Handler                              0x08002761   Thumb Code     2  stm32f4xx_it.o(i.NMI_Handler)
    OTG_FS_IRQHandler                        0x08002765   Thumb Code    10  stm32f4xx_it.o(i.OTG_FS_IRQHandler)
    SVC_Handler                              0x08002775   Thumb Code     2  stm32f4xx_it.o(i.SVC_Handler)
    SysTick_Handler                          0x08002777   Thumb Code    20  board_init.o(i.SysTick_Handler)
    SystemClock_Config                       0x0800278d   Thumb Code   180  board_init.o(i.SystemClock_Config)
    SystemInit                               0x0800284d   Thumb Code    82  system_stm32f4xx.o(i.SystemInit)
    USBH_AllocPipe                           0x08002c85   Thumb Code    38  usbh_pipes.o(i.USBH_AllocPipe)
    USBH_BulkReceiveData                     0x08002cab   Thumb Code    42  usbh_ioreq.o(i.USBH_BulkReceiveData)
    USBH_BulkSendData                        0x08002cd5   Thumb Code    52  usbh_ioreq.o(i.USBH_BulkSendData)
    USBH_ClosePipe                           0x08002d09   Thumb Code    18  usbh_pipes.o(i.USBH_ClosePipe)
    USBH_ClrFeature                          0x08002d1b   Thumb Code    40  usbh_ctlreq.o(i.USBH_ClrFeature)
    USBH_CtlReceiveData                      0x08002d43   Thumb Code    42  usbh_ioreq.o(i.USBH_CtlReceiveData)
    USBH_CtlReq                              0x08002d6d   Thumb Code    98  usbh_ctlreq.o(i.USBH_CtlReq)
    USBH_CtlSendData                         0x08002dcf   Thumb Code    52  usbh_ioreq.o(i.USBH_CtlSendData)
    USBH_CtlSendSetup                        0x08002e03   Thumb Code    38  usbh_ioreq.o(i.USBH_CtlSendSetup)
    USBH_Delay                               0x08002e29   Thumb Code    12  usbh_conf.o(i.USBH_Delay)
    USBH_FindInterface                       0x08002e35   Thumb Code    80  usbh_core.o(i.USBH_FindInterface)
    USBH_FreePipe                            0x08002e85   Thumb Code    30  usbh_pipes.o(i.USBH_FreePipe)
    USBH_GetDescriptor                       0x08002ea3   Thumb Code    74  usbh_ctlreq.o(i.USBH_GetDescriptor)
    USBH_GetNextDesc                         0x08002f15   Thumb Code    18  usbh_ctlreq.o(i.USBH_GetNextDesc)
    USBH_Get_CfgDesc                         0x08002f27   Thumb Code    46  usbh_ctlreq.o(i.USBH_Get_CfgDesc)
    USBH_Get_DevDesc                         0x08002f55   Thumb Code    46  usbh_ctlreq.o(i.USBH_Get_DevDesc)
    USBH_Get_StringDesc                      0x08002f83   Thumb Code    54  usbh_ctlreq.o(i.USBH_Get_StringDesc)
    USBH_Get_USB_Status                      0x08002fb9   Thumb Code    44  usbh_conf.o(i.USBH_Get_USB_Status)
    USBH_Init                                0x08003345   Thumb Code    54  usbh_core.o(i.USBH_Init)
    USBH_IsPortEnabled                       0x0800337b   Thumb Code     8  usbh_core.o(i.USBH_IsPortEnabled)
    USBH_LL_ClosePipe                        0x08003383   Thumb Code    38  usbh_conf.o(i.USBH_LL_ClosePipe)
    USBH_LL_Connect                          0x080033a9   Thumb Code    48  usbh_core.o(i.USBH_LL_Connect)
    USBH_LL_Disconnect                       0x080033d9   Thumb Code    66  usbh_core.o(i.USBH_LL_Disconnect)
    USBH_LL_DriverVBUS                       0x0800341b   Thumb Code    26  usbh_conf.o(i.USBH_LL_DriverVBUS)
    USBH_LL_GetLastXferSize                  0x08003435   Thumb Code    18  usbh_conf.o(i.USBH_LL_GetLastXferSize)
    USBH_LL_GetSpeed                         0x08003447   Thumb Code    48  usbh_conf.o(i.USBH_LL_GetSpeed)
    USBH_LL_GetToggle                        0x08003477   Thumb Code    58  usbh_conf.o(i.USBH_LL_GetToggle)
    USBH_LL_GetURBState                      0x080034b1   Thumb Code    18  usbh_conf.o(i.USBH_LL_GetURBState)
    USBH_LL_IncTimer                         0x080034c3   Thumb Code    22  usbh_core.o(i.USBH_LL_IncTimer)
    USBH_LL_Init                             0x080034d9   Thumb Code    82  usbh_conf.o(i.USBH_LL_Init)
    USBH_LL_OpenPipe                         0x08003531   Thumb Code    64  usbh_conf.o(i.USBH_LL_OpenPipe)
    USBH_LL_PortDisabled                     0x08003571   Thumb Code     8  usbh_core.o(i.USBH_LL_PortDisabled)
    USBH_LL_PortEnabled                      0x08003579   Thumb Code     8  usbh_core.o(i.USBH_LL_PortEnabled)
    USBH_LL_ResetPort                        0x08003581   Thumb Code    30  usbh_conf.o(i.USBH_LL_ResetPort)
    USBH_LL_SetTimer                         0x0800359f   Thumb Code     6  usbh_core.o(i.USBH_LL_SetTimer)
    USBH_LL_SetToggle                        0x080035a5   Thumb Code    58  usbh_conf.o(i.USBH_LL_SetToggle)
    USBH_LL_Start                            0x080035df   Thumb Code    30  usbh_conf.o(i.USBH_LL_Start)
    USBH_LL_Stop                             0x080035fd   Thumb Code    30  usbh_conf.o(i.USBH_LL_Stop)
    USBH_LL_SubmitURB                        0x0800361b   Thumb Code    64  usbh_conf.o(i.USBH_LL_SubmitURB)
    USBH_MSC_BOT_Init                        0x08003699   Thumb Code    30  usbh_msc_bot.o(i.USBH_MSC_BOT_Init)
    USBH_MSC_BOT_Process                     0x080036c1   Thumb Code   622  usbh_msc_bot.o(i.USBH_MSC_BOT_Process)
    USBH_MSC_BOT_REQ_GetMaxLUN               0x0800392f   Thumb Code    36  usbh_msc_bot.o(i.USBH_MSC_BOT_REQ_GetMaxLUN)
    USBH_MSC_BOT_REQ_Reset                   0x08003953   Thumb Code    32  usbh_msc_bot.o(i.USBH_MSC_BOT_REQ_Reset)
    USBH_MSC_GetLUNInfo                      0x08003a69   Thumb Code    56  usbh_msc.o(i.USBH_MSC_GetLUNInfo)
    USBH_MSC_Read                            0x080042e9   Thumb Code   156  usbh_msc.o(i.USBH_MSC_Read)
    USBH_MSC_SCSI_Inquiry                    0x08004385   Thumb Code   256  usbh_msc_scsi.o(i.USBH_MSC_SCSI_Inquiry)
    USBH_MSC_SCSI_Read                       0x08004485   Thumb Code   166  usbh_msc_scsi.o(i.USBH_MSC_SCSI_Read)
    USBH_MSC_SCSI_ReadCapacity               0x0800452b   Thumb Code   168  usbh_msc_scsi.o(i.USBH_MSC_SCSI_ReadCapacity)
    USBH_MSC_SCSI_RequestSense               0x080045d3   Thumb Code   178  usbh_msc_scsi.o(i.USBH_MSC_SCSI_RequestSense)
    USBH_MSC_SCSI_TestUnitReady              0x08004685   Thumb Code    98  usbh_msc_scsi.o(i.USBH_MSC_SCSI_TestUnitReady)
    USBH_MSC_SCSI_Write                      0x080046e7   Thumb Code   166  usbh_msc_scsi.o(i.USBH_MSC_SCSI_Write)
    USBH_MSC_UnitIsReady                     0x08004793   Thumb Code    44  usbh_msc.o(i.USBH_MSC_UnitIsReady)
    USBH_MSC_Write                           0x080047bf   Thumb Code   156  usbh_msc.o(i.USBH_MSC_Write)
    USBH_OpenPipe                            0x0800485b   Thumb Code    42  usbh_pipes.o(i.USBH_OpenPipe)
    USBH_Process                             0x08004a33   Thumb Code   534  usbh_core.o(i.USBH_Process)
    USBH_RegisterClass                       0x08004c49   Thumb Code    50  usbh_core.o(i.USBH_RegisterClass)
    USBH_SelectInterface                     0x08004c7b   Thumb Code    40  usbh_core.o(i.USBH_SelectInterface)
    USBH_SetAddress                          0x08004ca3   Thumb Code    40  usbh_ctlreq.o(i.USBH_SetAddress)
    USBH_SetCfg                              0x08004ccb   Thumb Code    40  usbh_ctlreq.o(i.USBH_SetCfg)
    USBH_SetFeature                          0x08004cf3   Thumb Code    40  usbh_ctlreq.o(i.USBH_SetFeature)
    USBH_Start                               0x08004d1b   Thumb Code    22  usbh_core.o(i.USBH_Start)
    USBH_initialize                          0x08004e01   Thumb Code     6  usbh_diskio_dma.o(i.USBH_initialize)
    USBH_ioctl                               0x08004e09   Thumb Code   128  usbh_diskio_dma.o(i.USBH_ioctl)
    USBH_read                                0x08004e8d   Thumb Code   174  usbh_diskio_dma.o(i.USBH_read)
    USBH_status                              0x08004f45   Thumb Code    26  usbh_diskio_dma.o(i.USBH_status)
    USBH_write                               0x08004f65   Thumb Code   190  usbh_diskio_dma.o(i.USBH_write)
    USB_CoreInit                             0x0800502d   Thumb Code   128  stm32f4xx_ll_usb.o(i.USB_CoreInit)
    USB_DisableGlobalInt                     0x080050fd   Thumb Code    14  stm32f4xx_ll_usb.o(i.USB_DisableGlobalInt)
    USB_DoPing                               0x0800510d   Thumb Code    64  stm32f4xx_ll_usb.o(i.USB_DoPing)
    USB_DriveVbus                            0x08005151   Thumb Code    74  stm32f4xx_ll_usb.o(i.USB_DriveVbus)
    USB_EnableGlobalInt                      0x0800519b   Thumb Code    14  stm32f4xx_ll_usb.o(i.USB_EnableGlobalInt)
    USB_FlushRxFifo                          0x080051a9   Thumb Code    38  stm32f4xx_ll_usb.o(i.USB_FlushRxFifo)
    USB_FlushTxFifo                          0x080051d5   Thumb Code    44  stm32f4xx_ll_usb.o(i.USB_FlushTxFifo)
    USB_GetCurrentFrame                      0x08005205   Thumb Code    14  stm32f4xx_ll_usb.o(i.USB_GetCurrentFrame)
    USB_GetHostSpeed                         0x08005213   Thumb Code    24  stm32f4xx_ll_usb.o(i.USB_GetHostSpeed)
    USB_GetMode                              0x0800522b   Thumb Code    10  stm32f4xx_ll_usb.o(i.USB_GetMode)
    USB_HC_Halt                              0x08005235   Thumb Code   374  stm32f4xx_ll_usb.o(i.USB_HC_Halt)
    USB_HC_Init                              0x080053ab   Thumb Code   438  stm32f4xx_ll_usb.o(i.USB_HC_Init)
    USB_HC_ReadInterrupt                     0x08005561   Thumb Code    14  stm32f4xx_ll_usb.o(i.USB_HC_ReadInterrupt)
    USB_HC_StartXfer                         0x08005571   Thumb Code   458  stm32f4xx_ll_usb.o(i.USB_HC_StartXfer)
    USB_HostInit                             0x08005745   Thumb Code   234  stm32f4xx_ll_usb.o(i.USB_HostInit)
    USB_InitFSLSPClkSel                      0x08005845   Thumb Code    68  stm32f4xx_ll_usb.o(i.USB_InitFSLSPClkSel)
    USB_ReadInterrupts                       0x08005889   Thumb Code    10  stm32f4xx_ll_usb.o(i.USB_ReadInterrupts)
    USB_ReadPacket                           0x08005893   Thumb Code    34  stm32f4xx_ll_usb.o(i.USB_ReadPacket)
    USB_ResetPort                            0x080058b5   Thumb Code    60  stm32f4xx_ll_usb.o(i.USB_ResetPort)
    USB_SetCurrentMode                       0x080058f1   Thumb Code    54  stm32f4xx_ll_usb.o(i.USB_SetCurrentMode)
    USB_StopHost                             0x08005927   Thumb Code   180  stm32f4xx_ll_usb.o(i.USB_StopHost)
    USB_WritePacket                          0x080059db   Thumb Code    60  stm32f4xx_ll_usb.o(i.USB_WritePacket)
    UsageFault_Handler                       0x08005a17   Thumb Code     4  stm32f4xx_it.o(i.UsageFault_Handler)
    __0printf$2                              0x08005a1d   Thumb Code    22  printf2.o(i.__0printf$2)
    __1printf$2                              0x08005a1d   Thumb Code     0  printf2.o(i.__0printf$2)
    __2printf                                0x08005a1d   Thumb Code     0  printf2.o(i.__0printf$2)
    __0sprintf$2                             0x08005a3d   Thumb Code    34  printf2.o(i.__0sprintf$2)
    __1sprintf$2                             0x08005a3d   Thumb Code     0  printf2.o(i.__0sprintf$2)
    __2sprintf                               0x08005a3d   Thumb Code     0  printf2.o(i.__0sprintf$2)
    __rt_ffs                                 0x08005a9d   Thumb Code    70  kservice.o(i.__rt_ffs)
    __scatterload_copy                       0x08005ae9   Thumb Code    14  handlers.o(i.__scatterload_copy)
    __scatterload_null                       0x08005af7   Thumb Code     2  handlers.o(i.__scatterload_null)
    __scatterload_zeroinit                   0x08005af9   Thumb Code    14  handlers.o(i.__scatterload_zeroinit)
    clust2sect                               0x08005d99   Thumb Code    26  ff.o(i.clust2sect)
    disk_initialize                          0x080066d5   Thumb Code    40  diskio.o(i.disk_initialize)
    disk_ioctl                               0x08006701   Thumb Code    36  diskio.o(i.disk_ioctl)
    disk_read                                0x08006729   Thumb Code    42  diskio.o(i.disk_read)
    disk_status                              0x08006759   Thumb Code    24  diskio.o(i.disk_status)
    disk_write                               0x08006775   Thumb Code    42  diskio.o(i.disk_write)
    f_close                                  0x080067a5   Thumb Code    32  ff.o(i.f_close)
    f_mount                                  0x080067c5   Thumb Code    86  ff.o(i.f_mount)
    f_open                                   0x08006821   Thumb Code   382  ff.o(i.f_open)
    f_opendir                                0x0800699f   Thumb Code   118  ff.o(i.f_opendir)
    f_readdir                                0x08006a15   Thumb Code   100  ff.o(i.f_readdir)
    f_sync                                   0x08006a79   Thumb Code   176  ff.o(i.f_sync)
    f_write                                  0x08006b29   Thumb Code   524  ff.o(i.f_write)
    ff_convert                               0x08006d35   Thumb Code   116  cc936.o(i.ff_convert)
    ff_wtoupper                              0x08006db1   Thumb Code    84  cc936.o(i.ff_wtoupper)
    fputc                                    0x080072f5   Thumb Code    22  bsp_debug_usart.o(i.fputc)
    free                                     0x08007311   Thumb Code    76  malloc.o(i.free)
    get_fat                                  0x0800742d   Thumb Code   318  ff.o(i.get_fat)
    get_fattime                              0x0800756b   Thumb Code     4  diskio.o(i.get_fattime)
    $Super$$main                             0x08007941   Thumb Code   130  main.o(i.main)
    main_thread_entry                        0x08007a35   Thumb Code    14  components.o(i.main_thread_entry)
    malloc                                   0x08007a45   Thumb Code    92  malloc.o(i.malloc)
    put_fat                                  0x08007dbd   Thumb Code   392  ff.o(i.put_fat)
    rt_application_init                      0x08007fb1   Thumb Code    32  components.o(i.rt_application_init)
    rt_components_board_init                 0x08007fdd   Thumb Code    20  components.o(i.rt_components_board_init)
    rt_components_init                       0x08007ff9   Thumb Code    20  components.o(i.rt_components_init)
    rt_enter_critical                        0x08008015   Thumb Code    28  scheduler.o(i.rt_enter_critical)
    rt_exit_critical                         0x08008035   Thumb Code    54  scheduler.o(i.rt_exit_critical)
    rt_free                                  0x08008071   Thumb Code   128  mem.o(i.rt_free)
    rt_heap_begin_get                        0x08008151   Thumb Code     4  board_init.o(i.rt_heap_begin_get)
    rt_heap_end_get                          0x08008159   Thumb Code     4  board_init.o(i.rt_heap_end_get)
    rt_hw_board_init                         0x08008161   Thumb Code   120  board_init.o(i.rt_hw_board_init)
    rt_hw_console_output                     0x080081e5   Thumb Code    64  board_init.o(i.rt_hw_console_output)
    rt_hw_hard_fault_exception               0x08008229   Thumb Code   108  cpuport.o(i.rt_hw_hard_fault_exception)
    rt_hw_stack_init                         0x08008335   Thumb Code    74  cpuport.o(i.rt_hw_stack_init)
    rt_interrupt_enter                       0x08008385   Thumb Code    26  irq.o(i.rt_interrupt_enter)
    rt_interrupt_leave                       0x080083a5   Thumb Code    26  irq.o(i.rt_interrupt_leave)
    rt_kprintf                               0x08008455   Thumb Code    44  kservice.o(i.rt_kprintf)
    rt_malloc                                0x08008515   Thumb Code   336  mem.o(i.rt_malloc)
    rt_memset                                0x08008681   Thumb Code    72  kservice.o(i.rt_memset)
    rt_object_allocate                       0x080086c9   Thumb Code    74  object.o(i.rt_object_allocate)
    rt_object_delete                         0x08008713   Thumb Code    32  object.o(i.rt_object_delete)
    rt_object_detach                         0x08008733   Thumb Code    26  object.o(i.rt_object_detach)
    rt_object_get_information                0x0800874d   Thumb Code    36  object.o(i.rt_object_get_information)
    rt_object_init                           0x08008775   Thumb Code    60  object.o(i.rt_object_init)
    rt_object_is_systemobject                0x080087b1   Thumb Code    18  object.o(i.rt_object_is_systemobject)
    rt_schedule                              0x080087c5   Thumb Code   118  scheduler.o(i.rt_schedule)
    rt_schedule_insert_thread                0x08008855   Thumb Code    72  scheduler.o(i.rt_schedule_insert_thread)
    rt_schedule_remove_thread                0x080088a5   Thumb Code    76  scheduler.o(i.rt_schedule_remove_thread)
    rt_sem_create                            0x080088f9   Thumb Code    42  ipc.o(i.rt_sem_create)
    rt_sem_init                              0x08008923   Thumb Code    38  ipc.o(i.rt_sem_init)
    rt_sem_release                           0x08008949   Thumb Code    58  ipc.o(i.rt_sem_release)
    rt_sem_take                              0x08008983   Thumb Code   116  ipc.o(i.rt_sem_take)
    rt_show_version                          0x080089f9   Thumb Code    38  kservice.o(i.rt_show_version)
    rt_strlen                                0x08008aa9   Thumb Code    18  kservice.o(i.rt_strlen)
    rt_strncpy                               0x08008abb   Thumb Code    52  kservice.o(i.rt_strncpy)
    rt_system_heap_init                      0x08008af1   Thumb Code   160  mem.o(i.rt_system_heap_init)
    rt_system_scheduler_init                 0x08008be9   Thumb Code    52  scheduler.o(i.rt_system_scheduler_init)
    rt_system_scheduler_start                0x08008c35   Thumb Code    36  scheduler.o(i.rt_system_scheduler_start)
    rt_system_timer_init                     0x08008c65   Thumb Code    24  timer.o(i.rt_system_timer_init)
    rt_system_timer_thread_init              0x08008c81   Thumb Code     2  timer.o(i.rt_system_timer_thread_init)
    rt_thread_create                         0x08008c83   Thumb Code    80  thread.o(i.rt_thread_create)
    rt_thread_delay                          0x08008cd3   Thumb Code    12  thread.o(i.rt_thread_delay)
    rt_thread_exit                           0x08008ce1   Thumb Code    76  thread.o(i.rt_thread_exit)
    rt_thread_idle_excute                    0x08008d3d   Thumb Code   128  idle.o(i.rt_thread_idle_excute)
    rt_thread_idle_init                      0x08008dc1   Thumb Code    38  idle.o(i.rt_thread_idle_init)
    rt_thread_init                           0x08008dfd   Thumb Code    52  thread.o(i.rt_thread_init)
    rt_thread_resume                         0x08008e31   Thumb Code    60  thread.o(i.rt_thread_resume)
    rt_thread_self                           0x08008e6d   Thumb Code     6  thread.o(i.rt_thread_self)
    rt_thread_sleep                          0x08008e79   Thumb Code    62  thread.o(i.rt_thread_sleep)
    rt_thread_startup                        0x08008ebd   Thumb Code    44  thread.o(i.rt_thread_startup)
    rt_thread_suspend                        0x08008ee9   Thumb Code    68  thread.o(i.rt_thread_suspend)
    rt_thread_timeout                        0x08008f2d   Thumb Code    32  thread.o(i.rt_thread_timeout)
    rt_thread_yield                          0x08008f4d   Thumb Code    92  thread.o(i.rt_thread_yield)
    rt_tick_get                              0x08008fb1   Thumb Code     6  clock.o(i.rt_tick_get)
    rt_tick_increase                         0x08008fbd   Thumb Code    42  clock.o(i.rt_tick_increase)
    rt_timer_check                           0x08008fed   Thumb Code   118  timer.o(i.rt_timer_check)
    rt_timer_control                         0x08009069   Thumb Code    56  timer.o(i.rt_timer_control)
    rt_timer_detach                          0x080090a1   Thumb Code    32  timer.o(i.rt_timer_detach)
    rt_timer_init                            0x080090c1   Thumb Code    46  timer.o(i.rt_timer_init)
    rt_timer_start                           0x080090f1   Thumb Code   238  timer.o(i.rt_timer_start)
    rt_timer_stop                            0x080091e9   Thumb Code    48  timer.o(i.rt_timer_stop)
    rt_vsnprintf                             0x08009219   Thumb Code   800  kservice.o(i.rt_vsnprintf)
    rtthread_startup                         0x08009551   Thumb Code    42  components.o(i.rtthread_startup)
    AHBPrescTable                            0x080097ba   Data          16  system_stm32f4xx.o(.constdata)
    APBPrescTable                            0x080097ca   Data           8  system_stm32f4xx.o(.constdata)
    USBH_Driver                              0x080097d4   Data          20  usbh_diskio_dma.o(.constdata)
    __lowest_bit_bitmap                      0x080097e8   Data         256  kservice.o(.constdata)
    __rt_init_rti_start                      0x08034a08   Data           4  components.o(.rti_fn.0)
    __rt_init_rti_board_start                0x08034a0c   Data           4  components.o(.rti_fn.0.end)
    __rt_init_rti_board_end                  0x08034a10   Data           4  components.o(.rti_fn.1.end)
    __rt_init_rti_end                        0x08034a14   Data           4  components.o(.rti_fn.6.end)
    Region$$Table$$Base                      0x08034a18   Number         0  anon$$obj.o(Region$$Table)
    Region$$Table$$Limit                     0x08034a38   Number         0  anon$$obj.o(Region$$Table)
    SystemCoreClock                          0x20000000   Data           4  system_stm32f4xx.o(.data)
    uwTick                                   0x20000004   Data           4  stm32f4xx_hal.o(.data)
    uwTickPrio                               0x20000008   Data           4  stm32f4xx_hal.o(.data)
    uwTickFreq                               0x2000000c   Data           1  stm32f4xx_hal.o(.data)
    test_sem                                 0x2000001c   Data           4  main.o(.data)
    USBDISKPath                              0x20000020   Data           4  main.o(.data)
    scan_path                                0x20000024   Data         255  main.o(.data)
    fnum                                     0x20000124   Data           4  main.o(.data)
    WriteBuffer                              0x20000128   Data          72  main.o(.data)
    res_sd                                   0x20000170   Data           1  main.o(.data)
    Appli_state                              0x20000173   Data           1  usb_host.o(.data)
    rt_interrupt_nest                        0x20000178   Data           1  irq.o(.data)
    rt_current_thread                        0x200001d8   Data           4  scheduler.o(.data)
    rt_current_priority                      0x200001dc   Data           1  scheduler.o(.data)
    rt_thread_ready_priority_group           0x200001e0   Data           4  scheduler.o(.data)
    rt_thread_defunct                        0x200001e4   Data           8  scheduler.o(.data)
    rt_interrupt_from_thread                 0x200001f8   Data           4  cpuport.o(.data)
    rt_interrupt_to_thread                   0x200001fc   Data           4  cpuport.o(.data)
    rt_thread_switch_interrupt_flag          0x20000200   Data           4  cpuport.o(.data)
    USBH_msc                                 0x20000208   Data          32  usbh_msc.o(.data)
    __stdout                                 0x20000234   Data           4  stdout.o(.data)
    __microlib_freelist                      0x20000238   Data           4  mvars.o(.data)
    __microlib_freelist_initialised          0x2000023c   Data           4  mvars.o(.data)
    dir                                      0x20000240   Data          36  main.o(.bss)
    fnew                                     0x20000264   Data        4132  main.o(.bss)
    ReadBuffer                               0x20001288   Data        1024  main.o(.bss)
    fs                                       0x20001688   Data        4144  main.o(.bss)
    UartHandle                               0x200028b8   Data          64  bsp_debug_usart.o(.bss)
    hUsbHostFS                               0x200028f8   Data         972  usb_host.o(.bss)
    hhcd_USB_OTG_FS                          0x20002cc4   Data         708  usbh_conf.o(.bss)
    rt_thread_priority_table                 0x200181a0   Data          64  scheduler.o(.bss)
    disk                                     0x200181e0   Data          16  ff_gen_drv.o(.bss)
    __heap_base                              0x200181f0   Data           0  startup_stm32f407xx.o(HEAP)
    __heap_limit                             0x200183f0   Data           0  startup_stm32f407xx.o(HEAP)
    __initial_sp                             0x200187f0   Data           0  startup_stm32f407xx.o(STACK)



==============================================================================

Memory Map of the image

  Image Entry point : 0x08000189

  Load Region LR_IROM1 (Base: 0x08000000, Size: 0x00034c78, Max: 0x00100000, ABSOLUTE, COMPRESSED[0x00034ad0])

    Execution Region ER_IROM1 (Exec base: 0x08000000, Load base: 0x08000000, Size: 0x00034a38, Max: 0x00100000, ABSOLUTE)

    Exec Addr    Load Addr    Size         Type   Attr      Idx    E Section Name        Object

    0x08000000   0x08000000   0x00000188   Data   RO            3    RESET               startup_stm32f407xx.o
    0x08000188   0x08000188   0x00000000   Code   RO        11249  * .ARM.Collect$$$$00000000  mc_w.l(entry.o)
    0x08000188   0x08000188   0x00000004   Code   RO        11551    .ARM.Collect$$$$00000001  mc_w.l(entry2.o)
    0x0800018c   0x0800018c   0x00000004   Code   RO        11554    .ARM.Collect$$$$00000004  mc_w.l(entry5.o)
    0x08000190   0x08000190   0x00000000   Code   RO        11556    .ARM.Collect$$$$00000008  mc_w.l(entry7b.o)
    0x08000190   0x08000190   0x00000000   Code   RO        11558    .ARM.Collect$$$$0000000A  mc_w.l(entry8b.o)
    0x08000190   0x08000190   0x00000008   Code   RO        11559    .ARM.Collect$$$$0000000B  mc_w.l(entry9a.o)
    0x08000198   0x08000198   0x00000000   Code   RO        11561    .ARM.Collect$$$$0000000D  mc_w.l(entry10a.o)
    0x08000198   0x08000198   0x00000000   Code   RO        11563    .ARM.Collect$$$$0000000F  mc_w.l(entry11a.o)
    0x08000198   0x08000198   0x00000004   Code   RO        11552    .ARM.Collect$$$$00002712  mc_w.l(entry2.o)
    0x0800019c   0x0800019c   0x00000024   Code   RO            4    .text               startup_stm32f407xx.o
    0x080001c0   0x080001c0   0x00000110   Code   RO        10249    .text               context_rvds.o
    0x080002d0   0x080002d0   0x00000062   Code   RO        11252    .text               mc_w.l(uldiv.o)
    0x08000332   0x08000332   0x00000024   Code   RO        11254    .text               mc_w.l(memcpya.o)
    0x08000356   0x08000356   0x00000024   Code   RO        11256    .text               mc_w.l(memseta.o)
    0x0800037a   0x0800037a   0x0000000e   Code   RO        11258    .text               mc_w.l(strlen.o)
    0x08000388   0x08000388   0x0000001e   Code   RO        11568    .text               mc_w.l(llshl.o)
    0x080003a6   0x080003a6   0x00000020   Code   RO        11570    .text               mc_w.l(llushr.o)
    0x080003c6   0x080003c6   0x00000002   PAD
    0x080003c8   0x080003c8   0x00000024   Code   RO        11585    .text               mc_w.l(init.o)
    0x080003ec   0x080003ec   0x00000056   Code   RO        11599    .text               mc_w.l(__dczerorl2.o)
    0x08000442   0x08000442   0x0000000e   Code   RO         9323    i.$Sub$$main        components.o
    0x08000450   0x08000450   0x00000004   Code   RO         8724    i.BusFault_Handler  stm32f4xx_it.o
    0x08000454   0x08000454   0x0000003c   Code   RO         8815    i.DEBUG_USART_Config  bsp_debug_usart.o
    0x08000490   0x08000490   0x00000052   Code   RO        10470    i.DeInitStateMachine  usbh_core.o
    0x080004e2   0x080004e2   0x00000002   Code   RO         8725    i.DebugMon_Handler  stm32f4xx_it.o
    0x080004e4   0x080004e4   0x0000001c   Code   RO         9216    i.Error_Handler     board_init.o
    0x08000500   0x08000500   0x00000012   Code   RO        11182    i.FATFS_LinkDriver  ff_gen_drv.o
    0x08000512   0x08000512   0x00000002   PAD
    0x08000514   0x08000514   0x00000054   Code   RO        11183    i.FATFS_LinkDriverEx  ff_gen_drv.o
    0x08000568   0x08000568   0x00000028   Code   RO          257    i.HAL_Delay         stm32f4xx_hal.o
    0x08000590   0x08000590   0x00000200   Code   RO         2084    i.HAL_GPIO_Init     stm32f4xx_hal_gpio.o
    0x08000790   0x08000790   0x00000010   Code   RO         2086    i.HAL_GPIO_ReadPin  stm32f4xx_hal_gpio.o
    0x080007a0   0x080007a0   0x0000000c   Code   RO          262    i.HAL_GetREVID      stm32f4xx_hal.o
    0x080007ac   0x080007ac   0x0000000c   Code   RO          263    i.HAL_GetTick       stm32f4xx_hal.o
    0x080007b8   0x080007b8   0x0000000e   Code   RO         8953    i.HAL_HCD_Connect_Callback  usbh_conf.o
    0x080007c6   0x080007c6   0x0000000e   Code   RO         8954    i.HAL_HCD_Disconnect_Callback  usbh_conf.o
    0x080007d4   0x080007d4   0x0000000c   Code   RO         2186    i.HAL_HCD_GetCurrentFrame  stm32f4xx_hal_hcd.o
    0x080007e0   0x080007e0   0x0000000c   Code   RO         2187    i.HAL_HCD_GetCurrentSpeed  stm32f4xx_hal_hcd.o
    0x080007ec   0x080007ec   0x00000014   Code   RO         2190    i.HAL_HCD_HC_GetURBState  stm32f4xx_hal_hcd.o
    0x08000800   0x08000800   0x00000012   Code   RO         2191    i.HAL_HCD_HC_GetXferCount  stm32f4xx_hal_hcd.o
    0x08000812   0x08000812   0x00000034   Code   RO         2192    i.HAL_HCD_HC_Halt   stm32f4xx_hal_hcd.o
    0x08000846   0x08000846   0x000000de   Code   RO         2193    i.HAL_HCD_HC_Init   stm32f4xx_hal_hcd.o
    0x08000924   0x08000924   0x00000002   Code   RO         8955    i.HAL_HCD_HC_NotifyURBChange_Callback  usbh_conf.o
    0x08000926   0x08000926   0x00000220   Code   RO         2195    i.HAL_HCD_HC_SubmitRequest  stm32f4xx_hal_hcd.o
    0x08000b46   0x08000b46   0x0000016c   Code   RO         2196    i.HAL_HCD_IRQHandler  stm32f4xx_hal_hcd.o
    0x08000cb2   0x08000cb2   0x00000074   Code   RO         2197    i.HAL_HCD_Init      stm32f4xx_hal_hcd.o
    0x08000d26   0x08000d26   0x00000002   PAD
    0x08000d28   0x08000d28   0x000000a8   Code   RO         8957    i.HAL_HCD_MspInit   usbh_conf.o
    0x08000dd0   0x08000dd0   0x0000000e   Code   RO         8958    i.HAL_HCD_PortDisabled_Callback  usbh_conf.o
    0x08000dde   0x08000dde   0x0000000e   Code   RO         8959    i.HAL_HCD_PortEnabled_Callback  usbh_conf.o
    0x08000dec   0x08000dec   0x0000000c   Code   RO         2202    i.HAL_HCD_ResetPort  stm32f4xx_hal_hcd.o
    0x08000df8   0x08000df8   0x0000000e   Code   RO         8960    i.HAL_HCD_SOF_Callback  usbh_conf.o
    0x08000e06   0x08000e06   0x00000036   Code   RO         2204    i.HAL_HCD_Start     stm32f4xx_hal_hcd.o
    0x08000e3c   0x08000e3c   0x0000002e   Code   RO         2205    i.HAL_HCD_Stop      stm32f4xx_hal_hcd.o
    0x08000e6a   0x08000e6a   0x00000002   PAD
    0x08000e6c   0x08000e6c   0x00000018   Code   RO          269    i.HAL_IncTick       stm32f4xx_hal.o
    0x08000e84   0x08000e84   0x0000004c   Code   RO          271    i.HAL_InitTick      stm32f4xx_hal.o
    0x08000ed0   0x08000ed0   0x00000020   Code   RO          969    i.HAL_NVIC_EnableIRQ  stm32f4xx_hal_cortex.o
    0x08000ef0   0x08000ef0   0x0000007c   Code   RO          975    i.HAL_NVIC_SetPriority  stm32f4xx_hal_cortex.o
    0x08000f6c   0x08000f6c   0x00000180   Code   RO         4359    i.HAL_RCC_ClockConfig  stm32f4xx_hal_rcc.o
    0x080010ec   0x080010ec   0x0000000c   Code   RO         4364    i.HAL_RCC_GetHCLKFreq  stm32f4xx_hal_rcc.o
    0x080010f8   0x080010f8   0x00000020   Code   RO         4366    i.HAL_RCC_GetPCLK1Freq  stm32f4xx_hal_rcc.o
    0x08001118   0x08001118   0x00000020   Code   RO         4367    i.HAL_RCC_GetPCLK2Freq  stm32f4xx_hal_rcc.o
    0x08001138   0x08001138   0x000000b0   Code   RO         4368    i.HAL_RCC_GetSysClockFreq  stm32f4xx_hal_rcc.o
    0x080011e8   0x080011e8   0x00000448   Code   RO         4371    i.HAL_RCC_OscConfig  stm32f4xx_hal_rcc.o
    0x08001630   0x08001630   0x00000034   Code   RO          980    i.HAL_SYSTICK_Config  stm32f4xx_hal_cortex.o
    0x08001664   0x08001664   0x00000072   Code   RO         6978    i.HAL_UART_Init     stm32f4xx_hal_uart.o
    0x080016d6   0x080016d6   0x00000002   PAD
    0x080016d8   0x080016d8   0x000000b0   Code   RO         8816    i.HAL_UART_MspInit  bsp_debug_usart.o
    0x08001788   0x08001788   0x000000d6   Code   RO         6986    i.HAL_UART_Transmit  stm32f4xx_hal_uart.o
    0x0800185e   0x0800185e   0x00000570   Code   RO         2206    i.HCD_HC_IN_IRQHandler  stm32f4xx_hal_hcd.o
    0x08001dce   0x08001dce   0x0000054a   Code   RO         2207    i.HCD_HC_OUT_IRQHandler  stm32f4xx_hal_hcd.o
    0x08002318   0x08002318   0x000000e0   Code   RO         2208    i.HCD_Port_IRQHandler  stm32f4xx_hal_hcd.o
    0x080023f8   0x080023f8   0x00000108   Code   RO         2209    i.HCD_RXQLVL_IRQHandler  stm32f4xx_hal_hcd.o
    0x08002500   0x08002500   0x000000f4   Code   RO         8873    i.Key_GPIO_Config   bsp_key.o
    0x080025f4   0x080025f4   0x00000028   Code   RO         8874    i.Key_Scan          bsp_key.o
    0x0800261c   0x0800261c   0x000000f4   Code   RO         8788    i.LED_GPIO_Config   bsp_led.o
    0x08002710   0x08002710   0x0000003c   Code   RO         8903    i.MX_USB_HOST_Init  usb_host.o
    0x0800274c   0x0800274c   0x00000010   Code   RO         8904    i.MX_USB_HOST_Process  usb_host.o
    0x0800275c   0x0800275c   0x00000004   Code   RO         8726    i.MemManage_Handler  stm32f4xx_it.o
    0x08002760   0x08002760   0x00000002   Code   RO         8727    i.NMI_Handler       stm32f4xx_it.o
    0x08002762   0x08002762   0x00000002   PAD
    0x08002764   0x08002764   0x00000010   Code   RO         8728    i.OTG_FS_IRQHandler  stm32f4xx_it.o
    0x08002774   0x08002774   0x00000002   Code   RO         8729    i.SVC_Handler       stm32f4xx_it.o
    0x08002776   0x08002776   0x00000014   Code   RO         9217    i.SysTick_Handler   board_init.o
    0x0800278a   0x0800278a   0x00000002   PAD
    0x0800278c   0x0800278c   0x000000c0   Code   RO         9218    i.SystemClock_Config  board_init.o
    0x0800284c   0x0800284c   0x00000064   Code   RO           14    i.SystemInit        system_stm32f4xx.o
    0x080028b0   0x080028b0   0x00000368   Code   RO         7005    i.UART_SetConfig    stm32f4xx_hal_uart.o
    0x08002c18   0x08002c18   0x0000006c   Code   RO         7007    i.UART_WaitOnFlagUntilTimeout  stm32f4xx_hal_uart.o
    0x08002c84   0x08002c84   0x00000026   Code   RO        10800    i.USBH_AllocPipe    usbh_pipes.o
    0x08002caa   0x08002caa   0x0000002a   Code   RO        10725    i.USBH_BulkReceiveData  usbh_ioreq.o
    0x08002cd4   0x08002cd4   0x00000034   Code   RO        10726    i.USBH_BulkSendData  usbh_ioreq.o
    0x08002d08   0x08002d08   0x00000012   Code   RO        10801    i.USBH_ClosePipe    usbh_pipes.o
    0x08002d1a   0x08002d1a   0x00000028   Code   RO        10611    i.USBH_ClrFeature   usbh_ctlreq.o
    0x08002d42   0x08002d42   0x0000002a   Code   RO        10727    i.USBH_CtlReceiveData  usbh_ioreq.o
    0x08002d6c   0x08002d6c   0x00000062   Code   RO        10612    i.USBH_CtlReq       usbh_ctlreq.o
    0x08002dce   0x08002dce   0x00000034   Code   RO        10728    i.USBH_CtlSendData  usbh_ioreq.o
    0x08002e02   0x08002e02   0x00000026   Code   RO        10729    i.USBH_CtlSendSetup  usbh_ioreq.o
    0x08002e28   0x08002e28   0x0000000c   Code   RO         8961    i.USBH_Delay        usbh_conf.o
    0x08002e34   0x08002e34   0x00000050   Code   RO        10472    i.USBH_FindInterface  usbh_core.o
    0x08002e84   0x08002e84   0x0000001e   Code   RO        10802    i.USBH_FreePipe     usbh_pipes.o
    0x08002ea2   0x08002ea2   0x0000004a   Code   RO        10613    i.USBH_GetDescriptor  usbh_ctlreq.o
    0x08002eec   0x08002eec   0x00000028   Code   RO        10803    i.USBH_GetFreePipe  usbh_pipes.o
    0x08002f14   0x08002f14   0x00000012   Code   RO        10614    i.USBH_GetNextDesc  usbh_ctlreq.o
    0x08002f26   0x08002f26   0x0000002e   Code   RO        10615    i.USBH_Get_CfgDesc  usbh_ctlreq.o
    0x08002f54   0x08002f54   0x0000002e   Code   RO        10616    i.USBH_Get_DevDesc  usbh_ctlreq.o
    0x08002f82   0x08002f82   0x00000036   Code   RO        10617    i.USBH_Get_StringDesc  usbh_ctlreq.o
    0x08002fb8   0x08002fb8   0x0000002c   Code   RO         8962    i.USBH_Get_USB_Status  usbh_conf.o
    0x08002fe4   0x08002fe4   0x000001c6   Code   RO        10618    i.USBH_HandleControl  usbh_ctlreq.o
    0x080031aa   0x080031aa   0x0000017e   Code   RO        10475    i.USBH_HandleEnum   usbh_core.o
    0x08003328   0x08003328   0x0000001c   Code   RO        10476    i.USBH_HandleSof    usbh_core.o
    0x08003344   0x08003344   0x00000036   Code   RO        10477    i.USBH_Init         usbh_core.o
    0x0800337a   0x0800337a   0x00000008   Code   RO        10478    i.USBH_IsPortEnabled  usbh_core.o
    0x08003382   0x08003382   0x00000026   Code   RO         8963    i.USBH_LL_ClosePipe  usbh_conf.o
    0x080033a8   0x080033a8   0x00000030   Code   RO        10479    i.USBH_LL_Connect   usbh_core.o
    0x080033d8   0x080033d8   0x00000042   Code   RO        10480    i.USBH_LL_Disconnect  usbh_core.o
    0x0800341a   0x0800341a   0x0000001a   Code   RO         8965    i.USBH_LL_DriverVBUS  usbh_conf.o
    0x08003434   0x08003434   0x00000012   Code   RO         8966    i.USBH_LL_GetLastXferSize  usbh_conf.o
    0x08003446   0x08003446   0x00000030   Code   RO         8967    i.USBH_LL_GetSpeed  usbh_conf.o
    0x08003476   0x08003476   0x0000003a   Code   RO         8968    i.USBH_LL_GetToggle  usbh_conf.o
    0x080034b0   0x080034b0   0x00000012   Code   RO         8969    i.USBH_LL_GetURBState  usbh_conf.o
    0x080034c2   0x080034c2   0x00000016   Code   RO        10481    i.USBH_LL_IncTimer  usbh_core.o
    0x080034d8   0x080034d8   0x00000058   Code   RO         8970    i.USBH_LL_Init      usbh_conf.o
    0x08003530   0x08003530   0x00000040   Code   RO         8971    i.USBH_LL_OpenPipe  usbh_conf.o
    0x08003570   0x08003570   0x00000008   Code   RO        10482    i.USBH_LL_PortDisabled  usbh_core.o
    0x08003578   0x08003578   0x00000008   Code   RO        10483    i.USBH_LL_PortEnabled  usbh_core.o
    0x08003580   0x08003580   0x0000001e   Code   RO         8972    i.USBH_LL_ResetPort  usbh_conf.o
    0x0800359e   0x0800359e   0x00000006   Code   RO        10484    i.USBH_LL_SetTimer  usbh_core.o
    0x080035a4   0x080035a4   0x0000003a   Code   RO         8973    i.USBH_LL_SetToggle  usbh_conf.o
    0x080035de   0x080035de   0x0000001e   Code   RO         8974    i.USBH_LL_Start     usbh_conf.o
    0x080035fc   0x080035fc   0x0000001e   Code   RO         8975    i.USBH_LL_Stop      usbh_conf.o
    0x0800361a   0x0800361a   0x00000040   Code   RO         8976    i.USBH_LL_SubmitURB  usbh_conf.o
    0x0800365a   0x0800365a   0x0000003c   Code   RO        10353    i.USBH_MSC_BOT_Abort  usbh_msc_bot.o
    0x08003696   0x08003696   0x00000002   PAD
    0x08003698   0x08003698   0x00000028   Code   RO        10354    i.USBH_MSC_BOT_Init  usbh_msc_bot.o
    0x080036c0   0x080036c0   0x0000026e   Code   RO        10355    i.USBH_MSC_BOT_Process  usbh_msc_bot.o
    0x0800392e   0x0800392e   0x00000024   Code   RO        10356    i.USBH_MSC_BOT_REQ_GetMaxLUN  usbh_msc_bot.o
    0x08003952   0x08003952   0x00000020   Code   RO        10357    i.USBH_MSC_BOT_REQ_Reset  usbh_msc_bot.o
    0x08003972   0x08003972   0x0000009c   Code   RO        10256    i.USBH_MSC_ClassRequest  usbh_msc.o
    0x08003a0e   0x08003a0e   0x00000002   PAD
    0x08003a10   0x08003a10   0x00000058   Code   RO        10358    i.USBH_MSC_DecodeCSW  usbh_msc_bot.o
    0x08003a68   0x08003a68   0x00000038   Code   RO        10257    i.USBH_MSC_GetLUNInfo  usbh_msc.o
    0x08003aa0   0x08003aa0   0x00000058   Code   RO        10259    i.USBH_MSC_InterfaceDeInit  usbh_msc.o
    0x08003af8   0x08003af8   0x000001c2   Code   RO        10260    i.USBH_MSC_InterfaceInit  usbh_msc.o
    0x08003cba   0x08003cba   0x000004c2   Code   RO        10262    i.USBH_MSC_Process  usbh_msc.o
    0x0800417c   0x0800417c   0x0000016c   Code   RO        10263    i.USBH_MSC_RdWrProcess  usbh_msc.o
    0x080042e8   0x080042e8   0x0000009c   Code   RO        10264    i.USBH_MSC_Read     usbh_msc.o
    0x08004384   0x08004384   0x00000100   Code   RO        10412    i.USBH_MSC_SCSI_Inquiry  usbh_msc_scsi.o
    0x08004484   0x08004484   0x000000a6   Code   RO        10413    i.USBH_MSC_SCSI_Read  usbh_msc_scsi.o
    0x0800452a   0x0800452a   0x000000a8   Code   RO        10414    i.USBH_MSC_SCSI_ReadCapacity  usbh_msc_scsi.o
    0x080045d2   0x080045d2   0x000000b2   Code   RO        10415    i.USBH_MSC_SCSI_RequestSense  usbh_msc_scsi.o
    0x08004684   0x08004684   0x00000062   Code   RO        10416    i.USBH_MSC_SCSI_TestUnitReady  usbh_msc_scsi.o
    0x080046e6   0x080046e6   0x000000a6   Code   RO        10417    i.USBH_MSC_SCSI_Write  usbh_msc_scsi.o
    0x0800478c   0x0800478c   0x00000006   Code   RO        10265    i.USBH_MSC_SOFProcess  usbh_msc.o
    0x08004792   0x08004792   0x0000002c   Code   RO        10266    i.USBH_MSC_UnitIsReady  usbh_msc.o
    0x080047be   0x080047be   0x0000009c   Code   RO        10267    i.USBH_MSC_Write    usbh_msc.o
    0x0800485a   0x0800485a   0x0000002a   Code   RO        10804    i.USBH_OpenPipe     usbh_pipes.o
    0x08004884   0x08004884   0x000000da   Code   RO        10619    i.USBH_ParseCfgDesc  usbh_ctlreq.o
    0x0800495e   0x0800495e   0x00000058   Code   RO        10620    i.USBH_ParseDevDesc  usbh_ctlreq.o
    0x080049b6   0x080049b6   0x00000020   Code   RO        10621    i.USBH_ParseEPDesc  usbh_ctlreq.o
    0x080049d6   0x080049d6   0x00000026   Code   RO        10622    i.USBH_ParseInterfaceDesc  usbh_ctlreq.o
    0x080049fc   0x080049fc   0x00000036   Code   RO        10623    i.USBH_ParseStringDesc  usbh_ctlreq.o
    0x08004a32   0x08004a32   0x00000216   Code   RO        10485    i.USBH_Process      usbh_core.o
    0x08004c48   0x08004c48   0x00000032   Code   RO        10487    i.USBH_RegisterClass  usbh_core.o
    0x08004c7a   0x08004c7a   0x00000028   Code   RO        10488    i.USBH_SelectInterface  usbh_core.o
    0x08004ca2   0x08004ca2   0x00000028   Code   RO        10624    i.USBH_SetAddress   usbh_ctlreq.o
    0x08004cca   0x08004cca   0x00000028   Code   RO        10625    i.USBH_SetCfg       usbh_ctlreq.o
    0x08004cf2   0x08004cf2   0x00000028   Code   RO        10626    i.USBH_SetFeature   usbh_ctlreq.o
    0x08004d1a   0x08004d1a   0x00000016   Code   RO        10489    i.USBH_Start        usbh_core.o
    0x08004d30   0x08004d30   0x000000d0   Code   RO         8905    i.USBH_UserProcess  usb_host.o
    0x08004e00   0x08004e00   0x00000006   Code   RO         9144    i.USBH_initialize   usbh_diskio_dma.o
    0x08004e06   0x08004e06   0x00000002   PAD
    0x08004e08   0x08004e08   0x00000084   Code   RO         9145    i.USBH_ioctl        usbh_diskio_dma.o
    0x08004e8c   0x08004e8c   0x000000b8   Code   RO         9146    i.USBH_read         usbh_diskio_dma.o
    0x08004f44   0x08004f44   0x00000020   Code   RO         9147    i.USBH_status       usbh_diskio_dma.o
    0x08004f64   0x08004f64   0x000000c8   Code   RO         9148    i.USBH_write        usbh_diskio_dma.o
    0x0800502c   0x0800502c   0x00000084   Code   RO         8005    i.USB_CoreInit      stm32f4xx_ll_usb.o
    0x080050b0   0x080050b0   0x0000004c   Code   RO         8006    i.USB_CoreReset     stm32f4xx_ll_usb.o
    0x080050fc   0x080050fc   0x0000000e   Code   RO         8013    i.USB_DisableGlobalInt  stm32f4xx_ll_usb.o
    0x0800510a   0x0800510a   0x00000002   PAD
    0x0800510c   0x0800510c   0x00000044   Code   RO         8014    i.USB_DoPing        stm32f4xx_ll_usb.o
    0x08005150   0x08005150   0x0000004a   Code   RO         8015    i.USB_DriveVbus     stm32f4xx_ll_usb.o
    0x0800519a   0x0800519a   0x0000000e   Code   RO         8021    i.USB_EnableGlobalInt  stm32f4xx_ll_usb.o
    0x080051a8   0x080051a8   0x0000002c   Code   RO         8022    i.USB_FlushRxFifo   stm32f4xx_ll_usb.o
    0x080051d4   0x080051d4   0x00000030   Code   RO         8023    i.USB_FlushTxFifo   stm32f4xx_ll_usb.o
    0x08005204   0x08005204   0x0000000e   Code   RO         8024    i.USB_GetCurrentFrame  stm32f4xx_ll_usb.o
    0x08005212   0x08005212   0x00000018   Code   RO         8026    i.USB_GetHostSpeed  stm32f4xx_ll_usb.o
    0x0800522a   0x0800522a   0x0000000a   Code   RO         8027    i.USB_GetMode       stm32f4xx_ll_usb.o
    0x08005234   0x08005234   0x00000176   Code   RO         8028    i.USB_HC_Halt       stm32f4xx_ll_usb.o
    0x080053aa   0x080053aa   0x000001b6   Code   RO         8029    i.USB_HC_Init       stm32f4xx_ll_usb.o
    0x08005560   0x08005560   0x0000000e   Code   RO         8030    i.USB_HC_ReadInterrupt  stm32f4xx_ll_usb.o
    0x0800556e   0x0800556e   0x00000002   PAD
    0x08005570   0x08005570   0x000001d4   Code   RO         8031    i.USB_HC_StartXfer  stm32f4xx_ll_usb.o
    0x08005744   0x08005744   0x00000100   Code   RO         8032    i.USB_HostInit      stm32f4xx_ll_usb.o
    0x08005844   0x08005844   0x00000044   Code   RO         8033    i.USB_InitFSLSPClkSel  stm32f4xx_ll_usb.o
    0x08005888   0x08005888   0x0000000a   Code   RO         8038    i.USB_ReadInterrupts  stm32f4xx_ll_usb.o
    0x08005892   0x08005892   0x00000022   Code   RO         8039    i.USB_ReadPacket    stm32f4xx_ll_usb.o
    0x080058b4   0x080058b4   0x0000003c   Code   RO         8040    i.USB_ResetPort     stm32f4xx_ll_usb.o
    0x080058f0   0x080058f0   0x00000036   Code   RO         8041    i.USB_SetCurrentMode  stm32f4xx_ll_usb.o
    0x08005926   0x08005926   0x000000b4   Code   RO         8046    i.USB_StopHost      stm32f4xx_ll_usb.o
    0x080059da   0x080059da   0x0000003c   Code   RO         8047    i.USB_WritePacket   stm32f4xx_ll_usb.o
    0x08005a16   0x08005a16   0x00000004   Code   RO         8730    i.UsageFault_Handler  stm32f4xx_it.o
    0x08005a1a   0x08005a1a   0x00000002   PAD
    0x08005a1c   0x08005a1c   0x00000020   Code   RO        11329    i.__0printf$2       mc_w.l(printf2.o)
    0x08005a3c   0x08005a3c   0x00000028   Code   RO        11331    i.__0sprintf$2      mc_w.l(printf2.o)
    0x08005a64   0x08005a64   0x00000010   Code   RO          982    i.__NVIC_GetPriorityGrouping  stm32f4xx_hal_cortex.o
    0x08005a74   0x08005a74   0x00000028   Code   RO          983    i.__NVIC_SetPriority  stm32f4xx_hal_cortex.o
    0x08005a9c   0x08005a9c   0x0000004c   Code   RO         9604    i.__rt_ffs          kservice.o
    0x08005ae8   0x08005ae8   0x0000000e   Code   RO        11593    i.__scatterload_copy  mc_w.l(handlers.o)
    0x08005af6   0x08005af6   0x00000002   Code   RO        11594    i.__scatterload_null  mc_w.l(handlers.o)
    0x08005af8   0x08005af8   0x0000000e   Code   RO        11595    i.__scatterload_zeroinit  mc_w.l(handlers.o)
    0x08005b06   0x08005b06   0x00000002   PAD
    0x08005b08   0x08005b08   0x00000014   Code   RO         9397    i._has_defunct_thread  idle.o
    0x08005b1c   0x08005b1c   0x000000d6   Code   RO        11336    i._printf_core      mc_w.l(printf2.o)
    0x08005bf2   0x08005bf2   0x00000002   PAD
    0x08005bf4   0x08005bf4   0x00000084   Code   RO         9994    i._rt_thread_init   thread.o
    0x08005c78   0x08005c78   0x00000042   Code   RO        10109    i._rt_timer_init    timer.o
    0x08005cba   0x08005cba   0x0000002e   Code   RO        10110    i._rt_timer_remove  timer.o
    0x08005ce8   0x08005ce8   0x0000000a   Code   RO        11338    i._sputc            mc_w.l(printf2.o)
    0x08005cf2   0x08005cf2   0x00000002   PAD
    0x08005cf4   0x08005cf4   0x00000090   Code   RO        10890    i.check_fs          ff.o
    0x08005d84   0x08005d84   0x00000014   Code   RO        10891    i.chk_chr           ff.o
    0x08005d98   0x08005d98   0x0000001a   Code   RO        10892    i.clust2sect        ff.o
    0x08005db2   0x08005db2   0x00000002   PAD
    0x08005db4   0x08005db4   0x000000a0   Code   RO        10893    i.cmp_lfn           ff.o
    0x08005e54   0x08005e54   0x000000d6   Code   RO        10894    i.create_chain      ff.o
    0x08005f2a   0x08005f2a   0x00000002   PAD
    0x08005f2c   0x08005f2c   0x00000270   Code   RO        10895    i.create_name       ff.o
    0x0800619c   0x0800619c   0x0000005c   Code   RO        10896    i.dir_alloc         ff.o
    0x080061f8   0x080061f8   0x000000ea   Code   RO        10897    i.dir_find          ff.o
    0x080062e2   0x080062e2   0x0000013a   Code   RO        10898    i.dir_next          ff.o
    0x0800641c   0x0800641c   0x000000c6   Code   RO        10899    i.dir_read          ff.o
    0x080064e2   0x080064e2   0x0000012a   Code   RO        10900    i.dir_register      ff.o
    0x0800660c   0x0800660c   0x000000c8   Code   RO        10902    i.dir_sdi           ff.o
    0x080066d4   0x080066d4   0x0000002c   Code   RO        10844    i.disk_initialize   diskio.o
    0x08006700   0x08006700   0x00000028   Code   RO        10845    i.disk_ioctl        diskio.o
    0x08006728   0x08006728   0x00000030   Code   RO        10846    i.disk_read         diskio.o
    0x08006758   0x08006758   0x0000001c   Code   RO        10847    i.disk_status       diskio.o
    0x08006774   0x08006774   0x00000030   Code   RO        10848    i.disk_write        diskio.o
    0x080067a4   0x080067a4   0x00000020   Code   RO        10904    i.f_close           ff.o
    0x080067c4   0x080067c4   0x0000005c   Code   RO        10910    i.f_mount           ff.o
    0x08006820   0x08006820   0x0000017e   Code   RO        10911    i.f_open            ff.o
    0x0800699e   0x0800699e   0x00000076   Code   RO        10912    i.f_opendir         ff.o
    0x08006a14   0x08006a14   0x00000064   Code   RO        10914    i.f_readdir         ff.o
    0x08006a78   0x08006a78   0x000000b0   Code   RO        10917    i.f_sync            ff.o
    0x08006b28   0x08006b28   0x0000020c   Code   RO        10921    i.f_write           ff.o
    0x08006d34   0x08006d34   0x0000007c   Code   RO        11220    i.ff_convert        cc936.o
    0x08006db0   0x08006db0   0x0000005c   Code   RO        11221    i.ff_wtoupper       cc936.o
    0x08006e0c   0x08006e0c   0x000003d8   Code   RO        10922    i.find_volume       ff.o
    0x080071e4   0x080071e4   0x00000080   Code   RO        10923    i.fit_lfn           ff.o
    0x08007264   0x08007264   0x00000090   Code   RO        10924    i.follow_path       ff.o
    0x080072f4   0x080072f4   0x0000001c   Code   RO         8819    i.fputc             bsp_debug_usart.o
    0x08007310   0x08007310   0x00000050   Code   RO        11523    i.free              mc_w.l(malloc.o)
    0x08007360   0x08007360   0x000000cc   Code   RO        10925    i.gen_numname       ff.o
    0x0800742c   0x0800742c   0x0000013e   Code   RO        10926    i.get_fat           ff.o
    0x0800756a   0x0800756a   0x00000004   Code   RO        10849    i.get_fattime       diskio.o
    0x0800756e   0x0800756e   0x00000110   Code   RO        10927    i.get_fileinfo      ff.o
    0x0800767e   0x0800767e   0x0000004a   Code   RO        10928    i.get_ldnumber      ff.o
    0x080076c8   0x080076c8   0x00000238   Code   RO         8550    i.key_thread_entry  main.o
    0x08007900   0x08007900   0x00000020   Code   RO        10929    i.ld_clust          ff.o
    0x08007920   0x08007920   0x00000020   Code   RO         8551    i.led1_thread_entry  main.o
    0x08007940   0x08007940   0x000000f4   Code   RO         8552    i.main              main.o
    0x08007a34   0x08007a34   0x0000000e   Code   RO         9324    i.main_thread_entry  components.o
    0x08007a42   0x08007a42   0x00000002   PAD
    0x08007a44   0x08007a44   0x0000006c   Code   RO        11524    i.malloc            mc_w.l(malloc.o)
    0x08007ab0   0x08007ab0   0x00000026   Code   RO        10930    i.mem_cmp           ff.o
    0x08007ad6   0x08007ad6   0x0000001a   Code   RO        10931    i.mem_cpy           ff.o
    0x08007af0   0x08007af0   0x00000014   Code   RO        10932    i.mem_set           ff.o
    0x08007b04   0x08007b04   0x00000034   Code   RO        10933    i.move_window       ff.o
    0x08007b38   0x08007b38   0x00000080   Code   RO        10934    i.pick_lfn          ff.o
    0x08007bb8   0x08007bb8   0x00000078   Code   RO         9781    i.plug_holes        mem.o
    0x08007c30   0x08007c30   0x0000018c   Code   RO         9606    i.print_number      kservice.o
    0x08007dbc   0x08007dbc   0x00000188   Code   RO        10935    i.put_fat           ff.o
    0x08007f44   0x08007f44   0x0000006c   Code   RO        10936    i.remove_chain      ff.o
    0x08007fb0   0x08007fb0   0x0000002c   Code   RO         9325    i.rt_application_init  components.o
    0x08007fdc   0x08007fdc   0x0000001c   Code   RO         9326    i.rt_components_board_init  components.o
    0x08007ff8   0x08007ff8   0x0000001c   Code   RO         9327    i.rt_components_init  components.o
    0x08008014   0x08008014   0x00000020   Code   RO         9913    i.rt_enter_critical  scheduler.o
    0x08008034   0x08008034   0x0000003c   Code   RO         9914    i.rt_exit_critical  scheduler.o
    0x08008070   0x08008070   0x000000e0   Code   RO         9783    i.rt_free           mem.o
    0x08008150   0x08008150   0x00000008   Code   RO         9219    i.rt_heap_begin_get  board_init.o
    0x08008158   0x08008158   0x00000008   Code   RO         9220    i.rt_heap_end_get   board_init.o
    0x08008160   0x08008160   0x00000084   Code   RO         9221    i.rt_hw_board_init  board_init.o
    0x080081e4   0x080081e4   0x00000044   Code   RO         9222    i.rt_hw_console_output  board_init.o
    0x08008228   0x08008228   0x0000010c   Code   RO        10218    i.rt_hw_hard_fault_exception  cpuport.o
    0x08008334   0x08008334   0x00000050   Code   RO        10219    i.rt_hw_stack_init  cpuport.o
    0x08008384   0x08008384   0x00000020   Code   RO         9577    i.rt_interrupt_enter  irq.o
    0x080083a4   0x080083a4   0x00000020   Code   RO         9579    i.rt_interrupt_leave  irq.o
    0x080083c4   0x080083c4   0x00000014   Code   RO         9437    i.rt_ipc_list_resume  ipc.o
    0x080083d8   0x080083d8   0x0000006c   Code   RO         9439    i.rt_ipc_list_suspend  ipc.o
    0x08008444   0x08008444   0x00000010   Code   RO         9440    i.rt_ipc_object_init  ipc.o
    0x08008454   0x08008454   0x00000030   Code   RO         9610    i.rt_kprintf        kservice.o
    0x08008484   0x08008484   0x00000006   Code   RO         9441    i.rt_list_init      ipc.o
    0x0800848a   0x0800848a   0x00000006   Code   RO         9915    i.rt_list_init      scheduler.o
    0x08008490   0x08008490   0x00000006   Code   RO        10111    i.rt_list_init      timer.o
    0x08008496   0x08008496   0x0000000e   Code   RO         9843    i.rt_list_insert_after  object.o
    0x080084a4   0x080084a4   0x0000000e   Code   RO         9995    i.rt_list_insert_after  thread.o
    0x080084b2   0x080084b2   0x0000000e   Code   RO        10112    i.rt_list_insert_after  timer.o
    0x080084c0   0x080084c0   0x0000000e   Code   RO         9442    i.rt_list_insert_before  ipc.o
    0x080084ce   0x080084ce   0x00000010   Code   RO         9443    i.rt_list_isempty   ipc.o
    0x080084de   0x080084de   0x00000010   Code   RO        10113    i.rt_list_isempty   timer.o
    0x080084ee   0x080084ee   0x00000012   Code   RO         9844    i.rt_list_remove    object.o
    0x08008500   0x08008500   0x00000012   Code   RO         9996    i.rt_list_remove    thread.o
    0x08008512   0x08008512   0x00000002   PAD
    0x08008514   0x08008514   0x0000016c   Code   RO         9784    i.rt_malloc         mem.o
    0x08008680   0x08008680   0x00000048   Code   RO         9616    i.rt_memset         kservice.o
    0x080086c8   0x080086c8   0x0000004a   Code   RO         9845    i.rt_object_allocate  object.o
    0x08008712   0x08008712   0x00000020   Code   RO         9846    i.rt_object_delete  object.o
    0x08008732   0x08008732   0x0000001a   Code   RO         9847    i.rt_object_detach  object.o
    0x0800874c   0x0800874c   0x00000028   Code   RO         9849    i.rt_object_get_information  object.o
    0x08008774   0x08008774   0x0000003c   Code   RO         9850    i.rt_object_init    object.o
    0x080087b0   0x080087b0   0x00000012   Code   RO         9851    i.rt_object_is_systemobject  object.o
    0x080087c2   0x080087c2   0x00000002   PAD
    0x080087c4   0x080087c4   0x00000090   Code   RO         9916    i.rt_schedule       scheduler.o
    0x08008854   0x08008854   0x00000050   Code   RO         9917    i.rt_schedule_insert_thread  scheduler.o
    0x080088a4   0x080088a4   0x00000054   Code   RO         9918    i.rt_schedule_remove_thread  scheduler.o
    0x080088f8   0x080088f8   0x0000002a   Code   RO         9453    i.rt_sem_create     ipc.o
    0x08008922   0x08008922   0x00000026   Code   RO         9456    i.rt_sem_init       ipc.o
    0x08008948   0x08008948   0x0000003a   Code   RO         9457    i.rt_sem_release    ipc.o
    0x08008982   0x08008982   0x00000074   Code   RO         9458    i.rt_sem_take       ipc.o
    0x080089f6   0x080089f6   0x00000002   PAD
    0x080089f8   0x080089f8   0x000000b0   Code   RO         9618    i.rt_show_version   kservice.o
    0x08008aa8   0x08008aa8   0x00000012   Code   RO         9624    i.rt_strlen         kservice.o
    0x08008aba   0x08008aba   0x00000034   Code   RO         9626    i.rt_strncpy        kservice.o
    0x08008aee   0x08008aee   0x00000002   PAD
    0x08008af0   0x08008af0   0x000000f8   Code   RO         9787    i.rt_system_heap_init  mem.o
    0x08008be8   0x08008be8   0x0000004c   Code   RO         9919    i.rt_system_scheduler_init  scheduler.o
    0x08008c34   0x08008c34   0x00000030   Code   RO         9920    i.rt_system_scheduler_start  scheduler.o
    0x08008c64   0x08008c64   0x0000001c   Code   RO        10114    i.rt_system_timer_init  timer.o
    0x08008c80   0x08008c80   0x00000002   Code   RO        10115    i.rt_system_timer_thread_init  timer.o
    0x08008c82   0x08008c82   0x00000050   Code   RO         9998    i.rt_thread_create  thread.o
    0x08008cd2   0x08008cd2   0x0000000c   Code   RO         9999    i.rt_thread_delay   thread.o
    0x08008cde   0x08008cde   0x00000002   PAD
    0x08008ce0   0x08008ce0   0x00000054   Code   RO        10002    i.rt_thread_exit    thread.o
    0x08008d34   0x08008d34   0x00000008   Code   RO         9398    i.rt_thread_idle_entry  idle.o
    0x08008d3c   0x08008d3c   0x00000084   Code   RO         9399    i.rt_thread_idle_excute  idle.o
    0x08008dc0   0x08008dc0   0x0000003c   Code   RO         9401    i.rt_thread_idle_init  idle.o
    0x08008dfc   0x08008dfc   0x00000034   Code   RO        10004    i.rt_thread_init    thread.o
    0x08008e30   0x08008e30   0x0000003c   Code   RO        10005    i.rt_thread_resume  thread.o
    0x08008e6c   0x08008e6c   0x0000000c   Code   RO        10006    i.rt_thread_self    thread.o
    0x08008e78   0x08008e78   0x00000044   Code   RO        10007    i.rt_thread_sleep   thread.o
    0x08008ebc   0x08008ebc   0x0000002c   Code   RO        10008    i.rt_thread_startup  thread.o
    0x08008ee8   0x08008ee8   0x00000044   Code   RO        10009    i.rt_thread_suspend  thread.o
    0x08008f2c   0x08008f2c   0x00000020   Code   RO        10010    i.rt_thread_timeout  thread.o
    0x08008f4c   0x08008f4c   0x00000064   Code   RO        10011    i.rt_thread_yield   thread.o
    0x08008fb0   0x08008fb0   0x0000000c   Code   RO         9281    i.rt_tick_get       clock.o
    0x08008fbc   0x08008fbc   0x00000030   Code   RO         9282    i.rt_tick_increase  clock.o
    0x08008fec   0x08008fec   0x0000007c   Code   RO        10116    i.rt_timer_check    timer.o
    0x08009068   0x08009068   0x00000038   Code   RO        10117    i.rt_timer_control  timer.o
    0x080090a0   0x080090a0   0x00000020   Code   RO        10120    i.rt_timer_detach   timer.o
    0x080090c0   0x080090c0   0x0000002e   Code   RO        10121    i.rt_timer_init     timer.o
    0x080090ee   0x080090ee   0x00000002   PAD
    0x080090f0   0x080090f0   0x000000f8   Code   RO        10124    i.rt_timer_start    timer.o
    0x080091e8   0x080091e8   0x00000030   Code   RO        10125    i.rt_timer_stop     timer.o
    0x08009218   0x08009218   0x00000328   Code   RO         9629    i.rt_vsnprintf      kservice.o
    0x08009540   0x08009540   0x00000004   Code   RO         9328    i.rti_board_end     components.o
    0x08009544   0x08009544   0x00000004   Code   RO         9329    i.rti_board_start   components.o
    0x08009548   0x08009548   0x00000004   Code   RO         9330    i.rti_end           components.o
    0x0800954c   0x0800954c   0x00000004   Code   RO         9331    i.rti_start         components.o
    0x08009550   0x08009550   0x0000002a   Code   RO         9332    i.rtthread_startup  components.o
    0x0800957a   0x0800957a   0x00000002   PAD
    0x0800957c   0x0800957c   0x0000009c   Code   RO         8553    i.scan_files        main.o
    0x08009618   0x08009618   0x00000026   Code   RO         9631    i.skip_atoi         kservice.o
    0x0800963e   0x0800963e   0x00000010   Code   RO        10937    i.st_clust          ff.o
    0x0800964e   0x0800964e   0x00000020   Code   RO        10938    i.sum_sfn           ff.o
    0x0800966e   0x0800966e   0x000000c8   Code   RO        10939    i.sync_fs           ff.o
    0x08009736   0x08009736   0x00000052   Code   RO        10940    i.sync_window       ff.o
    0x08009788   0x08009788   0x00000032   Code   RO        10941    i.validate          ff.o
    0x080097ba   0x080097ba   0x00000018   Data   RO           15    .constdata          system_stm32f4xx.o
    0x080097d2   0x080097d2   0x00000002   PAD
    0x080097d4   0x080097d4   0x00000014   Data   RO         9150    .constdata          usbh_diskio_dma.o
    0x080097e8   0x080097e8   0x00000122   Data   RO         9633    .constdata          kservice.o
    0x0800990a   0x0800990a   0x0000003a   Data   RO        10942    .constdata          ff.o
    0x08009944   0x08009944   0x0002b0c0   Data   RO        11222    .constdata          cc936.o
    0x08034a04   0x08034a04   0x00000004   Data   RO        10268    .conststring        usbh_msc.o
    0x08034a08   0x08034a08   0x00000004   Data   RO         9333    .rti_fn.0           components.o
    0x08034a0c   0x08034a0c   0x00000004   Data   RO         9334    .rti_fn.0.end       components.o
    0x08034a10   0x08034a10   0x00000004   Data   RO         9335    .rti_fn.1.end       components.o
    0x08034a14   0x08034a14   0x00000004   Data   RO         9336    .rti_fn.6.end       components.o
    0x08034a18   0x08034a18   0x00000020   Data   RO        11591    Region$$Table       anon$$obj.o


    Execution Region RW_IRAM1 (Exec base: 0x20000000, Load base: 0x08034a38, Size: 0x000187f0, Max: 0x00020000, ABSOLUTE, COMPRESSED[0x00000098])

    Exec Addr    Load Addr    Size         Type   Attr      Idx    E Section Name        Object

    0x20000000   COMPRESSED   0x00000004   Data   RW           16    .data               system_stm32f4xx.o
    0x20000004   COMPRESSED   0x00000009   Data   RW          277    .data               stm32f4xx_hal.o
    0x2000000d   COMPRESSED   0x00000003   PAD
    0x20000010   COMPRESSED   0x00000004   Data   RW         8048    .data               stm32f4xx_ll_usb.o
    0x20000014   COMPRESSED   0x0000015f   Data   RW         8555    .data               main.o
    0x20000173   COMPRESSED   0x00000001   Data   RW         8907    .data               usb_host.o
    0x20000174   COMPRESSED   0x00000004   Data   RW         9284    .data               clock.o
    0x20000178   COMPRESSED   0x00000001   Data   RW         9580    .data               irq.o
    0x20000179   COMPRESSED   0x00000003   PAD
    0x2000017c   COMPRESSED   0x00000018   Data   RW         9789    .data               mem.o
    0x20000194   COMPRESSED   0x00000040   Data   RW         9853    .data               object.o
    0x200001d4   COMPRESSED   0x00000018   Data   RW         9922    .data               scheduler.o
    0x200001ec   COMPRESSED   0x0000000c   Data   RW        10126    .data               timer.o
    0x200001f8   COMPRESSED   0x00000010   Data   RW        10220    .data               cpuport.o
    0x20000208   COMPRESSED   0x00000020   Data   RW        10269    .data               usbh_msc.o
    0x20000228   COMPRESSED   0x0000000a   Data   RW        10943    .data               ff.o
    0x20000232   COMPRESSED   0x00000002   PAD
    0x20000234   COMPRESSED   0x00000004   Data   RW        11565    .data               mc_w.l(stdout.o)
    0x20000238   COMPRESSED   0x00000004   Data   RW        11572    .data               mc_w.l(mvars.o)
    0x2000023c   COMPRESSED   0x00000004   Data   RW        11573    .data               mc_w.l(mvars.o)
    0x20000240        -       0x00002677   Zero   RW         8554    .bss                main.o
    0x200028b7   COMPRESSED   0x00000001   PAD
    0x200028b8        -       0x00000040   Zero   RW         8820    .bss                bsp_debug_usart.o
    0x200028f8        -       0x000003cc   Zero   RW         8906    .bss                usb_host.o
    0x20002cc4        -       0x000002c4   Zero   RW         8977    .bss                usbh_conf.o
    0x20002f88        -       0x00001000   Zero   RW         9149    .bss                usbh_diskio_dma.o
    0x20003f88        -       0x00014000   Zero   RW         9223    .bss                board_init.o
    0x20017f88        -       0x00000178   Zero   RW         9402    .bss                idle.o
    0x20018100        -       0x00000080   Zero   RW         9632    .bss                kservice.o
    0x20018180        -       0x00000020   Zero   RW         9788    .bss                mem.o
    0x200181a0        -       0x00000040   Zero   RW         9921    .bss                scheduler.o
    0x200181e0        -       0x00000010   Zero   RW        11186    .bss                ff_gen_drv.o
    0x200181f0        -       0x00000200   Zero   RW            2    HEAP                startup_stm32f407xx.o
    0x200183f0        -       0x00000400   Zero   RW            1    STACK               startup_stm32f407xx.o


==============================================================================

Image component sizes


      Code (inc. data)   RO Data    RW Data    ZI Data      Debug   Object Name

       456         54          0          0      81920      35798   board_init.o
       264         22          0          0         64       4233   bsp_debug_usart.o
       284         16          0          0          0       2041   bsp_key.o
       244         20          0          0          0       1254   bsp_led.o
       216         16     176320          0          0       3179   cc936.o
        60         12          0          4          0       1553   clock.o
       186         28         16          0          0       7328   components.o
       272         26          0          0          0        920   context_rvds.o
       348        166          0         16          0       4098   cpuport.o
       212         24          0          0          0       7571   diskio.o
      7248         70         58         10          0      40922   ff.o
       102          6          0          0         16       1895   ff_gen_drv.o
       220         30          0          0        376       5834   idle.o
       434          0          0          0          0       9969   ipc.o
        64         12          0          1          0       2038   irq.o
      1684        164        290          0        128      10148   kservice.o
      1000        480          0        351       9847      26351   main.o
       956        224          0         24         32       4616   mem.o
       282          4          0         64          0       8980   object.o
       530         88          0         24         64       9262   scheduler.o
        36          8        392          0       1536       1052   startup_stm32f407xx.o
       164         34          0          9          0       5337   stm32f4xx_hal.o
       264         14          0          0          0      34376   stm32f4xx_hal_cortex.o
       528         46          0          0          0       2675   stm32f4xx_hal_gpio.o
      4706          6          0          0          0      15509   stm32f4xx_hal_hcd.o
      1732         84          0          0          0       6348   stm32f4xx_hal_rcc.o
      1308          8          0          0          0       4280   stm32f4xx_hal_uart.o
        34          6          0          0          0       4015   stm32f4xx_it.o
      2534         56          0          4          0      20623   stm32f4xx_ll_usb.o
       100         18         24          4          0     668643   system_stm32f4xx.o
       776         36          0          0          0      13251   thread.o
       732         20          0         12          0      12632   timer.o
       284        122          0          1        972       3653   usb_host.o
       866         14          0          0        708      25285   usbh_conf.o
      1438         22          0          0          0      13416   usbh_core.o
      1380         12          0          0          0      14366   usbh_ctlreq.o
       554         30         20          0       4096       9220   usbh_diskio_dma.o
       226          0          0          0          0       5044   usbh_ioreq.o
      2694         10          4         32          0      15849   usbh_msc.o
       878         26          0          0          0       9528   usbh_msc_bot.o
      1032          0          0          0          0       8230   usbh_msc_scsi.o
       168          0          0          0          0       4566   usbh_pipes.o

    ----------------------------------------------------------------------
     37540       2034     177158        564      99760    1085888   Object Totals
         0          0         32          0          0          0   (incl. Generated)
        44          0          2          8          1          0   (incl. Padding)

    ----------------------------------------------------------------------

      Code (inc. data)   RO Data    RW Data    ZI Data      Debug   Library Member Name

        86          0          0          0          0          0   __dczerorl2.o
         0          0          0          0          0          0   entry.o
         0          0          0          0          0          0   entry10a.o
         0          0          0          0          0          0   entry11a.o
         8          4          0          0          0          0   entry2.o
         4          0          0          0          0          0   entry5.o
         0          0          0          0          0          0   entry7b.o
         0          0          0          0          0          0   entry8b.o
         8          4          0          0          0          0   entry9a.o
        30          0          0          0          0          0   handlers.o
        36          8          0          0          0         68   init.o
        30          0          0          0          0         68   llshl.o
        32          0          0          0          0         68   llushr.o
       188         20          0          0          0        160   malloc.o
        36          0          0          0          0         68   memcpya.o
        36          0          0          0          0        108   memseta.o
         0          0          0          8          0          0   mvars.o
       296         16          0          0          0        328   printf2.o
         0          0          0          4          0          0   stdout.o
        14          0          0          0          0         68   strlen.o
        98          0          0          0          0         92   uldiv.o

    ----------------------------------------------------------------------
       910         52          0         12          0       1028   Library Totals
         8          0          0          0          0          0   (incl. Padding)

    ----------------------------------------------------------------------

      Code (inc. data)   RO Data    RW Data    ZI Data      Debug   Library Name

       902         52          0         12          0       1028   mc_w.l

    ----------------------------------------------------------------------
       910         52          0         12          0       1028   Library Totals

    ----------------------------------------------------------------------

==============================================================================


      Code (inc. data)   RO Data    RW Data    ZI Data      Debug   

     38450       2086     177158        576      99760    1055732   Grand Totals
     38450       2086     177158        152      99760    1055732   ELF Image Totals (compressed)
     38450       2086     177158        152          0          0   ROM Totals

==============================================================================

    Total RO  Size (Code + RO Data)               215608 ( 210.55kB)
    Total RW  Size (RW Data + ZI Data)            100336 (  97.98kB)
    Total ROM Size (Code + RO Data + RW Data)     215760 ( 210.70kB)

==============================================================================

