Component: ARM Compiler 5.06 update 6 (build 750) Tool: armlink [4d35ed]

==============================================================================

Section Cross References

    startup_stm32f407xx.o(RESET) refers to startup_stm32f407xx.o(STACK) for __initial_sp
    startup_stm32f407xx.o(RESET) refers to startup_stm32f407xx.o(.text) for Reset_Handler
    startup_stm32f407xx.o(RESET) refers to stm32f4xx_it.o(i.NMI_Handler) for NMI_Handler
    startup_stm32f407xx.o(RESET) refers to context_rvds.o(.text) for HardFault_Handler
    startup_stm32f407xx.o(RESET) refers to stm32f4xx_it.o(i.MemManage_Handler) for MemManage_Handler
    startup_stm32f407xx.o(RESET) refers to stm32f4xx_it.o(i.BusFault_Handler) for BusFault_Handler
    startup_stm32f407xx.o(RESET) refers to stm32f4xx_it.o(i.UsageFault_Handler) for UsageFault_Handler
    startup_stm32f407xx.o(RESET) refers to stm32f4xx_it.o(i.SVC_Handler) for SVC_Handler
    startup_stm32f407xx.o(RESET) refers to stm32f4xx_it.o(i.DebugMon_Handler) for DebugMon_Handler
    startup_stm32f407xx.o(RESET) refers to board_init.o(i.SysTick_Handler) for SysTick_Handler
    startup_stm32f407xx.o(RESET) refers to stm32f4xx_it.o(i.EXTI0_IRQHandler) for EXTI0_IRQHandler
    startup_stm32f407xx.o(RESET) refers to stm32f4xx_it.o(i.TIM1_UP_TIM10_IRQHandler) for TIM1_UP_TIM10_IRQHandler
    startup_stm32f407xx.o(.text) refers to system_stm32f4xx.o(i.SystemInit) for SystemInit
    startup_stm32f407xx.o(.text) refers to entry.o(.ARM.Collect$$$$00000000) for __main
    system_stm32f4xx.o(i.SystemCoreClockUpdate) refers to system_stm32f4xx.o(.data) for SystemCoreClock
    system_stm32f4xx.o(i.SystemCoreClockUpdate) refers to system_stm32f4xx.o(.constdata) for AHBPrescTable
    stm32f4xx_hal.o(i.HAL_DeInit) refers to stm32f4xx_hal_msp_template.o(i.HAL_MspDeInit) for HAL_MspDeInit
    stm32f4xx_hal.o(i.HAL_Delay) refers to stm32f4xx_hal.o(i.HAL_GetTick) for HAL_GetTick
    stm32f4xx_hal.o(i.HAL_Delay) refers to stm32f4xx_hal.o(.data) for uwTickFreq
    stm32f4xx_hal.o(i.HAL_GetTick) refers to stm32f4xx_hal.o(.data) for uwTick
    stm32f4xx_hal.o(i.HAL_GetTickFreq) refers to stm32f4xx_hal.o(.data) for uwTickFreq
    stm32f4xx_hal.o(i.HAL_GetTickPrio) refers to stm32f4xx_hal.o(.data) for uwTickPrio
    stm32f4xx_hal.o(i.HAL_IncTick) refers to stm32f4xx_hal.o(.data) for uwTick
    stm32f4xx_hal.o(i.HAL_Init) refers to stm32f4xx_hal_cortex.o(i.HAL_NVIC_SetPriorityGrouping) for HAL_NVIC_SetPriorityGrouping
    stm32f4xx_hal.o(i.HAL_Init) refers to stm32f4xx_hal.o(i.HAL_InitTick) for HAL_InitTick
    stm32f4xx_hal.o(i.HAL_Init) refers to stm32f4xx_hal_msp_template.o(i.HAL_MspInit) for HAL_MspInit
    stm32f4xx_hal.o(i.HAL_InitTick) refers to stm32f4xx_hal_cortex.o(i.HAL_SYSTICK_Config) for HAL_SYSTICK_Config
    stm32f4xx_hal.o(i.HAL_InitTick) refers to stm32f4xx_hal_cortex.o(i.HAL_NVIC_SetPriority) for HAL_NVIC_SetPriority
    stm32f4xx_hal.o(i.HAL_InitTick) refers to stm32f4xx_hal.o(.data) for uwTickFreq
    stm32f4xx_hal.o(i.HAL_InitTick) refers to system_stm32f4xx.o(.data) for SystemCoreClock
    stm32f4xx_hal.o(i.HAL_SetTickFreq) refers to stm32f4xx_hal.o(i.HAL_InitTick) for HAL_InitTick
    stm32f4xx_hal.o(i.HAL_SetTickFreq) refers to stm32f4xx_hal.o(.data) for uwTickFreq
    stm32f4xx_hal_adc.o(i.ADC_DMAConvCplt) refers to stm32f4xx_hal_adc.o(i.HAL_ADC_ConvCpltCallback) for HAL_ADC_ConvCpltCallback
    stm32f4xx_hal_adc.o(i.ADC_DMAConvCplt) refers to stm32f4xx_hal_adc.o(i.HAL_ADC_ErrorCallback) for HAL_ADC_ErrorCallback
    stm32f4xx_hal_adc.o(i.ADC_DMAError) refers to stm32f4xx_hal_adc.o(i.HAL_ADC_ErrorCallback) for HAL_ADC_ErrorCallback
    stm32f4xx_hal_adc.o(i.ADC_DMAHalfConvCplt) refers to stm32f4xx_hal_adc.o(i.HAL_ADC_ConvHalfCpltCallback) for HAL_ADC_ConvHalfCpltCallback
    stm32f4xx_hal_adc.o(i.HAL_ADC_ConfigChannel) refers to system_stm32f4xx.o(.data) for SystemCoreClock
    stm32f4xx_hal_adc.o(i.HAL_ADC_DeInit) refers to stm32f4xx_hal_adc.o(i.HAL_ADC_MspDeInit) for HAL_ADC_MspDeInit
    stm32f4xx_hal_adc.o(i.HAL_ADC_IRQHandler) refers to stm32f4xx_hal_adc.o(i.HAL_ADC_ConvCpltCallback) for HAL_ADC_ConvCpltCallback
    stm32f4xx_hal_adc.o(i.HAL_ADC_IRQHandler) refers to stm32f4xx_hal_adc_ex.o(i.HAL_ADCEx_InjectedConvCpltCallback) for HAL_ADCEx_InjectedConvCpltCallback
    stm32f4xx_hal_adc.o(i.HAL_ADC_IRQHandler) refers to stm32f4xx_hal_adc.o(i.HAL_ADC_LevelOutOfWindowCallback) for HAL_ADC_LevelOutOfWindowCallback
    stm32f4xx_hal_adc.o(i.HAL_ADC_IRQHandler) refers to stm32f4xx_hal_adc.o(i.HAL_ADC_ErrorCallback) for HAL_ADC_ErrorCallback
    stm32f4xx_hal_adc.o(i.HAL_ADC_Init) refers to stm32f4xx_hal_adc.o(i.HAL_ADC_MspInit) for HAL_ADC_MspInit
    stm32f4xx_hal_adc.o(i.HAL_ADC_Init) refers to stm32f4xx_hal_adc.o(i.ADC_Init) for ADC_Init
    stm32f4xx_hal_adc.o(i.HAL_ADC_PollForConversion) refers to stm32f4xx_hal.o(i.HAL_GetTick) for HAL_GetTick
    stm32f4xx_hal_adc.o(i.HAL_ADC_PollForEvent) refers to stm32f4xx_hal.o(i.HAL_GetTick) for HAL_GetTick
[...]
    ..\Libraries\STM32F4xx_HAL_Driver\Src\stm32f4xx_hal_tim_ex.c 0x00000000   Number         0  stm32f4xx_hal_tim_ex.o ABSOLUTE
    ..\Libraries\STM32F4xx_HAL_Driver\Src\stm32f4xx_hal_uart.c 0x00000000   Number         0  stm32f4xx_hal_uart.o ABSOLUTE
    ..\Libraries\STM32F4xx_HAL_Driver\Src\stm32f4xx_hal_usart.c 0x00000000   Number         0  stm32f4xx_hal_usart.o ABSOLUTE
    ..\Libraries\STM32F4xx_HAL_Driver\Src\stm32f4xx_hal_wwdg.c 0x00000000   Number         0  stm32f4xx_hal_wwdg.o ABSOLUTE
    ..\Libraries\STM32F4xx_HAL_Driver\Src\stm32f4xx_ll_adc.c 0x00000000   Number         0  stm32f4xx_ll_adc.o ABSOLUTE
    ..\Libraries\STM32F4xx_HAL_Driver\Src\stm32f4xx_ll_crc.c 0x00000000   Number         0  stm32f4xx_ll_crc.o ABSOLUTE
    ..\Libraries\STM32F4xx_HAL_Driver\Src\stm32f4xx_ll_dac.c 0x00000000   Number         0  stm32f4xx_ll_dac.o ABSOLUTE
    ..\Libraries\STM32F4xx_HAL_Driver\Src\stm32f4xx_ll_dma.c 0x00000000   Number         0  stm32f4xx_ll_dma.o ABSOLUTE
    ..\Libraries\STM32F4xx_HAL_Driver\Src\stm32f4xx_ll_dma2d.c 0x00000000   Number         0  stm32f4xx_ll_dma2d.o ABSOLUTE
    ..\Libraries\STM32F4xx_HAL_Driver\Src\stm32f4xx_ll_exti.c 0x00000000   Number         0  stm32f4xx_ll_exti.o ABSOLUTE
    ..\Libraries\STM32F4xx_HAL_Driver\Src\stm32f4xx_ll_fmc.c 0x00000000   Number         0  stm32f4xx_ll_fmc.o ABSOLUTE
    ..\Libraries\STM32F4xx_HAL_Driver\Src\stm32f4xx_ll_fsmc.c 0x00000000   Number         0  stm32f4xx_ll_fsmc.o ABSOLUTE
    ..\Libraries\STM32F4xx_HAL_Driver\Src\stm32f4xx_ll_gpio.c 0x00000000   Number         0  stm32f4xx_ll_gpio.o ABSOLUTE
    ..\Libraries\STM32F4xx_HAL_Driver\Src\stm32f4xx_ll_i2c.c 0x00000000   Number         0  stm32f4xx_ll_i2c.o ABSOLUTE
    ..\Libraries\STM32F4xx_HAL_Driver\Src\stm32f4xx_ll_lptim.c 0x00000000   Number         0  stm32f4xx_ll_lptim.o ABSOLUTE
    ..\Libraries\STM32F4xx_HAL_Driver\Src\stm32f4xx_ll_pwr.c 0x00000000   Number         0  stm32f4xx_ll_pwr.o ABSOLUTE
    ..\Libraries\STM32F4xx_HAL_Driver\Src\stm32f4xx_ll_rcc.c 0x00000000   Number         0  stm32f4xx_ll_rcc.o ABSOLUTE
    ..\Libraries\STM32F4xx_HAL_Driver\Src\stm32f4xx_ll_rng.c 0x00000000   Number         0  stm32f4xx_ll_rng.o ABSOLUTE
    ..\Libraries\STM32F4xx_HAL_Driver\Src\stm32f4xx_ll_rtc.c 0x00000000   Number         0  stm32f4xx_ll_rtc.o ABSOLUTE
    ..\Libraries\STM32F4xx_HAL_Driver\Src\stm32f4xx_ll_sdmmc.c 0x00000000   Number         0  stm32f4xx_ll_sdmmc.o ABSOLUTE
    ..\Libraries\STM32F4xx_HAL_Driver\Src\stm32f4xx_ll_spi.c 0x00000000   Number         0  stm32f4xx_ll_spi.o ABSOLUTE
    ..\Libraries\STM32F4xx_HAL_Driver\Src\stm32f4xx_ll_tim.c 0x00000000   Number         0  stm32f4xx_ll_tim.o ABSOLUTE
    ..\Libraries\STM32F4xx_HAL_Driver\Src\stm32f4xx_ll_usart.c 0x00000000   Number         0  stm32f4xx_ll_usart.o ABSOLUTE
    ..\Libraries\STM32F4xx_HAL_Driver\Src\stm32f4xx_ll_usb.c 0x00000000   Number         0  stm32f4xx_ll_usb.o ABSOLUTE
    ..\Libraries\STM32F4xx_HAL_Driver\Src\stm32f4xx_ll_utils.c 0x00000000   Number         0  stm32f4xx_ll_utils.o ABSOLUTE
    ..\User\board_init.c                     0x00000000   Number         0  board_init.o ABSOLUTE
    ..\User\key\bsp_key.c                    0x00000000   Number         0  bsp_key.o ABSOLUTE
    ..\User\led\bsp_led.c                    0x00000000   Number         0  bsp_led.o ABSOLUTE
    ..\User\main.c                           0x00000000   Number         0  main.o ABSOLUTE
    ..\User\stm32f4xx_it.c                   0x00000000   Number         0  stm32f4xx_it.o ABSOLUTE
    ..\User\tim\bsp_advance_tim.c            0x00000000   Number         0  bsp_advance_tim.o ABSOLUTE
    ..\User\usart\bsp_debug_usart.c          0x00000000   Number         0  bsp_debug_usart.o ABSOLUTE
    ..\\Libraries\\CMSIS\\Device\\ST\\STM32F4xx\\Source\\Templates\\system_stm32f4xx.c 0x00000000   Number         0  system_stm32f4xx.o ABSOLUTE
    ..\\Libraries\\STM32F4xx_HAL_Driver\\Src\\stm32f4xx_hal.c 0x00000000   Number         0  stm32f4xx_hal.o ABSOLUTE
    ..\\Libraries\\STM32F4xx_HAL_Driver\\Src\\stm32f4xx_hal_adc.c 0x00000000   Number         0  stm32f4xx_hal_adc.o ABSOLUTE
    ..\\Libraries\\STM32F4xx_HAL_Driver\\Src\\stm32f4xx_hal_adc_ex.c 0x00000000   Number         0  stm32f4xx_hal_adc_ex.o ABSOLUTE
    ..\\Libraries\\STM32F4xx_HAL_Driver\\Src\\stm32f4xx_hal_can.c 0x00000000   Number         0  stm32f4xx_hal_can.o ABSOLUTE
    ..\\Libraries\\STM32F4xx_HAL_Driver\\Src\\stm32f4xx_hal_cec.c 0x00000000   Number         0  stm32f4xx_hal_cec.o ABSOLUTE
    ..\\Libraries\\STM32F4xx_HAL_Driver\\Src\\stm32f4xx_hal_cortex.c 0x00000000   Number         0  stm32f4xx_hal_cortex.o ABSOLUTE
    ..\\Libraries\\STM32F4xx_HAL_Driver\\Src\\stm32f4xx_hal_crc.c 0x00000000   Number         0  stm32f4xx_hal_crc.o ABSOLUTE
    ..\\Libraries\\STM32F4xx_HAL_Driver\\Src\\stm32f4xx_hal_cryp.c 0x00000000   Number         0  stm32f4xx_hal_cryp.o ABSOLUTE
    ..\\Libraries\\STM32F4xx_HAL_Driver\\Src\\stm32f4xx_hal_cryp_ex.c 0x00000000   Number         0  stm32f4xx_hal_cryp_ex.o ABSOLUTE
    ..\\Libraries\\STM32F4xx_HAL_Driver\\Src\\stm32f4xx_hal_dac.c 0x00000000   Number         0  stm32f4xx_hal_dac.o ABSOLUTE
    ..\\Libraries\\STM32F4xx_HAL_Driver\\Src\\stm32f4xx_hal_dac_ex.c 0x00000000   Number         0  stm32f4xx_hal_dac_ex.o ABSOLUTE
    ..\\Libraries\\STM32F4xx_HAL_Driver\\Src\\stm32f4xx_hal_dcmi.c 0x00000000   Number         0  stm32f4xx_hal_dcmi.o ABSOLUTE
    ..\\Libraries\\STM32F4xx_HAL_Driver\\Src\\stm32f4xx_hal_dcmi_ex.c 0x00000000   Number         0  stm32f4xx_hal_dcmi_ex.o ABSOLUTE
    ..\\Libraries\\STM32F4xx_HAL_Driver\\Src\\stm32f4xx_hal_dfsdm.c 0x00000000   Number         0  stm32f4xx_hal_dfsdm.o ABSOLUTE
    ..\\Libraries\\STM32F4xx_HAL_Driver\\Src\\stm32f4xx_hal_dma.c 0x00000000   Number         0  stm32f4xx_hal_dma.o ABSOLUTE
    ..\\Libraries\\STM32F4xx_HAL_Driver\\Src\\stm32f4xx_hal_dma2d.c 0x00000000   Number         0  stm32f4xx_hal_dma2d.o ABSOLUTE
    ..\\Libraries\\STM32F4xx_HAL_Driver\\Src\\stm32f4xx_hal_dma_ex.c 0x00000000   Number         0  stm32f4xx_hal_dma_ex.o ABSOLUTE
    ..\\Libraries\\STM32F4xx_HAL_Driver\\Src\\stm32f4xx_hal_dsi.c 0x00000000   Number         0  stm32f4xx_hal_dsi.o ABSOLUTE
    ..\\Libraries\\STM32F4xx_HAL_Driver\\Src\\stm32f4xx_hal_eth.c 0x00000000   Number         0  stm32f4xx_hal_eth.o ABSOLUTE
    ..\\Libraries\\STM32F4xx_HAL_Driver\\Src\\stm32f4xx_hal_exti.c 0x00000000   Number         0  stm32f4xx_hal_exti.o ABSOLUTE
    ..\\Libraries\\STM32F4xx_HAL_Driver\\Src\\stm32f4xx_hal_flash.c 0x00000000   Number         0  stm32f4xx_hal_flash.o ABSOLUTE
    ..\\Libraries\\STM32F4xx_HAL_Driver\\Src\\stm32f4xx_hal_flash_ex.c 0x00000000   Number         0  stm32f4xx_hal_flash_ex.o ABSOLUTE
    ..\\Libraries\\STM32F4xx_HAL_Driver\\Src\\stm32f4xx_hal_flash_ramfunc.c 0x00000000   Number         0  stm32f4xx_hal_flash_ramfunc.o ABSOLUTE
    ..\\Libraries\\STM32F4xx_HAL_Driver\\Src\\stm32f4xx_hal_fmpi2c.c 0x00000000   Number         0  stm32f4xx_hal_fmpi2c.o ABSOLUTE
    ..\\Libraries\\STM32F4xx_HAL_Driver\\Src\\stm32f4xx_hal_fmpi2c_ex.c 0x00000000   Number         0  stm32f4xx_hal_fmpi2c_ex.o ABSOLUTE
    ..\\Libraries\\STM32F4xx_HAL_Driver\\Src\\stm32f4xx_hal_gpio.c 0x00000000   Number         0  stm32f4xx_hal_gpio.o ABSOLUTE
    ..\\Libraries\\STM32F4xx_HAL_Driver\\Src\\stm32f4xx_hal_hash.c 0x00000000   Number         0  stm32f4xx_hal_hash.o ABSOLUTE
    ..\\Libraries\\STM32F4xx_HAL_Driver\\Src\\stm32f4xx_hal_hash_ex.c 0x00000000   Number         0  stm32f4xx_hal_hash_ex.o ABSOLUTE
    ..\\Libraries\\STM32F4xx_HAL_Driver\\Src\\stm32f4xx_hal_hcd.c 0x00000000   Number         0  stm32f4xx_hal_hcd.o ABSOLUTE
    ..\\Libraries\\STM32F4xx_HAL_Driver\\Src\\stm32f4xx_hal_i2c.c 0x00000000   Number         0  stm32f4xx_hal_i2c.o ABSOLUTE
    ..\\Libraries\\STM32F4xx_HAL_Driver\\Src\\stm32f4xx_hal_i2c_ex.c 0x00000000   Number         0  stm32f4xx_hal_i2c_ex.o ABSOLUTE
    ..\\Libraries\\STM32F4xx_HAL_Driver\\Src\\stm32f4xx_hal_i2s.c 0x00000000   Number         0  stm32f4xx_hal_i2s.o ABSOLUTE
    ..\\Libraries\\STM32F4xx_HAL_Driver\\Src\\stm32f4xx_hal_i2s_ex.c 0x00000000   Number         0  stm32f4xx_hal_i2s_ex.o ABSOLUTE
    ..\\Libraries\\STM32F4xx_HAL_Driver\\Src\\stm32f4xx_hal_irda.c 0x00000000   Number         0  stm32f4xx_hal_irda.o ABSOLUTE
    ..\\Libraries\\STM32F4xx_HAL_Driver\\Src\\stm32f4xx_hal_iwdg.c 0x00000000   Number         0  stm32f4xx_hal_iwdg.o ABSOLUTE
    ..\\Libraries\\STM32F4xx_HAL_Driver\\Src\\stm32f4xx_hal_lptim.c 0x00000000   Number         0  stm32f4xx_hal_lptim.o ABSOLUTE
    ..\\Libraries\\STM32F4xx_HAL_Driver\\Src\\stm32f4xx_hal_ltdc.c 0x00000000   Number         0  stm32f4xx_hal_ltdc.o ABSOLUTE
    ..\\Libraries\\STM32F4xx_HAL_Driver\\Src\\stm32f4xx_hal_ltdc_ex.c 0x00000000   Number         0  stm32f4xx_hal_ltdc_ex.o ABSOLUTE
    ..\\Libraries\\STM32F4xx_HAL_Driver\\Src\\stm32f4xx_hal_mmc.c 0x00000000   Number         0  stm32f4xx_hal_mmc.o ABSOLUTE
    ..\\Libraries\\STM32F4xx_HAL_Driver\\Src\\stm32f4xx_hal_msp_template.c 0x00000000   Number         0  stm32f4xx_hal_msp_template.o ABSOLUTE
    ..\\Libraries\\STM32F4xx_HAL_Driver\\Src\\stm32f4xx_hal_nand.c 0x00000000   Number         0  stm32f4xx_hal_nand.o ABSOLUTE
    ..\\Libraries\\STM32F4xx_HAL_Driver\\Src\\stm32f4xx_hal_nor.c 0x00000000   Number         0  stm32f4xx_hal_nor.o ABSOLUTE
    ..\\Libraries\\STM32F4xx_HAL_Driver\\Src\\stm32f4xx_hal_pccard.c 0x00000000   Number         0  stm32f4xx_hal_pccard.o ABSOLUTE
    ..\\Libraries\\STM32F4xx_HAL_Driver\\Src\\stm32f4xx_hal_pcd.c 0x00000000   Number         0  stm32f4xx_hal_pcd.o ABSOLUTE
    ..\\Libraries\\STM32F4xx_HAL_Driver\\Src\\stm32f4xx_hal_pcd_ex.c 0x00000000   Number         0  stm32f4xx_hal_pcd_ex.o ABSOLUTE
    ..\\Libraries\\STM32F4xx_HAL_Driver\\Src\\stm32f4xx_hal_pwr.c 0x00000000   Number         0  stm32f4xx_hal_pwr.o ABSOLUTE
    ..\\Libraries\\STM32F4xx_HAL_Driver\\Src\\stm32f4xx_hal_pwr_ex.c 0x00000000   Number         0  stm32f4xx_hal_pwr_ex.o ABSOLUTE
    ..\\Libraries\\STM32F4xx_HAL_Driver\\Src\\stm32f4xx_hal_qspi.c 0x00000000   Number         0  stm32f4xx_hal_qspi.o ABSOLUTE
    ..\\Libraries\\STM32F4xx_HAL_Driver\\Src\\stm32f4xx_hal_rcc.c 0x00000000   Number         0  stm32f4xx_hal_rcc.o ABSOLUTE
    ..\\Libraries\\STM32F4xx_HAL_Driver\\Src\\stm32f4xx_hal_rcc_ex.c 0x00000000   Number         0  stm32f4xx_hal_rcc_ex.o ABSOLUTE
    ..\\Libraries\\STM32F4xx_HAL_Driver\\Src\\stm32f4xx_hal_rng.c 0x00000000   Number         0  stm32f4xx_hal_rng.o ABSOLUTE
    ..\\Libraries\\STM32F4xx_HAL_Driver\\Src\\stm32f4xx_hal_rtc.c 0x00000000   Number         0  stm32f4xx_hal_rtc.o ABSOLUTE
    ..\\Libraries\\STM32F4xx_HAL_Driver\\Src\\stm32f4xx_hal_rtc_ex.c 0x00000000   Number         0  stm32f4xx_hal_rtc_ex.o ABSOLUTE
    ..\\Libraries\\STM32F4xx_HAL_Driver\\Src\\stm32f4xx_hal_sai.c 0x00000000   Number         0  stm32f4xx_hal_sai.o ABSOLUTE
    ..\\Libraries\\STM32F4xx_HAL_Driver\\Src\\stm32f4xx_hal_sai_ex.c 0x00000000   Number         0  stm32f4xx_hal_sai_ex.o ABSOLUTE
    ..\\Libraries\\STM32F4xx_HAL_Driver\\Src\\stm32f4xx_hal_sd.c 0x00000000   Number         0  stm32f4xx_hal_sd.o ABSOLUTE
    ..\\Libraries\\STM32F4xx_HAL_Driver\\Src\\stm32f4xx_hal_sdram.c 0x00000000   Number         0  stm32f4xx_hal_sdram.o ABSOLUTE
    ..\\Libraries\\STM32F4xx_HAL_Driver\\Src\\stm32f4xx_hal_smartcard.c 0x00000000   Number         0  stm32f4xx_hal_smartcard.o ABSOLUTE
    ..\\Libraries\\STM32F4xx_HAL_Driver\\Src\\stm32f4xx_hal_smbus.c 0x00000000   Number         0  stm32f4xx_hal_smbus.o ABSOLUTE
    ..\\Libraries\\STM32F4xx_HAL_Driver\\Src\\stm32f4xx_hal_spdifrx.c 0x00000000   Number         0  stm32f4xx_hal_spdifrx.o ABSOLUTE
    ..\\Libraries\\STM32F4xx_HAL_Driver\\Src\\stm32f4xx_hal_spi.c 0x00000000   Number         0  stm32f4xx_hal_spi.o ABSOLUTE
    ..\\Libraries\\STM32F4xx_HAL_Driver\\Src\\stm32f4xx_hal_sram.c 0x00000000   Number         0  stm32f4xx_hal_sram.o ABSOLUTE
    ..\\Libraries\\STM32F4xx_HAL_Driver\\Src\\stm32f4xx_hal_tim.c 0x00000000   Number         0  stm32f4xx_hal_tim.o ABSOLUTE
    ..\\Libraries\\STM32F4xx_HAL_Driver\\Src\\stm32f4xx_hal_tim_ex.c 0x00000000   Number         0  stm32f4xx_hal_tim_ex.o ABSOLUTE
    ..\\Libraries\\STM32F4xx_HAL_Driver\\Src\\stm32f4xx_hal_uart.c 0x00000000   Number         0  stm32f4xx_hal_uart.o ABSOLUTE
    ..\\Libraries\\STM32F4xx_HAL_Driver\\Src\\stm32f4xx_hal_usart.c 0x00000000   Number         0  stm32f4xx_hal_usart.o ABSOLUTE
    ..\\Libraries\\STM32F4xx_HAL_Driver\\Src\\stm32f4xx_hal_wwdg.c 0x00000000   Number         0  stm32f4xx_hal_wwdg.o ABSOLUTE
    ..\\Libraries\\STM32F4xx_HAL_Driver\\Src\\stm32f4xx_ll_fmc.c 0x00000000   Number         0  stm32f4xx_ll_fmc.o ABSOLUTE
    ..\\Libraries\\STM32F4xx_HAL_Driver\\Src\\stm32f4xx_ll_fsmc.c 0x00000000   Number         0  stm32f4xx_ll_fsmc.o ABSOLUTE
    ..\\Libraries\\STM32F4xx_HAL_Driver\\Src\\stm32f4xx_ll_sdmmc.c 0x00000000   Number         0  stm32f4xx_ll_sdmmc.o ABSOLUTE
    ..\\Libraries\\STM32F4xx_HAL_Driver\\Src\\stm32f4xx_ll_usb.c 0x00000000   Number         0  stm32f4xx_ll_usb.o ABSOLUTE
    ..\\Libraries\\STM32F4xx_HAL_Driver\\Src\\stm32f4xx_ll_utils.c 0x00000000   Number         0  stm32f4xx_ll_utils.o ABSOLUTE
    ..\\User\\board_init.c                   0x00000000   Number         0  board_init.o ABSOLUTE
    ..\\User\\key\\bsp_key.c                 0x00000000   Number         0  bsp_key.o ABSOLUTE
    ..\\User\\led\\bsp_led.c                 0x00000000   Number         0  bsp_led.o ABSOLUTE
    ..\\User\\main.c                         0x00000000   Number         0  main.o ABSOLUTE
    ..\\User\\stm32f4xx_it.c                 0x00000000   Number         0  stm32f4xx_it.o ABSOLUTE
    ..\\User\\tim\\bsp_advance_tim.c         0x00000000   Number         0  bsp_advance_tim.o ABSOLUTE
    ..\\User\\usart\\bsp_debug_usart.c       0x00000000   Number         0  bsp_debug_usart.o ABSOLUTE
    ..\rtthread\3.0.3\libcpu\arm\cortex-m4\context_rvds.S 0x00000000   Number         0  context_rvds.o ABSOLUTE
    ..\rtthread\3.0.3\libcpu\arm\cortex-m4\cpuport.c 0x00000000   Number         0  cpuport.o ABSOLUTE
    ..\rtthread\3.0.3\src\clock.c            0x00000000   Number         0  clock.o ABSOLUTE
    ..\rtthread\3.0.3\src\components.c       0x00000000   Number         0  components.o ABSOLUTE
    ..\rtthread\3.0.3\src\device.c           0x00000000   Number         0  device.o ABSOLUTE
    ..\rtthread\3.0.3\src\idle.c             0x00000000   Number         0  idle.o ABSOLUTE
    ..\rtthread\3.0.3\src\ipc.c              0x00000000   Number         0  ipc.o ABSOLUTE
    ..\rtthread\3.0.3\src\irq.c              0x00000000   Number         0  irq.o ABSOLUTE
    ..\rtthread\3.0.3\src\kservice.c         0x00000000   Number         0  kservice.o ABSOLUTE
    ..\rtthread\3.0.3\src\mem.c              0x00000000   Number         0  mem.o ABSOLUTE
    ..\rtthread\3.0.3\src\memheap.c          0x00000000   Number         0  memheap.o ABSOLUTE
    ..\rtthread\3.0.3\src\mempool.c          0x00000000   Number         0  mempool.o ABSOLUTE
    ..\rtthread\3.0.3\src\object.c           0x00000000   Number         0  object.o ABSOLUTE
    ..\rtthread\3.0.3\src\scheduler.c        0x00000000   Number         0  scheduler.o ABSOLUTE
    ..\rtthread\3.0.3\src\signal.c           0x00000000   Number         0  signal.o ABSOLUTE
    ..\rtthread\3.0.3\src\thread.c           0x00000000   Number         0  thread.o ABSOLUTE
    ..\rtthread\3.0.3\src\timer.c            0x00000000   Number         0  timer.o ABSOLUTE
    dc.s                                     0x00000000   Number         0  dc.o ABSOLUTE
    handlers.s                               0x00000000   Number         0  handlers.o ABSOLUTE
    init.s                                   0x00000000   Number         0  init.o ABSOLUTE
    RESET                                    0x08000000   Section      392  startup_stm32f407xx.o(RESET)
    .ARM.Collect$$$$00000000                 0x08000188   Section        0  entry.o(.ARM.Collect$$$$00000000)
    .ARM.Collect$$$$00000001                 0x08000188   Section        4  entry2.o(.ARM.Collect$$$$00000001)
    .ARM.Collect$$$$00000004                 0x0800018c   Section        4  entry5.o(.ARM.Collect$$$$00000004)
    .ARM.Collect$$$$00000008                 0x08000190   Section        0  entry7b.o(.ARM.Collect$$$$00000008)
    .ARM.Collect$$$$0000000A                 0x08000190   Section        0  entry8b.o(.ARM.Collect$$$$0000000A)
    .ARM.Collect$$$$0000000B                 0x08000190   Section        8  entry9a.o(.ARM.Collect$$$$0000000B)
    .ARM.Collect$$$$0000000D                 0x08000198   Section        0  entry10a.o(.ARM.Collect$$$$0000000D)
    .ARM.Collect$$$$0000000F                 0x08000198   Section        0  entry11a.o(.ARM.Collect$$$$0000000F)
    .ARM.Collect$$$$00002712                 0x08000198   Section        4  entry2.o(.ARM.Collect$$$$00002712)
    __lit__00000000                          0x08000198   Data           4  entry2.o(.ARM.Collect$$$$00002712)
    .text                                    0x0800019c   Section       36  startup_stm32f407xx.o(.text)
    $v0                                      0x0800019c   Number         0  startup_stm32f407xx.o(.text)
    .text                                    0x080001c0   Section      272  context_rvds.o(.text)
    $v0                                      0x080001c0   Number         0  context_rvds.o(.text)
    .text                                    0x080002d0   Section        0  uldiv.o(.text)
    .text                                    0x08000332   Section        0  llshl.o(.text)
    .text                                    0x08000350   Section        0  llushr.o(.text)
    .text                                    0x08000370   Section       36  init.o(.text)
    i.$Sub$$main                             0x08000394   Section        0  components.o(i.$Sub$$main)
    i.BusFault_Handler                       0x080003a2   Section        0  stm32f4xx_it.o(i.BusFault_Handler)
    i.DEBUG_USART_Config                     0x080003a8   Section        0  bsp_debug_usart.o(i.DEBUG_USART_Config)
    i.DebugMon_Handler                       0x080003e4   Section        0  stm32f4xx_it.o(i.DebugMon_Handler)
    i.EXTI0_IRQHandler                       0x080003e6   Section        0  stm32f4xx_it.o(i.EXTI0_IRQHandler)
    i.HAL_GPIO_Init                          0x080003e8   Section        0  stm32f4xx_hal_gpio.o(i.HAL_GPIO_Init)
    i.HAL_GPIO_ReadPin                       0x080005e8   Section        0  stm32f4xx_hal_gpio.o(i.HAL_GPIO_ReadPin)
    i.HAL_GetREVID                           0x080005f8   Section        0  stm32f4xx_hal.o(i.HAL_GetREVID)
    i.HAL_GetTick                            0x08000604   Section        0  stm32f4xx_hal.o(i.HAL_GetTick)
    i.HAL_InitTick                           0x08000610   Section        0  stm32f4xx_hal.o(i.HAL_InitTick)
    i.HAL_NVIC_EnableIRQ                     0x0800065c   Section        0  stm32f4xx_hal_cortex.o(i.HAL_NVIC_EnableIRQ)
    i.HAL_NVIC_SetPriority                   0x0800067c   Section        0  stm32f4xx_hal_cortex.o(i.HAL_NVIC_SetPriority)
    i.HAL_RCC_ClockConfig                    0x080006f8   Section        0  stm32f4xx_hal_rcc.o(i.HAL_RCC_ClockConfig)
    i.HAL_RCC_GetHCLKFreq                    0x08000878   Section        0  stm32f4xx_hal_rcc.o(i.HAL_RCC_GetHCLKFreq)
    i.HAL_RCC_GetPCLK1Freq                   0x08000884   Section        0  stm32f4xx_hal_rcc.o(i.HAL_RCC_GetPCLK1Freq)
    i.HAL_RCC_GetPCLK2Freq                   0x080008a4   Section        0  stm32f4xx_hal_rcc.o(i.HAL_RCC_GetPCLK2Freq)
    i.HAL_RCC_GetSysClockFreq                0x080008c4   Section        0  stm32f4xx_hal_rcc.o(i.HAL_RCC_GetSysClockFreq)
    i.HAL_RCC_OscConfig                      0x08000974   Section        0  stm32f4xx_hal_rcc.o(i.HAL_RCC_OscConfig)
    i.HAL_SYSTICK_Config                     0x08000dbc   Section        0  stm32f4xx_hal_cortex.o(i.HAL_SYSTICK_Config)
    i.HAL_TIMEx_BreakCallback                0x08000df0   Section        0  stm32f4xx_hal_tim_ex.o(i.HAL_TIMEx_BreakCallback)
    i.HAL_TIMEx_CommutCallback               0x08000df2   Section        0  stm32f4xx_hal_tim_ex.o(i.HAL_TIMEx_CommutCallback)
    i.HAL_TIM_Base_Init                      0x08000df4   Section        0  stm32f4xx_hal_tim.o(i.HAL_TIM_Base_Init)
    i.HAL_TIM_Base_MspInit                   0x08000e28   Section        0  stm32f4xx_hal_tim.o(i.HAL_TIM_Base_MspInit)
    i.HAL_TIM_Base_Start_IT                  0x08000e2a   Section        0  stm32f4xx_hal_tim.o(i.HAL_TIM_Base_Start_IT)
    i.HAL_TIM_IC_CaptureCallback             0x08000e54   Section        0  stm32f4xx_hal_tim.o(i.HAL_TIM_IC_CaptureCallback)
    i.HAL_TIM_IRQHandler                     0x08000e56   Section        0  stm32f4xx_hal_tim.o(i.HAL_TIM_IRQHandler)
    i.HAL_TIM_OC_DelayElapsedCallback        0x08000fec   Section        0  stm32f4xx_hal_tim.o(i.HAL_TIM_OC_DelayElapsedCallback)
    i.HAL_TIM_PWM_PulseFinishedCallback      0x08000fee   Section        0  stm32f4xx_hal_tim.o(i.HAL_TIM_PWM_PulseFinishedCallback)
    i.HAL_TIM_PeriodElapsedCallback          0x08000ff0   Section        0  stm32f4xx_it.o(i.HAL_TIM_PeriodElapsedCallback)
    i.HAL_TIM_TriggerCallback                0x0800103c   Section        0  stm32f4xx_hal_tim.o(i.HAL_TIM_TriggerCallback)
    i.HAL_UART_Init                          0x0800103e   Section        0  stm32f4xx_hal_uart.o(i.HAL_UART_Init)
    i.HAL_UART_MspInit                       0x080010b0   Section        0  bsp_debug_usart.o(i.HAL_UART_MspInit)
    i.HAL_UART_Transmit                      0x08001160   Section        0  stm32f4xx_hal_uart.o(i.HAL_UART_Transmit)
    i.Key_GPIO_Config                        0x08001238   Section        0  bsp_key.o(i.Key_GPIO_Config)
    i.Key_Scan                               0x0800132c   Section        0  bsp_key.o(i.Key_Scan)
    i.LED_GPIO_Config                        0x08001354   Section        0  bsp_led.o(i.LED_GPIO_Config)
    i.MemManage_Handler                      0x08001448   Section        0  stm32f4xx_it.o(i.MemManage_Handler)
    i.NMI_Handler                            0x0800144c   Section        0  stm32f4xx_it.o(i.NMI_Handler)
    i.SVC_Handler                            0x0800144e   Section        0  stm32f4xx_it.o(i.SVC_Handler)
    i.SysTick_Handler                        0x08001450   Section        0  board_init.o(i.SysTick_Handler)
    i.SystemClock_Config                     0x08001460   Section        0  board_init.o(i.SystemClock_Config)
    i.SystemInit                             0x08001520   Section        0  system_stm32f4xx.o(i.SystemInit)
    i.TIM1_UP_TIM10_IRQHandler               0x08001584   Section        0  stm32f4xx_it.o(i.TIM1_UP_TIM10_IRQHandler)
    i.TIM_Base_SetConfig                     0x08001594   Section        0  stm32f4xx_hal_tim.o(i.TIM_Base_SetConfig)
    i.TIM_Mode_Config                        0x0800166c   Section        0  bsp_advance_tim.o(i.TIM_Mode_Config)
    TIM_Mode_Config                          0x0800166d   Thumb Code    80  bsp_advance_tim.o(i.TIM_Mode_Config)
    i.TIMx_Configuration                     0x080016c8   Section        0  bsp_advance_tim.o(i.TIMx_Configuration)
    i.TIMx_NVIC_Configuration                0x080016d4   Section        0  bsp_advance_tim.o(i.TIMx_NVIC_Configuration)
    TIMx_NVIC_Configuration                  0x080016d5   Thumb Code    20  bsp_advance_tim.o(i.TIMx_NVIC_Configuration)
    i.UART_SetConfig                         0x080016e8   Section        0  stm32f4xx_hal_uart.o(i.UART_SetConfig)
    UART_SetConfig                           0x080016e9   Thumb Code   864  stm32f4xx_hal_uart.o(i.UART_SetConfig)
    i.UART_WaitOnFlagUntilTimeout            0x08001a50   Section        0  stm32f4xx_hal_uart.o(i.UART_WaitOnFlagUntilTimeout)
    UART_WaitOnFlagUntilTimeout              0x08001a51   Thumb Code   108  stm32f4xx_hal_uart.o(i.UART_WaitOnFlagUntilTimeout)
    i.UsageFault_Handler                     0x08001abc   Section        0  stm32f4xx_it.o(i.UsageFault_Handler)
    i.__NVIC_GetPriorityGrouping             0x08001ac0   Section        0  stm32f4xx_hal_cortex.o(i.__NVIC_GetPriorityGrouping)
    __NVIC_GetPriorityGrouping               0x08001ac1   Thumb Code    10  stm32f4xx_hal_cortex.o(i.__NVIC_GetPriorityGrouping)
    i.__NVIC_SetPriority                     0x08001ad0   Section        0  stm32f4xx_hal_cortex.o(i.__NVIC_SetPriority)
    __NVIC_SetPriority                       0x08001ad1   Thumb Code    32  stm32f4xx_hal_cortex.o(i.__NVIC_SetPriority)
    i.__rt_ffs                               0x08001af8   Section        0  kservice.o(i.__rt_ffs)
    i.__scatterload_copy                     0x08001b44   Section       14  handlers.o(i.__scatterload_copy)
    i.__scatterload_null                     0x08001b52   Section        2  handlers.o(i.__scatterload_null)
    i.__scatterload_zeroinit                 0x08001b54   Section       14  handlers.o(i.__scatterload_zeroinit)
    i._has_defunct_thread                    0x08001b64   Section        0  idle.o(i._has_defunct_thread)
    _has_defunct_thread                      0x08001b65   Thumb Code    16  idle.o(i._has_defunct_thread)
    i._rt_thread_init                        0x08001b78   Section        0  thread.o(i._rt_thread_init)
    _rt_thread_init                          0x08001b79   Thumb Code   124  thread.o(i._rt_thread_init)
    i._rt_timer_init                         0x08001bfc   Section        0  timer.o(i._rt_timer_init)
    _rt_timer_init                           0x08001bfd   Thumb Code    66  timer.o(i._rt_timer_init)
    i._rt_timer_remove                       0x08001c3e   Section        0  timer.o(i._rt_timer_remove)
    _rt_timer_remove                         0x08001c3f   Thumb Code    46  timer.o(i._rt_timer_remove)
    i.key_thread_entry                       0x08001c6c   Section        0  main.o(i.key_thread_entry)
    key_thread_entry                         0x08001c6d   Thumb Code    38  main.o(i.key_thread_entry)
    i.led1_thread_entry                      0x08001cac   Section        0  main.o(i.led1_thread_entry)
    led1_thread_entry                        0x08001cad   Thumb Code    48  main.o(i.led1_thread_entry)
    i.main                                   0x08001d18   Section        0  main.o(i.main)
    i.main_thread_entry                      0x08001dcc   Section        0  components.o(i.main_thread_entry)
    i.plug_holes                             0x08001ddc   Section        0  mem.o(i.plug_holes)
    plug_holes                               0x08001ddd   Thumb Code   108  mem.o(i.plug_holes)
    i.print_number                           0x08001e54   Section        0  kservice.o(i.print_number)
    print_number                             0x08001e55   Thumb Code   388  kservice.o(i.print_number)
    i.rt_application_init                    0x08001fe0   Section        0  components.o(i.rt_application_init)
    i.rt_components_board_init               0x0800200c   Section        0  components.o(i.rt_components_board_init)
    i.rt_components_init                     0x08002028   Section        0  components.o(i.rt_components_init)
    i.rt_enter_critical                      0x08002044   Section        0  scheduler.o(i.rt_enter_critical)
    i.rt_exit_critical                       0x08002064   Section        0  scheduler.o(i.rt_exit_critical)
    i.rt_free                                0x080020a0   Section        0  mem.o(i.rt_free)
    i.rt_heap_begin_get                      0x08002180   Section        0  board_init.o(i.rt_heap_begin_get)
    i.rt_heap_end_get                        0x08002188   Section        0  board_init.o(i.rt_heap_end_get)
    i.rt_hw_board_init                       0x08002190   Section        0  board_init.o(i.rt_hw_board_init)
    i.rt_hw_console_output                   0x08002218   Section        0  board_init.o(i.rt_hw_console_output)
    i.rt_hw_hard_fault_exception             0x0800225c   Section        0  cpuport.o(i.rt_hw_hard_fault_exception)
    i.rt_hw_stack_init                       0x08002368   Section        0  cpuport.o(i.rt_hw_stack_init)
    i.rt_interrupt_enter                     0x080023b8   Section        0  irq.o(i.rt_interrupt_enter)
    i.rt_interrupt_leave                     0x080023d8   Section        0  irq.o(i.rt_interrupt_leave)
    i.rt_ipc_list_resume                     0x080023f8   Section        0  ipc.o(i.rt_ipc_list_resume)
    rt_ipc_list_resume                       0x080023f9   Thumb Code    20  ipc.o(i.rt_ipc_list_resume)
    i.rt_ipc_list_suspend                    0x0800240c   Section        0  ipc.o(i.rt_ipc_list_suspend)
    rt_ipc_list_suspend                      0x0800240d   Thumb Code   108  ipc.o(i.rt_ipc_list_suspend)
    i.rt_ipc_object_init                     0x08002478   Section        0  ipc.o(i.rt_ipc_object_init)
    rt_ipc_object_init                       0x08002479   Thumb Code    16  ipc.o(i.rt_ipc_object_init)
    i.rt_kprintf                             0x08002488   Section        0  kservice.o(i.rt_kprintf)
    i.rt_list_init                           0x080024b8   Section        0  ipc.o(i.rt_list_init)
    rt_list_init                             0x080024b9   Thumb Code     6  ipc.o(i.rt_list_init)
    i.rt_list_init                           0x080024be   Section        0  scheduler.o(i.rt_list_init)
    rt_list_init                             0x080024bf   Thumb Code     6  scheduler.o(i.rt_list_init)
    i.rt_list_init                           0x080024c4   Section        0  timer.o(i.rt_list_init)
    rt_list_init                             0x080024c5   Thumb Code     6  timer.o(i.rt_list_init)
    i.rt_list_insert_after                   0x080024ca   Section        0  object.o(i.rt_list_insert_after)
    rt_list_insert_after                     0x080024cb   Thumb Code    14  object.o(i.rt_list_insert_after)
    i.rt_list_insert_after                   0x080024d8   Section        0  thread.o(i.rt_list_insert_after)
    rt_list_insert_after                     0x080024d9   Thumb Code    14  thread.o(i.rt_list_insert_after)
    i.rt_list_insert_after                   0x080024e6   Section        0  timer.o(i.rt_list_insert_after)
    rt_list_insert_after                     0x080024e7   Thumb Code    14  timer.o(i.rt_list_insert_after)
    i.rt_list_insert_before                  0x080024f4   Section        0  ipc.o(i.rt_list_insert_before)
    rt_list_insert_before                    0x080024f5   Thumb Code    14  ipc.o(i.rt_list_insert_before)
    i.rt_list_isempty                        0x08002502   Section        0  ipc.o(i.rt_list_isempty)
    rt_list_isempty                          0x08002503   Thumb Code    16  ipc.o(i.rt_list_isempty)
    i.rt_list_isempty                        0x08002512   Section        0  timer.o(i.rt_list_isempty)
    rt_list_isempty                          0x08002513   Thumb Code    16  timer.o(i.rt_list_isempty)
    i.rt_list_remove                         0x08002522   Section        0  object.o(i.rt_list_remove)
    rt_list_remove                           0x08002523   Thumb Code    18  object.o(i.rt_list_remove)
    i.rt_list_remove                         0x08002534   Section        0  thread.o(i.rt_list_remove)
    rt_list_remove                           0x08002535   Thumb Code    18  thread.o(i.rt_list_remove)
    i.rt_malloc                              0x08002548   Section        0  mem.o(i.rt_malloc)
    i.rt_memset                              0x080026b4   Section        0  kservice.o(i.rt_memset)
    i.rt_object_allocate                     0x080026fc   Section        0  object.o(i.rt_object_allocate)
    i.rt_object_delete                       0x08002746   Section        0  object.o(i.rt_object_delete)
    i.rt_object_detach                       0x08002766   Section        0  object.o(i.rt_object_detach)
    i.rt_object_get_information              0x08002780   Section        0  object.o(i.rt_object_get_information)
    i.rt_object_init                         0x080027a8   Section        0  object.o(i.rt_object_init)
    i.rt_object_is_systemobject              0x080027e4   Section        0  object.o(i.rt_object_is_systemobject)
    i.rt_schedule                            0x080027f8   Section        0  scheduler.o(i.rt_schedule)
    i.rt_schedule_insert_thread              0x08002888   Section        0  scheduler.o(i.rt_schedule_insert_thread)
    i.rt_schedule_remove_thread              0x080028d8   Section        0  scheduler.o(i.rt_schedule_remove_thread)
    i.rt_sem_init                            0x0800292c   Section        0  ipc.o(i.rt_sem_init)
    i.rt_sem_release                         0x08002952   Section        0  ipc.o(i.rt_sem_release)
    i.rt_sem_take                            0x0800298c   Section        0  ipc.o(i.rt_sem_take)
    i.rt_show_version                        0x08002a00   Section        0  kservice.o(i.rt_show_version)
    i.rt_strlen                              0x08002ab0   Section        0  kservice.o(i.rt_strlen)
    i.rt_strncpy                             0x08002ac2   Section        0  kservice.o(i.rt_strncpy)
    i.rt_system_heap_init                    0x08002af8   Section        0  mem.o(i.rt_system_heap_init)
    i.rt_system_scheduler_init               0x08002bf0   Section        0  scheduler.o(i.rt_system_scheduler_init)
    i.rt_system_scheduler_start              0x08002c3c   Section        0  scheduler.o(i.rt_system_scheduler_start)
    i.rt_system_timer_init                   0x08002c6c   Section        0  timer.o(i.rt_system_timer_init)
    i.rt_system_timer_thread_init            0x08002c88   Section        0  timer.o(i.rt_system_timer_thread_init)
    i.rt_thread_create                       0x08002c8a   Section        0  thread.o(i.rt_thread_create)
    i.rt_thread_delay                        0x08002cda   Section        0  thread.o(i.rt_thread_delay)
    i.rt_thread_exit                         0x08002ce8   Section        0  thread.o(i.rt_thread_exit)
    i.rt_thread_idle_entry                   0x08002d3c   Section        0  idle.o(i.rt_thread_idle_entry)
    rt_thread_idle_entry                     0x08002d3d   Thumb Code     8  idle.o(i.rt_thread_idle_entry)
    i.rt_thread_idle_excute                  0x08002d44   Section        0  idle.o(i.rt_thread_idle_excute)
    i.rt_thread_idle_init                    0x08002dc8   Section        0  idle.o(i.rt_thread_idle_init)
    i.rt_thread_init                         0x08002e04   Section        0  thread.o(i.rt_thread_init)
    i.rt_thread_resume                       0x08002e38   Section        0  thread.o(i.rt_thread_resume)
    i.rt_thread_self                         0x08002e74   Section        0  thread.o(i.rt_thread_self)
    i.rt_thread_sleep                        0x08002e80   Section        0  thread.o(i.rt_thread_sleep)
    i.rt_thread_startup                      0x08002ec4   Section        0  thread.o(i.rt_thread_startup)
    i.rt_thread_suspend                      0x08002ef0   Section        0  thread.o(i.rt_thread_suspend)
    i.rt_thread_timeout                      0x08002f34   Section        0  thread.o(i.rt_thread_timeout)
    i.rt_thread_yield                        0x08002f54   Section        0  thread.o(i.rt_thread_yield)
    i.rt_tick_get                            0x08002fb8   Section        0  clock.o(i.rt_tick_get)
    i.rt_tick_increase                       0x08002fc4   Section        0  clock.o(i.rt_tick_increase)
    i.rt_timer_check                         0x08002ff4   Section        0  timer.o(i.rt_timer_check)
    i.rt_timer_control                       0x08003070   Section        0  timer.o(i.rt_timer_control)
    i.rt_timer_detach                        0x080030a8   Section        0  timer.o(i.rt_timer_detach)
    i.rt_timer_init                          0x080030c8   Section        0  timer.o(i.rt_timer_init)
    i.rt_timer_start                         0x080030f8   Section        0  timer.o(i.rt_timer_start)
    i.rt_timer_stop                          0x080031f0   Section        0  timer.o(i.rt_timer_stop)
    i.rt_vsnprintf                           0x08003220   Section        0  kservice.o(i.rt_vsnprintf)
    i.rti_board_end                          0x08003548   Section        0  components.o(i.rti_board_end)
    rti_board_end                            0x08003549   Thumb Code     4  components.o(i.rti_board_end)
    i.rti_board_start                        0x0800354c   Section        0  components.o(i.rti_board_start)
    rti_board_start                          0x0800354d   Thumb Code     4  components.o(i.rti_board_start)
    i.rti_end                                0x08003550   Section        0  components.o(i.rti_end)
    rti_end                                  0x08003551   Thumb Code     4  components.o(i.rti_end)
    i.rti_start                              0x08003554   Section        0  components.o(i.rti_start)
    rti_start                                0x08003555   Thumb Code     4  components.o(i.rti_start)
    i.rtthread_startup                       0x08003558   Section        0  components.o(i.rtthread_startup)
    i.skip_atoi                              0x08003582   Section        0  kservice.o(i.skip_atoi)
    skip_atoi                                0x08003583   Thumb Code    38  kservice.o(i.skip_atoi)
    .constdata                               0x080035a8   Section       24  system_stm32f4xx.o(.constdata)
    .constdata                               0x080035c0   Section      290  kservice.o(.constdata)
    small_digits                             0x080036c0   Data          17  kservice.o(.constdata)
    large_digits                             0x080036d1   Data          17  kservice.o(.constdata)
    .rti_fn.0                                0x080036e4   Section        4  components.o(.rti_fn.0)
    __tagsym$$used                           0x080036e4   Number         0  components.o(.rti_fn.0)
    .rti_fn.0.end                            0x080036e8   Section        4  components.o(.rti_fn.0.end)
    __tagsym$$used                           0x080036e8   Number         0  components.o(.rti_fn.0.end)
    .rti_fn.1.end                            0x080036ec   Section        4  components.o(.rti_fn.1.end)
    __tagsym$$used                           0x080036ec   Number         0  components.o(.rti_fn.1.end)
    .rti_fn.6.end                            0x080036f0   Section        4  components.o(.rti_fn.6.end)
    __tagsym$$used                           0x080036f0   Number         0  components.o(.rti_fn.6.end)
    .data                                    0x20000000   Section        4  system_stm32f4xx.o(.data)
    .data                                    0x20000004   Section        9  stm32f4xx_hal.o(.data)
    .data                                    0x20000010   Section        8  main.o(.data)
    led1_thread                              0x20000010   Data           4  main.o(.data)
    key_thread                               0x20000014   Data           4  main.o(.data)
    .data                                    0x20000018   Section        4  clock.o(.data)
    rt_tick                                  0x20000018   Data           4  clock.o(.data)
    .data                                    0x2000001c   Section        1  irq.o(.data)
    .data                                    0x20000020   Section       24  mem.o(.data)
    heap_ptr                                 0x20000020   Data           4  mem.o(.data)
    heap_end                                 0x20000024   Data           4  mem.o(.data)
    lfree                                    0x20000028   Data           4  mem.o(.data)
    mem_size_aligned                         0x2000002c   Data           4  mem.o(.data)
    used_mem                                 0x20000030   Data           4  mem.o(.data)
    max_mem                                  0x20000034   Data           4  mem.o(.data)
    .data                                    0x20000038   Section       64  object.o(.data)
    rt_object_container                      0x20000038   Data          64  object.o(.data)
    .data                                    0x20000078   Section       24  scheduler.o(.data)
    rt_scheduler_lock_nest                   0x20000078   Data           2  scheduler.o(.data)
    .data                                    0x20000090   Section       12  timer.o(.data)
    rt_timer_list                            0x20000090   Data           8  timer.o(.data)
    random_nr                                0x20000098   Data           4  timer.o(.data)
    .data                                    0x2000009c   Section       16  cpuport.o(.data)
    rt_exception_hook                        0x200000a8   Data           4  cpuport.o(.data)
    .bss                                     0x200000ac   Section       64  bsp_debug_usart.o(.bss)
    .bss                                     0x200000ec   Section       64  bsp_advance_tim.o(.bss)
    .bss                                     0x2000012c   Section     8192  board_init.o(.bss)
    rt_heap                                  0x2000012c   Data        8192  board_init.o(.bss)
    .bss                                     0x2000212c   Section      376  idle.o(.bss)
    idle                                     0x2000212c   Data         120  idle.o(.bss)
    rt_thread_stack                          0x200021a4   Data         256  idle.o(.bss)
    .bss                                     0x200022a4   Section      128  kservice.o(.bss)
    rt_log_buf                               0x200022a4   Data         128  kservice.o(.bss)
    .bss                                     0x20002324   Section       32  mem.o(.bss)
    heap_sem                                 0x20002324   Data          32  mem.o(.bss)
    .bss                                     0x20002344   Section       64  scheduler.o(.bss)
    STACK                                    0x20002388   Section     1024  startup_stm32f407xx.o(STACK)

    Global Symbols

    Symbol Name                              Value     Ov Type        Size  Object(Section)

    BuildAttributes$$THM_ISAv4$E$P$D$K$B$S$7EM$VFPi3$EXTD16$VFPS$VFMA$PE$A:L22UL41UL21$X:L11$S22US41US21$IEEE1$IW$USESV6$~STKCKD$USESV7$~SHL$OSPACE$EBA8$MICROLIB$REQ8$PRES8$EABIv2 0x00000000   Number         0  anon$$obj.o ABSOLUTE
    __ARM_use_no_argv                        0x00000000   Number         0  main.o ABSOLUTE
    __cpp_initialize__aeabi_                  - Undefined Weak Reference
    __cxa_finalize                            - Undefined Weak Reference
    __decompress                              - Undefined Weak Reference
    _clock_init                               - Undefined Weak Reference
    _microlib_exit                            - Undefined Weak Reference
    __Vectors_Size                           0x00000188   Number         0  startup_stm32f407xx.o ABSOLUTE
    __Vectors                                0x08000000   Data           4  startup_stm32f407xx.o(RESET)
    __Vectors_End                            0x08000188   Data           0  startup_stm32f407xx.o(RESET)
    __main                                   0x08000189   Thumb Code     0  entry.o(.ARM.Collect$$$$00000000)
    _main_stk                                0x08000189   Thumb Code     0  entry2.o(.ARM.Collect$$$$00000001)
    _main_scatterload                        0x0800018d   Thumb Code     0  entry5.o(.ARM.Collect$$$$00000004)
    __main_after_scatterload                 0x08000191   Thumb Code     0  entry5.o(.ARM.Collect$$$$00000004)
    _main_clock                              0x08000191   Thumb Code     0  entry7b.o(.ARM.Collect$$$$00000008)
    _main_cpp_init                           0x08000191   Thumb Code     0  entry8b.o(.ARM.Collect$$$$0000000A)
    _main_init                               0x08000191   Thumb Code     0  entry9a.o(.ARM.Collect$$$$0000000B)
    __rt_final_cpp                           0x08000199   Thumb Code     0  entry10a.o(.ARM.Collect$$$$0000000D)
    __rt_final_exit                          0x08000199   Thumb Code     0  entry11a.o(.ARM.Collect$$$$0000000F)
    Reset_Handler                            0x0800019d   Thumb Code     8  startup_stm32f407xx.o(.text)
    ADC_IRQHandler                           0x080001b7   Thumb Code     0  startup_stm32f407xx.o(.text)
    CAN1_RX0_IRQHandler                      0x080001b7   Thumb Code     0  startup_stm32f407xx.o(.text)
    CAN1_RX1_IRQHandler                      0x080001b7   Thumb Code     0  startup_stm32f407xx.o(.text)
    CAN1_SCE_IRQHandler                      0x080001b7   Thumb Code     0  startup_stm32f407xx.o(.text)
    CAN1_TX_IRQHandler                       0x080001b7   Thumb Code     0  startup_stm32f407xx.o(.text)
    CAN2_RX0_IRQHandler                      0x080001b7   Thumb Code     0  startup_stm32f407xx.o(.text)
    CAN2_RX1_IRQHandler                      0x080001b7   Thumb Code     0  startup_stm32f407xx.o(.text)
    CAN2_SCE_IRQHandler                      0x080001b7   Thumb Code     0  startup_stm32f407xx.o(.text)
    CAN2_TX_IRQHandler                       0x080001b7   Thumb Code     0  startup_stm32f407xx.o(.text)
    DCMI_IRQHandler                          0x080001b7   Thumb Code     0  startup_stm32f407xx.o(.text)
    DMA1_Stream0_IRQHandler                  0x080001b7   Thumb Code     0  startup_stm32f407xx.o(.text)
    DMA1_Stream1_IRQHandler                  0x080001b7   Thumb Code     0  startup_stm32f407xx.o(.text)
    DMA1_Stream2_IRQHandler                  0x080001b7   Thumb Code     0  startup_stm32f407xx.o(.text)
    DMA1_Stream3_IRQHandler                  0x080001b7   Thumb Code     0  startup_stm32f407xx.o(.text)
    DMA1_Stream4_IRQHandler                  0x080001b7   Thumb Code     0  startup_stm32f407xx.o(.text)
    DMA1_Stream5_IRQHandler                  0x080001b7   Thumb Code     0  startup_stm32f407xx.o(.text)
    DMA1_Stream6_IRQHandler                  0x080001b7   Thumb Code     0  startup_stm32f407xx.o(.text)
    DMA1_Stream7_IRQHandler                  0x080001b7   Thumb Code     0  startup_stm32f407xx.o(.text)
    DMA2_Stream0_IRQHandler                  0x080001b7   Thumb Code     0  startup_stm32f407xx.o(.text)
    DMA2_Stream1_IRQHandler                  0x080001b7   Thumb Code     0  startup_stm32f407xx.o(.text)
    DMA2_Stream2_IRQHandler                  0x080001b7   Thumb Code     0  startup_stm32f407xx.o(.text)
    DMA2_Stream3_IRQHandler                  0x080001b7   Thumb Code     0  startup_stm32f407xx.o(.text)
    DMA2_Stream4_IRQHandler                  0x080001b7   Thumb Code     0  startup_stm32f407xx.o(.text)
    DMA2_Stream5_IRQHandler                  0x080001b7   Thumb Code     0  startup_stm32f407xx.o(.text)
    DMA2_Stream6_IRQHandler                  0x080001b7   Thumb Code     0  startup_stm32f407xx.o(.text)
    DMA2_Stream7_IRQHandler                  0x080001b7   Thumb Code     0  startup_stm32f407xx.o(.text)
    ETH_IRQHandler                           0x080001b7   Thumb Code     0  startup_stm32f407xx.o(.text)
    ETH_WKUP_IRQHandler                      0x080001b7   Thumb Code     0  startup_stm32f407xx.o(.text)
    EXTI15_10_IRQHandler                     0x080001b7   Thumb Code     0  startup_stm32f407xx.o(.text)
    EXTI1_IRQHandler                         0x080001b7   Thumb Code     0  startup_stm32f407xx.o(.text)
    EXTI2_IRQHandler                         0x080001b7   Thumb Code     0  startup_stm32f407xx.o(.text)
    EXTI3_IRQHandler                         0x080001b7   Thumb Code     0  startup_stm32f407xx.o(.text)
    EXTI4_IRQHandler                         0x080001b7   Thumb Code     0  startup_stm32f407xx.o(.text)
    EXTI9_5_IRQHandler                       0x080001b7   Thumb Code     0  startup_stm32f407xx.o(.text)
    FLASH_IRQHandler                         0x080001b7   Thumb Code     0  startup_stm32f407xx.o(.text)
    FMC_IRQHandler                           0x080001b7   Thumb Code     0  startup_stm32f407xx.o(.text)
    FPU_IRQHandler                           0x080001b7   Thumb Code     0  startup_stm32f407xx.o(.text)
    HASH_RNG_IRQHandler                      0x080001b7   Thumb Code     0  startup_stm32f407xx.o(.text)
    I2C1_ER_IRQHandler                       0x080001b7   Thumb Code     0  startup_stm32f407xx.o(.text)
    I2C1_EV_IRQHandler                       0x080001b7   Thumb Code     0  startup_stm32f407xx.o(.text)
    I2C2_ER_IRQHandler                       0x080001b7   Thumb Code     0  startup_stm32f407xx.o(.text)
    I2C2_EV_IRQHandler                       0x080001b7   Thumb Code     0  startup_stm32f407xx.o(.text)
    I2C3_ER_IRQHandler                       0x080001b7   Thumb Code     0  startup_stm32f407xx.o(.text)
    I2C3_EV_IRQHandler                       0x080001b7   Thumb Code     0  startup_stm32f407xx.o(.text)
    OTG_FS_IRQHandler                        0x080001b7   Thumb Code     0  startup_stm32f407xx.o(.text)
    OTG_FS_WKUP_IRQHandler                   0x080001b7   Thumb Code     0  startup_stm32f407xx.o(.text)
    OTG_HS_EP1_IN_IRQHandler                 0x080001b7   Thumb Code     0  startup_stm32f407xx.o(.text)
    OTG_HS_EP1_OUT_IRQHandler                0x080001b7   Thumb Code     0  startup_stm32f407xx.o(.text)
    OTG_HS_IRQHandler                        0x080001b7   Thumb Code     0  startup_stm32f407xx.o(.text)
    OTG_HS_WKUP_IRQHandler                   0x080001b7   Thumb Code     0  startup_stm32f407xx.o(.text)
    PVD_IRQHandler                           0x080001b7   Thumb Code     0  startup_stm32f407xx.o(.text)
    RCC_IRQHandler                           0x080001b7   Thumb Code     0  startup_stm32f407xx.o(.text)
    RTC_Alarm_IRQHandler                     0x080001b7   Thumb Code     0  startup_stm32f407xx.o(.text)
    RTC_WKUP_IRQHandler                      0x080001b7   Thumb Code     0  startup_stm32f407xx.o(.text)
    SDIO_IRQHandler                          0x080001b7   Thumb Code     0  startup_stm32f407xx.o(.text)
    SPI1_IRQHandler                          0x080001b7   Thumb Code     0  startup_stm32f407xx.o(.text)
    SPI2_IRQHandler                          0x080001b7   Thumb Code     0  startup_stm32f407xx.o(.text)
    SPI3_IRQHandler                          0x080001b7   Thumb Code     0  startup_stm32f407xx.o(.text)
    TAMP_STAMP_IRQHandler                    0x080001b7   Thumb Code     0  startup_stm32f407xx.o(.text)
    TIM1_BRK_TIM9_IRQHandler                 0x080001b7   Thumb Code     0  startup_stm32f407xx.o(.text)
    TIM1_CC_IRQHandler                       0x080001b7   Thumb Code     0  startup_stm32f407xx.o(.text)
    TIM1_TRG_COM_TIM11_IRQHandler            0x080001b7   Thumb Code     0  startup_stm32f407xx.o(.text)
    TIM2_IRQHandler                          0x080001b7   Thumb Code     0  startup_stm32f407xx.o(.text)
    TIM3_IRQHandler                          0x080001b7   Thumb Code     0  startup_stm32f407xx.o(.text)
    TIM4_IRQHandler                          0x080001b7   Thumb Code     0  startup_stm32f407xx.o(.text)
    TIM5_IRQHandler                          0x080001b7   Thumb Code     0  startup_stm32f407xx.o(.text)
    TIM6_DAC_IRQHandler                      0x080001b7   Thumb Code     0  startup_stm32f407xx.o(.text)
    TIM7_IRQHandler                          0x080001b7   Thumb Code     0  startup_stm32f407xx.o(.text)
    TIM8_BRK_TIM12_IRQHandler                0x080001b7   Thumb Code     0  startup_stm32f407xx.o(.text)
    TIM8_CC_IRQHandler                       0x080001b7   Thumb Code     0  startup_stm32f407xx.o(.text)
    TIM8_TRG_COM_TIM14_IRQHandler            0x080001b7   Thumb Code     0  startup_stm32f407xx.o(.text)
    TIM8_UP_TIM13_IRQHandler                 0x080001b7   Thumb Code     0  startup_stm32f407xx.o(.text)
    UART4_IRQHandler                         0x080001b7   Thumb Code     0  startup_stm32f407xx.o(.text)
    UART5_IRQHandler                         0x080001b7   Thumb Code     0  startup_stm32f407xx.o(.text)
    USART1_IRQHandler                        0x080001b7   Thumb Code     0  startup_stm32f407xx.o(.text)
    USART2_IRQHandler                        0x080001b7   Thumb Code     0  startup_stm32f407xx.o(.text)
    USART3_IRQHandler                        0x080001b7   Thumb Code     0  startup_stm32f407xx.o(.text)
    USART6_IRQHandler                        0x080001b7   Thumb Code     0  startup_stm32f407xx.o(.text)
    WWDG_IRQHandler                          0x080001b7   Thumb Code     0  startup_stm32f407xx.o(.text)
    rt_hw_interrupt_disable                  0x080001c1   Thumb Code     8  context_rvds.o(.text)
    rt_hw_interrupt_enable                   0x080001c9   Thumb Code     6  context_rvds.o(.text)
    rt_hw_context_switch                     0x080001cf   Thumb Code    32  context_rvds.o(.text)
    rt_hw_context_switch_interrupt           0x080001cf   Thumb Code     0  context_rvds.o(.text)
    PendSV_Handler                           0x080001ef   Thumb Code   108  context_rvds.o(.text)
    rt_hw_context_switch_to                  0x0800025b   Thumb Code    70  context_rvds.o(.text)
    rt_hw_interrupt_thread_switch            0x080002a1   Thumb Code     2  context_rvds.o(.text)
    HardFault_Handler                        0x080002a3   Thumb Code    20  context_rvds.o(.text)
    __aeabi_uldivmod                         0x080002d1   Thumb Code    98  uldiv.o(.text)
    __aeabi_llsl                             0x08000333   Thumb Code    30  llshl.o(.text)
    _ll_shift_l                              0x08000333   Thumb Code     0  llshl.o(.text)
    __aeabi_llsr                             0x08000351   Thumb Code    32  llushr.o(.text)
    _ll_ushift_r                             0x08000351   Thumb Code     0  llushr.o(.text)
    __scatterload                            0x08000371   Thumb Code    28  init.o(.text)
    __scatterload_rt2                        0x08000371   Thumb Code     0  init.o(.text)
    main                                     0x08000395   Thumb Code    14  components.o(i.$Sub$$main)
    BusFault_Handler                         0x080003a3   Thumb Code     4  stm32f4xx_it.o(i.BusFault_Handler)
    DEBUG_USART_Config                       0x080003a9   Thumb Code    52  bsp_debug_usart.o(i.DEBUG_USART_Config)
    DebugMon_Handler                         0x080003e5   Thumb Code     2  stm32f4xx_it.o(i.DebugMon_Handler)
    EXTI0_IRQHandler                         0x080003e7   Thumb Code     2  stm32f4xx_it.o(i.EXTI0_IRQHandler)
    HAL_GPIO_Init                            0x080003e9   Thumb Code   466  stm32f4xx_hal_gpio.o(i.HAL_GPIO_Init)
    HAL_GPIO_ReadPin                         0x080005e9   Thumb Code    16  stm32f4xx_hal_gpio.o(i.HAL_GPIO_ReadPin)
    HAL_GetREVID                             0x080005f9   Thumb Code     8  stm32f4xx_hal.o(i.HAL_GetREVID)
    HAL_GetTick                              0x08000605   Thumb Code     6  stm32f4xx_hal.o(i.HAL_GetTick)
    HAL_InitTick                             0x08000611   Thumb Code    64  stm32f4xx_hal.o(i.HAL_InitTick)
    HAL_NVIC_EnableIRQ                       0x0800065d   Thumb Code    32  stm32f4xx_hal_cortex.o(i.HAL_NVIC_EnableIRQ)
    HAL_NVIC_SetPriority                     0x0800067d   Thumb Code   124  stm32f4xx_hal_cortex.o(i.HAL_NVIC_SetPriority)
    HAL_RCC_ClockConfig                      0x080006f9   Thumb Code   366  stm32f4xx_hal_rcc.o(i.HAL_RCC_ClockConfig)
    HAL_RCC_GetHCLKFreq                      0x08000879   Thumb Code     6  stm32f4xx_hal_rcc.o(i.HAL_RCC_GetHCLKFreq)
    HAL_RCC_GetPCLK1Freq                     0x08000885   Thumb Code    22  stm32f4xx_hal_rcc.o(i.HAL_RCC_GetPCLK1Freq)
    HAL_RCC_GetPCLK2Freq                     0x080008a5   Thumb Code    22  stm32f4xx_hal_rcc.o(i.HAL_RCC_GetPCLK2Freq)
    HAL_RCC_GetSysClockFreq                  0x080008c5   Thumb Code   162  stm32f4xx_hal_rcc.o(i.HAL_RCC_GetSysClockFreq)
    HAL_RCC_OscConfig                        0x08000975   Thumb Code  1086  stm32f4xx_hal_rcc.o(i.HAL_RCC_OscConfig)
    HAL_SYSTICK_Config                       0x08000dbd   Thumb Code    52  stm32f4xx_hal_cortex.o(i.HAL_SYSTICK_Config)
    HAL_TIMEx_BreakCallback                  0x08000df1   Thumb Code     2  stm32f4xx_hal_tim_ex.o(i.HAL_TIMEx_BreakCallback)
    HAL_TIMEx_CommutCallback                 0x08000df3   Thumb Code     2  stm32f4xx_hal_tim_ex.o(i.HAL_TIMEx_CommutCallback)
    HAL_TIM_Base_Init                        0x08000df5   Thumb Code    52  stm32f4xx_hal_tim.o(i.HAL_TIM_Base_Init)
    HAL_TIM_Base_MspInit                     0x08000e29   Thumb Code     2  stm32f4xx_hal_tim.o(i.HAL_TIM_Base_MspInit)
    HAL_TIM_Base_Start_IT                    0x08000e2b   Thumb Code    42  stm32f4xx_hal_tim.o(i.HAL_TIM_Base_Start_IT)
    HAL_TIM_IC_CaptureCallback               0x08000e55   Thumb Code     2  stm32f4xx_hal_tim.o(i.HAL_TIM_IC_CaptureCallback)
    HAL_TIM_IRQHandler                       0x08000e57   Thumb Code   406  stm32f4xx_hal_tim.o(i.HAL_TIM_IRQHandler)
    HAL_TIM_OC_DelayElapsedCallback          0x08000fed   Thumb Code     2  stm32f4xx_hal_tim.o(i.HAL_TIM_OC_DelayElapsedCallback)
    HAL_TIM_PWM_PulseFinishedCallback        0x08000fef   Thumb Code     2  stm32f4xx_hal_tim.o(i.HAL_TIM_PWM_PulseFinishedCallback)
    HAL_TIM_PeriodElapsedCallback            0x08000ff1   Thumb Code    56  stm32f4xx_it.o(i.HAL_TIM_PeriodElapsedCallback)
    HAL_TIM_TriggerCallback                  0x0800103d   Thumb Code     2  stm32f4xx_hal_tim.o(i.HAL_TIM_TriggerCallback)
    HAL_UART_Init                            0x0800103f   Thumb Code   114  stm32f4xx_hal_uart.o(i.HAL_UART_Init)
    HAL_UART_MspInit                         0x080010b1   Thumb Code   168  bsp_debug_usart.o(i.HAL_UART_MspInit)
    HAL_UART_Transmit                        0x08001161   Thumb Code   214  stm32f4xx_hal_uart.o(i.HAL_UART_Transmit)
    Key_GPIO_Config                          0x08001239   Thumb Code   228  bsp_key.o(i.Key_GPIO_Config)
    Key_Scan                                 0x0800132d   Thumb Code    40  bsp_key.o(i.Key_Scan)
    LED_GPIO_Config                          0x08001355   Thumb Code   224  bsp_led.o(i.LED_GPIO_Config)
    MemManage_Handler                        0x08001449   Thumb Code     4  stm32f4xx_it.o(i.MemManage_Handler)
    NMI_Handler                              0x0800144d   Thumb Code     2  stm32f4xx_it.o(i.NMI_Handler)
    SVC_Handler                              0x0800144f   Thumb Code     2  stm32f4xx_it.o(i.SVC_Handler)
    SysTick_Handler                          0x08001451   Thumb Code    16  board_init.o(i.SysTick_Handler)
    SystemClock_Config                       0x08001461   Thumb Code   180  board_init.o(i.SystemClock_Config)
    SystemInit                               0x08001521   Thumb Code    82  system_stm32f4xx.o(i.SystemInit)
    TIM1_UP_TIM10_IRQHandler                 0x08001585   Thumb Code    10  stm32f4xx_it.o(i.TIM1_UP_TIM10_IRQHandler)
    TIM_Base_SetConfig                       0x08001595   Thumb Code   170  stm32f4xx_hal_tim.o(i.TIM_Base_SetConfig)
    TIMx_Configuration                       0x080016c9   Thumb Code    12  bsp_advance_tim.o(i.TIMx_Configuration)
    UsageFault_Handler                       0x08001abd   Thumb Code     4  stm32f4xx_it.o(i.UsageFault_Handler)
    __rt_ffs                                 0x08001af9   Thumb Code    70  kservice.o(i.__rt_ffs)
    __scatterload_copy                       0x08001b45   Thumb Code    14  handlers.o(i.__scatterload_copy)
    __scatterload_null                       0x08001b53   Thumb Code     2  handlers.o(i.__scatterload_null)
    __scatterload_zeroinit                   0x08001b55   Thumb Code    14  handlers.o(i.__scatterload_zeroinit)
    $Super$$main                             0x08001d19   Thumb Code   108  main.o(i.main)
    main_thread_entry                        0x08001dcd   Thumb Code    14  components.o(i.main_thread_entry)
    rt_application_init                      0x08001fe1   Thumb Code    32  components.o(i.rt_application_init)
    rt_components_board_init                 0x0800200d   Thumb Code    20  components.o(i.rt_components_board_init)
    rt_components_init                       0x08002029   Thumb Code    20  components.o(i.rt_components_init)
    rt_enter_critical                        0x08002045   Thumb Code    28  scheduler.o(i.rt_enter_critical)
    rt_exit_critical                         0x08002065   Thumb Code    54  scheduler.o(i.rt_exit_critical)
    rt_free                                  0x080020a1   Thumb Code   128  mem.o(i.rt_free)
    rt_heap_begin_get                        0x08002181   Thumb Code     4  board_init.o(i.rt_heap_begin_get)
    rt_heap_end_get                          0x08002189   Thumb Code     4  board_init.o(i.rt_heap_end_get)
    rt_hw_board_init                         0x08002191   Thumb Code   124  board_init.o(i.rt_hw_board_init)
    rt_hw_console_output                     0x08002219   Thumb Code    64  board_init.o(i.rt_hw_console_output)
    rt_hw_hard_fault_exception               0x0800225d   Thumb Code   108  cpuport.o(i.rt_hw_hard_fault_exception)
    rt_hw_stack_init                         0x08002369   Thumb Code    74  cpuport.o(i.rt_hw_stack_init)
    rt_interrupt_enter                       0x080023b9   Thumb Code    26  irq.o(i.rt_interrupt_enter)
    rt_interrupt_leave                       0x080023d9   Thumb Code    26  irq.o(i.rt_interrupt_leave)
    rt_kprintf                               0x08002489   Thumb Code    44  kservice.o(i.rt_kprintf)
    rt_malloc                                0x08002549   Thumb Code   336  mem.o(i.rt_malloc)
    rt_memset                                0x080026b5   Thumb Code    72  kservice.o(i.rt_memset)
    rt_object_allocate                       0x080026fd   Thumb Code    74  object.o(i.rt_object_allocate)
    rt_object_delete                         0x08002747   Thumb Code    32  object.o(i.rt_object_delete)
    rt_object_detach                         0x08002767   Thumb Code    26  object.o(i.rt_object_detach)
    rt_object_get_information                0x08002781   Thumb Code    36  object.o(i.rt_object_get_information)
    rt_object_init                           0x080027a9   Thumb Code    60  object.o(i.rt_object_init)
    rt_object_is_systemobject                0x080027e5   Thumb Code    18  object.o(i.rt_object_is_systemobject)
    rt_schedule                              0x080027f9   Thumb Code   118  scheduler.o(i.rt_schedule)
    rt_schedule_insert_thread                0x08002889   Thumb Code    72  scheduler.o(i.rt_schedule_insert_thread)
    rt_schedule_remove_thread                0x080028d9   Thumb Code    76  scheduler.o(i.rt_schedule_remove_thread)
    rt_sem_init                              0x0800292d   Thumb Code    38  ipc.o(i.rt_sem_init)
    rt_sem_release                           0x08002953   Thumb Code    58  ipc.o(i.rt_sem_release)
    rt_sem_take                              0x0800298d   Thumb Code   116  ipc.o(i.rt_sem_take)
    rt_show_version                          0x08002a01   Thumb Code    38  kservice.o(i.rt_show_version)
    rt_strlen                                0x08002ab1   Thumb Code    18  kservice.o(i.rt_strlen)
    rt_strncpy                               0x08002ac3   Thumb Code    52  kservice.o(i.rt_strncpy)
    rt_system_heap_init                      0x08002af9   Thumb Code   160  mem.o(i.rt_system_heap_init)
    rt_system_scheduler_init                 0x08002bf1   Thumb Code    52  scheduler.o(i.rt_system_scheduler_init)
    rt_system_scheduler_start                0x08002c3d   Thumb Code    36  scheduler.o(i.rt_system_scheduler_start)
    rt_system_timer_init                     0x08002c6d   Thumb Code    24  timer.o(i.rt_system_timer_init)
    rt_system_timer_thread_init              0x08002c89   Thumb Code     2  timer.o(i.rt_system_timer_thread_init)
    rt_thread_create                         0x08002c8b   Thumb Code    80  thread.o(i.rt_thread_create)
    rt_thread_delay                          0x08002cdb   Thumb Code    12  thread.o(i.rt_thread_delay)
    rt_thread_exit                           0x08002ce9   Thumb Code    76  thread.o(i.rt_thread_exit)
    rt_thread_idle_excute                    0x08002d45   Thumb Code   128  idle.o(i.rt_thread_idle_excute)
    rt_thread_idle_init                      0x08002dc9   Thumb Code    38  idle.o(i.rt_thread_idle_init)
    rt_thread_init                           0x08002e05   Thumb Code    52  thread.o(i.rt_thread_init)
    rt_thread_resume                         0x08002e39   Thumb Code    60  thread.o(i.rt_thread_resume)
    rt_thread_self                           0x08002e75   Thumb Code     6  thread.o(i.rt_thread_self)
    rt_thread_sleep                          0x08002e81   Thumb Code    62  thread.o(i.rt_thread_sleep)
    rt_thread_startup                        0x08002ec5   Thumb Code    44  thread.o(i.rt_thread_startup)
    rt_thread_suspend                        0x08002ef1   Thumb Code    68  thread.o(i.rt_thread_suspend)
    rt_thread_timeout                        0x08002f35   Thumb Code    32  thread.o(i.rt_thread_timeout)
    rt_thread_yield                          0x08002f55   Thumb Code    92  thread.o(i.rt_thread_yield)
    rt_tick_get                              0x08002fb9   Thumb Code     6  clock.o(i.rt_tick_get)
    rt_tick_increase                         0x08002fc5   Thumb Code    42  clock.o(i.rt_tick_increase)
    rt_timer_check                           0x08002ff5   Thumb Code   118  timer.o(i.rt_timer_check)
    rt_timer_control                         0x08003071   Thumb Code    56  timer.o(i.rt_timer_control)
    rt_timer_detach                          0x080030a9   Thumb Code    32  timer.o(i.rt_timer_detach)
    rt_timer_init                            0x080030c9   Thumb Code    46  timer.o(i.rt_timer_init)
    rt_timer_start                           0x080030f9   Thumb Code   238  timer.o(i.rt_timer_start)
    rt_timer_stop                            0x080031f1   Thumb Code    48  timer.o(i.rt_timer_stop)
    rt_vsnprintf                             0x08003221   Thumb Code   800  kservice.o(i.rt_vsnprintf)
    rtthread_startup                         0x08003559   Thumb Code    42  components.o(i.rtthread_startup)
    AHBPrescTable                            0x080035a8   Data          16  system_stm32f4xx.o(.constdata)
    APBPrescTable                            0x080035b8   Data           8  system_stm32f4xx.o(.constdata)
    __lowest_bit_bitmap                      0x080035c0   Data         256  kservice.o(.constdata)
    __rt_init_rti_start                      0x080036e4   Data           4  components.o(.rti_fn.0)
    __rt_init_rti_board_start                0x080036e8   Data           4  components.o(.rti_fn.0.end)
    __rt_init_rti_board_end                  0x080036ec   Data           4  components.o(.rti_fn.1.end)
    __rt_init_rti_end                        0x080036f0   Data           4  components.o(.rti_fn.6.end)
    Region$$Table$$Base                      0x080036f4   Number         0  anon$$obj.o(Region$$Table)
    Region$$Table$$Limit                     0x08003714   Number         0  anon$$obj.o(Region$$Table)
    SystemCoreClock                          0x20000000   Data           4  system_stm32f4xx.o(.data)
    uwTick                                   0x20000004   Data           4  stm32f4xx_hal.o(.data)
    uwTickPrio                               0x20000008   Data           4  stm32f4xx_hal.o(.data)
    uwTickFreq                               0x2000000c   Data           1  stm32f4xx_hal.o(.data)
    rt_interrupt_nest                        0x2000001c   Data           1  irq.o(.data)
    rt_current_thread                        0x2000007c   Data           4  scheduler.o(.data)
    rt_current_priority                      0x20000080   Data           1  scheduler.o(.data)
    rt_thread_ready_priority_group           0x20000084   Data           4  scheduler.o(.data)
    rt_thread_defunct                        0x20000088   Data           8  scheduler.o(.data)
    rt_interrupt_from_thread                 0x2000009c   Data           4  cpuport.o(.data)
    rt_interrupt_to_thread                   0x200000a0   Data           4  cpuport.o(.data)
    rt_thread_switch_interrupt_flag          0x200000a4   Data           4  cpuport.o(.data)
    UartHandle                               0x200000ac   Data          64  bsp_debug_usart.o(.bss)
    TIM_TimeBaseStructure                    0x200000ec   Data          64  bsp_advance_tim.o(.bss)
    rt_thread_priority_table                 0x20002344   Data          64  scheduler.o(.bss)
    __initial_sp                             0x20002788   Data           0  startup_stm32f407xx.o(STACK)



==============================================================================

Memory Map of the image

  Image Entry point : 0x08000189

  Load Region LR_IROM1 (Base: 0x08000000, Size: 0x000037c0, Max: 0x00100000, ABSOLUTE)

    Execution Region ER_IROM1 (Exec base: 0x08000000, Load base: 0x08000000, Size: 0x00003714, Max: 0x00100000, ABSOLUTE)

    Exec Addr    Load Addr    Size         Type   Attr      Idx    E Section Name        Object

    0x08000000   0x08000000   0x00000188   Data   RO            3    RESET               startup_stm32f407xx.o
    0x08000188   0x08000188   0x00000000   Code   RO        10384  * .ARM.Collect$$$$00000000  mc_w.l(entry.o)
    0x08000188   0x08000188   0x00000004   Code   RO        10393    .ARM.Collect$$$$00000001  mc_w.l(entry2.o)
    0x0800018c   0x0800018c   0x00000004   Code   RO        10396    .ARM.Collect$$$$00000004  mc_w.l(entry5.o)
    0x08000190   0x08000190   0x00000000   Code   RO        10398    .ARM.Collect$$$$00000008  mc_w.l(entry7b.o)
    0x08000190   0x08000190   0x00000000   Code   RO        10400    .ARM.Collect$$$$0000000A  mc_w.l(entry8b.o)
    0x08000190   0x08000190   0x00000008   Code   RO        10401    .ARM.Collect$$$$0000000B  mc_w.l(entry9a.o)
    0x08000198   0x08000198   0x00000000   Code   RO        10403    .ARM.Collect$$$$0000000D  mc_w.l(entry10a.o)
    0x08000198   0x08000198   0x00000000   Code   RO        10405    .ARM.Collect$$$$0000000F  mc_w.l(entry11a.o)
    0x08000198   0x08000198   0x00000004   Code   RO        10394    .ARM.Collect$$$$00002712  mc_w.l(entry2.o)
    0x0800019c   0x0800019c   0x00000024   Code   RO            4    .text               startup_stm32f407xx.o
    0x080001c0   0x080001c0   0x00000110   Code   RO        10380    .text               context_rvds.o
    0x080002d0   0x080002d0   0x00000062   Code   RO        10387    .text               mc_w.l(uldiv.o)
    0x08000332   0x08000332   0x0000001e   Code   RO        10407    .text               mc_w.l(llshl.o)
    0x08000350   0x08000350   0x00000020   Code   RO        10409    .text               mc_w.l(llushr.o)
    0x08000370   0x08000370   0x00000024   Code   RO        10411    .text               mc_w.l(init.o)
    0x08000394   0x08000394   0x0000000e   Code   RO         9454    i.$Sub$$main        components.o
    0x080003a2   0x080003a2   0x00000004   Code   RO         8861    i.BusFault_Handler  stm32f4xx_it.o
    0x080003a6   0x080003a6   0x00000002   PAD
    0x080003a8   0x080003a8   0x0000003c   Code   RO         9225    i.DEBUG_USART_Config  bsp_debug_usart.o
    0x080003e4   0x080003e4   0x00000002   Code   RO         8862    i.DebugMon_Handler  stm32f4xx_it.o
    0x080003e6   0x080003e6   0x00000002   Code   RO         8863    i.EXTI0_IRQHandler  stm32f4xx_it.o
    0x080003e8   0x080003e8   0x00000200   Code   RO         2084    i.HAL_GPIO_Init     stm32f4xx_hal_gpio.o
    0x080005e8   0x080005e8   0x00000010   Code   RO         2086    i.HAL_GPIO_ReadPin  stm32f4xx_hal_gpio.o
    0x080005f8   0x080005f8   0x0000000c   Code   RO          262    i.HAL_GetREVID      stm32f4xx_hal.o
    0x08000604   0x08000604   0x0000000c   Code   RO          263    i.HAL_GetTick       stm32f4xx_hal.o
    0x08000610   0x08000610   0x0000004c   Code   RO          271    i.HAL_InitTick      stm32f4xx_hal.o
    0x0800065c   0x0800065c   0x00000020   Code   RO          969    i.HAL_NVIC_EnableIRQ  stm32f4xx_hal_cortex.o
    0x0800067c   0x0800067c   0x0000007c   Code   RO          975    i.HAL_NVIC_SetPriority  stm32f4xx_hal_cortex.o
    0x080006f8   0x080006f8   0x00000180   Code   RO         4359    i.HAL_RCC_ClockConfig  stm32f4xx_hal_rcc.o
    0x08000878   0x08000878   0x0000000c   Code   RO         4364    i.HAL_RCC_GetHCLKFreq  stm32f4xx_hal_rcc.o
    0x08000884   0x08000884   0x00000020   Code   RO         4366    i.HAL_RCC_GetPCLK1Freq  stm32f4xx_hal_rcc.o
    0x080008a4   0x080008a4   0x00000020   Code   RO         4367    i.HAL_RCC_GetPCLK2Freq  stm32f4xx_hal_rcc.o
    0x080008c4   0x080008c4   0x000000b0   Code   RO         4368    i.HAL_RCC_GetSysClockFreq  stm32f4xx_hal_rcc.o
    0x08000974   0x08000974   0x00000448   Code   RO         4371    i.HAL_RCC_OscConfig  stm32f4xx_hal_rcc.o
    0x08000dbc   0x08000dbc   0x00000034   Code   RO          980    i.HAL_SYSTICK_Config  stm32f4xx_hal_cortex.o
    0x08000df0   0x08000df0   0x00000002   Code   RO         6702    i.HAL_TIMEx_BreakCallback  stm32f4xx_hal_tim_ex.o
    0x08000df2   0x08000df2   0x00000002   Code   RO         6703    i.HAL_TIMEx_CommutCallback  stm32f4xx_hal_tim_ex.o
    0x08000df4   0x08000df4   0x00000034   Code   RO         6016    i.HAL_TIM_Base_Init  stm32f4xx_hal_tim.o
    0x08000e28   0x08000e28   0x00000002   Code   RO         6018    i.HAL_TIM_Base_MspInit  stm32f4xx_hal_tim.o
    0x08000e2a   0x08000e2a   0x0000002a   Code   RO         6021    i.HAL_TIM_Base_Start_IT  stm32f4xx_hal_tim.o
    0x08000e54   0x08000e54   0x00000002   Code   RO         6045    i.HAL_TIM_IC_CaptureCallback  stm32f4xx_hal_tim.o
    0x08000e56   0x08000e56   0x00000196   Code   RO         6059    i.HAL_TIM_IRQHandler  stm32f4xx_hal_tim.o
    0x08000fec   0x08000fec   0x00000002   Code   RO         6062    i.HAL_TIM_OC_DelayElapsedCallback  stm32f4xx_hal_tim.o
    0x08000fee   0x08000fee   0x00000002   Code   RO         6089    i.HAL_TIM_PWM_PulseFinishedCallback  stm32f4xx_hal_tim.o
    0x08000ff0   0x08000ff0   0x0000004c   Code   RO         8864    i.HAL_TIM_PeriodElapsedCallback  stm32f4xx_it.o
    0x0800103c   0x0800103c   0x00000002   Code   RO         6102    i.HAL_TIM_TriggerCallback  stm32f4xx_hal_tim.o
    0x0800103e   0x0800103e   0x00000072   Code   RO         6978    i.HAL_UART_Init     stm32f4xx_hal_uart.o
    0x080010b0   0x080010b0   0x000000b0   Code   RO         9226    i.HAL_UART_MspInit  bsp_debug_usart.o
    0x08001160   0x08001160   0x000000d6   Code   RO         6986    i.HAL_UART_Transmit  stm32f4xx_hal_uart.o
    0x08001236   0x08001236   0x00000002   PAD
    0x08001238   0x08001238   0x000000f4   Code   RO         9283    i.Key_GPIO_Config   bsp_key.o
    0x0800132c   0x0800132c   0x00000028   Code   RO         9284    i.Key_Scan          bsp_key.o
    0x08001354   0x08001354   0x000000f4   Code   RO         9198    i.LED_GPIO_Config   bsp_led.o
    0x08001448   0x08001448   0x00000004   Code   RO         8865    i.MemManage_Handler  stm32f4xx_it.o
    0x0800144c   0x0800144c   0x00000002   Code   RO         8866    i.NMI_Handler       stm32f4xx_it.o
    0x0800144e   0x0800144e   0x00000002   Code   RO         8867    i.SVC_Handler       stm32f4xx_it.o
    0x08001450   0x08001450   0x00000010   Code   RO         9353    i.SysTick_Handler   board_init.o
    0x08001460   0x08001460   0x000000c0   Code   RO         9354    i.SystemClock_Config  board_init.o
    0x08001520   0x08001520   0x00000064   Code   RO           14    i.SystemInit        system_stm32f4xx.o
    0x08001584   0x08001584   0x00000010   Code   RO         8868    i.TIM1_UP_TIM10_IRQHandler  stm32f4xx_it.o
    0x08001594   0x08001594   0x000000d8   Code   RO         6104    i.TIM_Base_SetConfig  stm32f4xx_hal_tim.o
    0x0800166c   0x0800166c   0x0000005c   Code   RO         9313    i.TIM_Mode_Config   bsp_advance_tim.o
    0x080016c8   0x080016c8   0x0000000c   Code   RO         9314    i.TIMx_Configuration  bsp_advance_tim.o
    0x080016d4   0x080016d4   0x00000014   Code   RO         9315    i.TIMx_NVIC_Configuration  bsp_advance_tim.o
    0x080016e8   0x080016e8   0x00000368   Code   RO         7005    i.UART_SetConfig    stm32f4xx_hal_uart.o
    0x08001a50   0x08001a50   0x0000006c   Code   RO         7007    i.UART_WaitOnFlagUntilTimeout  stm32f4xx_hal_uart.o
    0x08001abc   0x08001abc   0x00000004   Code   RO         8869    i.UsageFault_Handler  stm32f4xx_it.o
    0x08001ac0   0x08001ac0   0x00000010   Code   RO          982    i.__NVIC_GetPriorityGrouping  stm32f4xx_hal_cortex.o
    0x08001ad0   0x08001ad0   0x00000028   Code   RO          983    i.__NVIC_SetPriority  stm32f4xx_hal_cortex.o
    0x08001af8   0x08001af8   0x0000004c   Code   RO         9735    i.__rt_ffs          kservice.o
    0x08001b44   0x08001b44   0x0000000e   Code   RO        10415    i.__scatterload_copy  mc_w.l(handlers.o)
    0x08001b52   0x08001b52   0x00000002   Code   RO        10416    i.__scatterload_null  mc_w.l(handlers.o)
    0x08001b54   0x08001b54   0x0000000e   Code   RO        10417    i.__scatterload_zeroinit  mc_w.l(handlers.o)
    0x08001b62   0x08001b62   0x00000002   PAD
    0x08001b64   0x08001b64   0x00000014   Code   RO         9528    i._has_defunct_thread  idle.o
    0x08001b78   0x08001b78   0x00000084   Code   RO        10125    i._rt_thread_init   thread.o
    0x08001bfc   0x08001bfc   0x00000042   Code   RO        10240    i._rt_timer_init    timer.o
    0x08001c3e   0x08001c3e   0x0000002e   Code   RO        10241    i._rt_timer_remove  timer.o
    0x08001c6c   0x08001c6c   0x00000040   Code   RO         8550    i.key_thread_entry  main.o
    0x08001cac   0x08001cac   0x0000006c   Code   RO         8551    i.led1_thread_entry  main.o
    0x08001d18   0x08001d18   0x000000b4   Code   RO         8552    i.main              main.o
    0x08001dcc   0x08001dcc   0x0000000e   Code   RO         9455    i.main_thread_entry  components.o
    0x08001dda   0x08001dda   0x00000002   PAD
    0x08001ddc   0x08001ddc   0x00000078   Code   RO         9912    i.plug_holes        mem.o
    0x08001e54   0x08001e54   0x0000018c   Code   RO         9737    i.print_number      kservice.o
    0x08001fe0   0x08001fe0   0x0000002c   Code   RO         9456    i.rt_application_init  components.o
    0x0800200c   0x0800200c   0x0000001c   Code   RO         9457    i.rt_components_board_init  components.o
    0x08002028   0x08002028   0x0000001c   Code   RO         9458    i.rt_components_init  components.o
    0x08002044   0x08002044   0x00000020   Code   RO        10044    i.rt_enter_critical  scheduler.o
    0x08002064   0x08002064   0x0000003c   Code   RO        10045    i.rt_exit_critical  scheduler.o
    0x080020a0   0x080020a0   0x000000e0   Code   RO         9914    i.rt_free           mem.o
    0x08002180   0x08002180   0x00000008   Code   RO         9355    i.rt_heap_begin_get  board_init.o
    0x08002188   0x08002188   0x00000008   Code   RO         9356    i.rt_heap_end_get   board_init.o
    0x08002190   0x08002190   0x00000088   Code   RO         9357    i.rt_hw_board_init  board_init.o
    0x08002218   0x08002218   0x00000044   Code   RO         9358    i.rt_hw_console_output  board_init.o
    0x0800225c   0x0800225c   0x0000010c   Code   RO        10349    i.rt_hw_hard_fault_exception  cpuport.o
    0x08002368   0x08002368   0x00000050   Code   RO        10350    i.rt_hw_stack_init  cpuport.o
    0x080023b8   0x080023b8   0x00000020   Code   RO         9708    i.rt_interrupt_enter  irq.o
    0x080023d8   0x080023d8   0x00000020   Code   RO         9710    i.rt_interrupt_leave  irq.o
    0x080023f8   0x080023f8   0x00000014   Code   RO         9568    i.rt_ipc_list_resume  ipc.o
    0x0800240c   0x0800240c   0x0000006c   Code   RO         9570    i.rt_ipc_list_suspend  ipc.o
    0x08002478   0x08002478   0x00000010   Code   RO         9571    i.rt_ipc_object_init  ipc.o
    0x08002488   0x08002488   0x00000030   Code   RO         9741    i.rt_kprintf        kservice.o
    0x080024b8   0x080024b8   0x00000006   Code   RO         9572    i.rt_list_init      ipc.o
    0x080024be   0x080024be   0x00000006   Code   RO        10046    i.rt_list_init      scheduler.o
    0x080024c4   0x080024c4   0x00000006   Code   RO        10242    i.rt_list_init      timer.o
    0x080024ca   0x080024ca   0x0000000e   Code   RO         9974    i.rt_list_insert_after  object.o
    0x080024d8   0x080024d8   0x0000000e   Code   RO        10126    i.rt_list_insert_after  thread.o
    0x080024e6   0x080024e6   0x0000000e   Code   RO        10243    i.rt_list_insert_after  timer.o
    0x080024f4   0x080024f4   0x0000000e   Code   RO         9573    i.rt_list_insert_before  ipc.o
    0x08002502   0x08002502   0x00000010   Code   RO         9574    i.rt_list_isempty   ipc.o
    0x08002512   0x08002512   0x00000010   Code   RO        10244    i.rt_list_isempty   timer.o
    0x08002522   0x08002522   0x00000012   Code   RO         9975    i.rt_list_remove    object.o
    0x08002534   0x08002534   0x00000012   Code   RO        10127    i.rt_list_remove    thread.o
    0x08002546   0x08002546   0x00000002   PAD
    0x08002548   0x08002548   0x0000016c   Code   RO         9915    i.rt_malloc         mem.o
    0x080026b4   0x080026b4   0x00000048   Code   RO         9747    i.rt_memset         kservice.o
    0x080026fc   0x080026fc   0x0000004a   Code   RO         9976    i.rt_object_allocate  object.o
    0x08002746   0x08002746   0x00000020   Code   RO         9977    i.rt_object_delete  object.o
    0x08002766   0x08002766   0x0000001a   Code   RO         9978    i.rt_object_detach  object.o
    0x08002780   0x08002780   0x00000028   Code   RO         9980    i.rt_object_get_information  object.o
    0x080027a8   0x080027a8   0x0000003c   Code   RO         9981    i.rt_object_init    object.o
    0x080027e4   0x080027e4   0x00000012   Code   RO         9982    i.rt_object_is_systemobject  object.o
    0x080027f6   0x080027f6   0x00000002   PAD
    0x080027f8   0x080027f8   0x00000090   Code   RO        10047    i.rt_schedule       scheduler.o
    0x08002888   0x08002888   0x00000050   Code   RO        10048    i.rt_schedule_insert_thread  scheduler.o
    0x080028d8   0x080028d8   0x00000054   Code   RO        10049    i.rt_schedule_remove_thread  scheduler.o
    0x0800292c   0x0800292c   0x00000026   Code   RO         9587    i.rt_sem_init       ipc.o
    0x08002952   0x08002952   0x0000003a   Code   RO         9588    i.rt_sem_release    ipc.o
    0x0800298c   0x0800298c   0x00000074   Code   RO         9589    i.rt_sem_take       ipc.o
    0x08002a00   0x08002a00   0x000000b0   Code   RO         9749    i.rt_show_version   kservice.o
    0x08002ab0   0x08002ab0   0x00000012   Code   RO         9755    i.rt_strlen         kservice.o
    0x08002ac2   0x08002ac2   0x00000034   Code   RO         9757    i.rt_strncpy        kservice.o
    0x08002af6   0x08002af6   0x00000002   PAD
    0x08002af8   0x08002af8   0x000000f8   Code   RO         9918    i.rt_system_heap_init  mem.o
    0x08002bf0   0x08002bf0   0x0000004c   Code   RO        10050    i.rt_system_scheduler_init  scheduler.o
    0x08002c3c   0x08002c3c   0x00000030   Code   RO        10051    i.rt_system_scheduler_start  scheduler.o
    0x08002c6c   0x08002c6c   0x0000001c   Code   RO        10245    i.rt_system_timer_init  timer.o
    0x08002c88   0x08002c88   0x00000002   Code   RO        10246    i.rt_system_timer_thread_init  timer.o
    0x08002c8a   0x08002c8a   0x00000050   Code   RO        10129    i.rt_thread_create  thread.o
    0x08002cda   0x08002cda   0x0000000c   Code   RO        10130    i.rt_thread_delay   thread.o
    0x08002ce6   0x08002ce6   0x00000002   PAD
    0x08002ce8   0x08002ce8   0x00000054   Code   RO        10133    i.rt_thread_exit    thread.o
    0x08002d3c   0x08002d3c   0x00000008   Code   RO         9529    i.rt_thread_idle_entry  idle.o
    0x08002d44   0x08002d44   0x00000084   Code   RO         9530    i.rt_thread_idle_excute  idle.o
    0x08002dc8   0x08002dc8   0x0000003c   Code   RO         9532    i.rt_thread_idle_init  idle.o
    0x08002e04   0x08002e04   0x00000034   Code   RO        10135    i.rt_thread_init    thread.o
    0x08002e38   0x08002e38   0x0000003c   Code   RO        10136    i.rt_thread_resume  thread.o
    0x08002e74   0x08002e74   0x0000000c   Code   RO        10137    i.rt_thread_self    thread.o
    0x08002e80   0x08002e80   0x00000044   Code   RO        10138    i.rt_thread_sleep   thread.o
    0x08002ec4   0x08002ec4   0x0000002c   Code   RO        10139    i.rt_thread_startup  thread.o
    0x08002ef0   0x08002ef0   0x00000044   Code   RO        10140    i.rt_thread_suspend  thread.o
    0x08002f34   0x08002f34   0x00000020   Code   RO        10141    i.rt_thread_timeout  thread.o
    0x08002f54   0x08002f54   0x00000064   Code   RO        10142    i.rt_thread_yield   thread.o
    0x08002fb8   0x08002fb8   0x0000000c   Code   RO         9412    i.rt_tick_get       clock.o
    0x08002fc4   0x08002fc4   0x00000030   Code   RO         9413    i.rt_tick_increase  clock.o
    0x08002ff4   0x08002ff4   0x0000007c   Code   RO        10247    i.rt_timer_check    timer.o
    0x08003070   0x08003070   0x00000038   Code   RO        10248    i.rt_timer_control  timer.o
    0x080030a8   0x080030a8   0x00000020   Code   RO        10251    i.rt_timer_detach   timer.o
    0x080030c8   0x080030c8   0x0000002e   Code   RO        10252    i.rt_timer_init     timer.o
    0x080030f6   0x080030f6   0x00000002   PAD
    0x080030f8   0x080030f8   0x000000f8   Code   RO        10255    i.rt_timer_start    timer.o
    0x080031f0   0x080031f0   0x00000030   Code   RO        10256    i.rt_timer_stop     timer.o
    0x08003220   0x08003220   0x00000328   Code   RO         9760    i.rt_vsnprintf      kservice.o
    0x08003548   0x08003548   0x00000004   Code   RO         9459    i.rti_board_end     components.o
    0x0800354c   0x0800354c   0x00000004   Code   RO         9460    i.rti_board_start   components.o
    0x08003550   0x08003550   0x00000004   Code   RO         9461    i.rti_end           components.o
    0x08003554   0x08003554   0x00000004   Code   RO         9462    i.rti_start         components.o
    0x08003558   0x08003558   0x0000002a   Code   RO         9463    i.rtthread_startup  components.o
    0x08003582   0x08003582   0x00000026   Code   RO         9762    i.skip_atoi         kservice.o
    0x080035a8   0x080035a8   0x00000018   Data   RO           15    .constdata          system_stm32f4xx.o
    0x080035c0   0x080035c0   0x00000122   Data   RO         9764    .constdata          kservice.o
    0x080036e2   0x080036e2   0x00000002   PAD
    0x080036e4   0x080036e4   0x00000004   Data   RO         9464    .rti_fn.0           components.o
    0x080036e8   0x080036e8   0x00000004   Data   RO         9465    .rti_fn.0.end       components.o
    0x080036ec   0x080036ec   0x00000004   Data   RO         9466    .rti_fn.1.end       components.o
    0x080036f0   0x080036f0   0x00000004   Data   RO         9467    .rti_fn.6.end       components.o
    0x080036f4   0x080036f4   0x00000020   Data   RO        10413    Region$$Table       anon$$obj.o


    Execution Region RW_IRAM1 (Exec base: 0x20000000, Load base: 0x08003714, Size: 0x00002788, Max: 0x00020000, ABSOLUTE)

    Exec Addr    Load Addr    Size         Type   Attr      Idx    E Section Name        Object

    0x20000000   0x08003714   0x00000004   Data   RW           16    .data               system_stm32f4xx.o
    0x20000004   0x08003718   0x00000009   Data   RW          277    .data               stm32f4xx_hal.o
    0x2000000d   0x08003721   0x00000003   PAD
    0x20000010   0x08003724   0x00000008   Data   RW         8553    .data               main.o
    0x20000018   0x0800372c   0x00000004   Data   RW         9415    .data               clock.o
    0x2000001c   0x08003730   0x00000001   Data   RW         9711    .data               irq.o
    0x2000001d   0x08003731   0x00000003   PAD
    0x20000020   0x08003734   0x00000018   Data   RW         9920    .data               mem.o
    0x20000038   0x0800374c   0x00000040   Data   RW         9984    .data               object.o
    0x20000078   0x0800378c   0x00000018   Data   RW        10053    .data               scheduler.o
    0x20000090   0x080037a4   0x0000000c   Data   RW        10257    .data               timer.o
    0x2000009c   0x080037b0   0x00000010   Data   RW        10351    .data               cpuport.o
    0x200000ac        -       0x00000040   Zero   RW         9230    .bss                bsp_debug_usart.o
    0x200000ec        -       0x00000040   Zero   RW         9316    .bss                bsp_advance_tim.o
    0x2000012c        -       0x00002000   Zero   RW         9359    .bss                board_init.o
    0x2000212c        -       0x00000178   Zero   RW         9533    .bss                idle.o
    0x200022a4        -       0x00000080   Zero   RW         9763    .bss                kservice.o
    0x20002324        -       0x00000020   Zero   RW         9919    .bss                mem.o
    0x20002344        -       0x00000040   Zero   RW        10052    .bss                scheduler.o
    0x20002384   0x080037c0   0x00000004   PAD
    0x20002388        -       0x00000400   Zero   RW            1    STACK               startup_stm32f407xx.o


==============================================================================

Image component sizes


      Code (inc. data)   RO Data    RW Data    ZI Data      Debug   Object Name

       428         36          0          0       8192      35094   board_init.o
       124         12          0          0         64       2533   bsp_advance_tim.o
       236         16          0          0         64       2261   bsp_debug_usart.o
       284         16          0          0          0       2005   bsp_key.o
       244         20          0          0          0       1226   bsp_led.o
        60         12          0          4          0       1517   clock.o
       186         28         16          0          0       7164   components.o
       272         26          0          0          0        908   context_rvds.o
       348        166          0         16          0       4038   cpuport.o
       220         30          0          0        376       5750   idle.o
       392          0          0          0          0       8961   ipc.o
        64         12          0          1          0       1990   irq.o
      1684        164        290          0        128       9988   kservice.o
       352        158          0          8          0       7687   main.o
       956        224          0         24         32       4540   mem.o
       282          4          0         64          0       8824   object.o
       530         88          0         24         64       9118   scheduler.o
        36          8        392          0       1024       1032   startup_stm32f407xx.o
       100         22          0          9          0       3835   stm32f4xx_hal.o
       264         14          0          0          0      34244   stm32f4xx_hal_cortex.o
       528         46          0          0          0       2607   stm32f4xx_hal_gpio.o
      1732         84          0          0          0       6188   stm32f4xx_hal_rcc.o
       726         46          0          0          0       7266   stm32f4xx_hal_tim.o
         4          0          0          0          0       1845   stm32f4xx_hal_tim_ex.o
      1308          8          0          0          0       4172   stm32f4xx_hal_uart.o
       112         26          0          0          0     687677   stm32f4xx_it.o
       100         18         24          4          0     690951   system_stm32f4xx.o
       776         36          0          0          0      13047   thread.o
       732         20          0         12          0      12408   timer.o

    ----------------------------------------------------------------------
     13096       1340        756        172       9948    1578876   Object Totals
         0          0         32          0          0          0   (incl. Generated)
        16          0          2          6          4          0   (incl. Padding)

    ----------------------------------------------------------------------

      Code (inc. data)   RO Data    RW Data    ZI Data      Debug   Library Member Name

         0          0          0          0          0          0   entry.o
         0          0          0          0          0          0   entry10a.o
         0          0          0          0          0          0   entry11a.o
         8          4          0          0          0          0   entry2.o
         4          0          0          0          0          0   entry5.o
         0          0          0          0          0          0   entry7b.o
         0          0          0          0          0          0   entry8b.o
         8          4          0          0          0          0   entry9a.o
        30          0          0          0          0          0   handlers.o
        36          8          0          0          0         68   init.o
        30          0          0          0          0         68   llshl.o
        32          0          0          0          0         68   llushr.o
        98          0          0          0          0         92   uldiv.o

    ----------------------------------------------------------------------
       248         16          0          0          0        296   Library Totals
         2          0          0          0          0          0   (incl. Padding)

    ----------------------------------------------------------------------

      Code (inc. data)   RO Data    RW Data    ZI Data      Debug   Library Name

       246         16          0          0          0        296   mc_w.l

    ----------------------------------------------------------------------
       248         16          0          0          0        296   Library Totals

    ----------------------------------------------------------------------

==============================================================================


      Code (inc. data)   RO Data    RW Data    ZI Data      Debug   

     13344       1356        756        172       9948    1565524   Grand Totals
     13344       1356        756        172       9948    1565524   ELF Image Totals
     13344       1356        756        172          0          0   ROM Totals

==============================================================================

    Total RO  Size (Code + RO Data)                14100 (  13.77kB)
    Total RW  Size (RW Data + ZI Data)             10120 (   9.88kB)
    Total ROM Size (Code + RO Data + RW Data)      14272 (  13.94kB)

==============================================================================

